linux301_mutimedia





========================================
Pandoc: A universal document converter 文档格式转换的瑞士军刀
----------------------------------------
安装
$ sudo apt-get install pandoc
或者，如果你已经安装了 Anaconda，那么你可以直接使用 Pandoc 了。该程序已经被集成到 Anaconda 中。

查看版本号
$ pandoc --version
pandoc 1.19.2.1
Compiled with pandoc-types 1.17.0.4, texmath 0.9, skylighting 0.1.1.4
Default user data directory: /home/wangjl/.pandoc
Copyright (C) 2006-2016 John MacFarlane
Web:  http://pandoc.org
This is free software; see the source for copying conditions.
There is no warranty, not even for merchantability or fitness
for a particular purpose.


1. 转换md为html
pandoc demo.md -c style.css -o demo.html
或者把css包含到最终的html中
pandoc demo.md --self-contained -c style.css -o demo.html


2. md to docx 
3. md to pdf //todo
pandoc test.md -o test.pdf
$ pandoc VueJS.md -o VueJS.pdf




==> LaTeX 参考 Illustrator/LaTex 专题。
(1)安装 Tex, 否则报错 pandoc: pdflatex not found. pdflatex is needed for pdf output.


######## try2 failed!
## sudo apt install texlive texlive-xetex latex-cjk-all texmaker # 为了兼容中文。若磁盘空间够大，可以安装 texlive-full
安装 Latex 环境:
$ sudo apt-get install texlive-full #听说这个full版本的5G大！就为了安装一个LeX环境，作为md to pdf的中转。


########### Haskell 貌似没啥用！
安装 Haskell 平台
$ sudo apt-get install haskell-platform

配置环境变量 vim ~/.bashrc
$ export PATH="~/.cabal:$PATH"

安装 pandoc
$ cabal update
$ cabal install pandoc
# or cabal install pandoc --force-reinstalls

安装 filter (插件)
$ cabal install pandoc-crossref #安装 pandoc 交叉引用支持
$ cabal install pandoc-citeproc #安装 pandoc 参考文献支持
###########



## 为Ubuntu安装微软雅黑字体
将Windows 10 C:\Windows\Fonts 目录下的微软雅黑字体拷贝到 /usr/share/fonts/truetype/windowsfont/, 其中 windowsfont 目录为新建，命名任意。然后：
$ sudo mkfontscale
$ sudo mkfontdir
$ sudo fc-cache -fv
之后重启系统?
我没找到这个字体，所以这一步没做。


报错：
$ pandoc VueJS.md -o VueJS.pdf
This is pdfTeX, Version 3.14159265-2.6-1.40.20 (MiKTeX 2.9.7050)
Sorry, but pdflatex did not succeed.
The log file hopefully contains the information to get MiKTeX going again:
  /home/wangjl/.miktex/texmfs/data/miktex/log/pdflatex.log
pandoc: Error producing PDF

$ pandoc VueJS.md -o VueJS.pdf --latex-engine=xelatex
也报错
$ pandoc VueJS.md -o VueJS.pdf --latex-engine=pdflatex 





######## try 1 failed!
安装这1个估计就好了
$ sudo apt-get install texlive-xetex

这个貌似不起作用 https://miktex.org/download
## a. Register GPG key
$ sudo apt-key adv --keyserver hkp://keyserver.ubuntu.com:80 --recv-keys D6BC243565B2087BC3F897C9277A7293F59E4889

## b. Register installation source
## Ubuntu 18.04 LTS (Bionic Beaver):
echo "deb http://miktex.org/download/ubuntu bionic universe" | sudo tee /etc/apt/sources.list.d/miktex.list
## deb http://miktex.org/download/ubuntu bionic universe

## c. Install MiKTeX
sudo apt-get update
sudo apt-get install miktex

## Run miktexsetup to finish the setup
$ miktexsetup finish #自己用
$ sudo miktexsetup --shared=yes finish #共用



(2)
$ pandoc test.md -o outfile.pdf --latex-engine=xelatex -V mainfont="SimSun"

中文不显示，无解。
看来不能再linux上用了？






4. html to pdf 
1. 直接使用 pandoc
https://blog.csdn.net/m0_47696151/article/details/124322754

(1) 版本
$ pandoc --version
pandoc 1.19.2.4
Compiled with pandoc-types 1.17.0.5, texmath 0.9.4.4, skylighting 0.3.3.1
Default user data directory: /home/wangjl/.pandoc
Copyright (C) 2006-2016 John MacFarlane


(2) 缺少 xelatex? 缺少汉字支持？
$ pandoc -o /home/wangjl/data/web/docs/dustbin/index3a.pdf index2.html 
! Package inputenc Error: Unicode char 河 (U+6CB3)
(inputenc)                not set up for use with LaTeX.

See the inputenc package documentation for explanation.
Type  H <return>  for immediate help.
 ...                                              
                                                  
l.72 ...tion{河南省肿瘤医院中心实验室}

Try running pandoc with --latex-engine=xelatex.
pandoc: Error producing PDF


试试纯英文：可以。
$ pandoc -o index3a.pdf index3.html 
报错: (inputenc)                not set up for use with LaTeX.




$ sudo apt install texlive-xetex
$ which xelatex
/usr/bin/xelatex
$ pandoc -o index3a2.pdf index3.html --latex-engine=xelatex -V CJKmainfont=NSimSun
可以了。


实例：表格零散了
$ pandoc -o index3b.pdf /tmp/wkhtmltopdf/index2.html  --latex-engine=xelatex -V CJKmainfont=NSimSun
$ pandoc -o index3c.pdf /tmp/wkhtmltopdf/index2.html  --latex-engine=xelatex -V CJKmainfont=NSimSun -V mainfont='Times New Roman'
加上多种字体





(3) 怎么添加汉字支持？
## 为Ubuntu安装宋体字体
将Windows 10 C:\Windows\Fonts 目录下的微软雅黑字体拷贝到 /usr/share/fonts/truetype/windowsfont/, 其中 windowsfont 目录为新建，命名任意。
$ sudo mkdir /usr/share/fonts/truetype/windowsfont/
在win上传送到服务器: /home/wangjl/data/web/docs/dustbin/simsun.ttc
$ sudo cp /home/wangjl/data/web/docs/dustbin/simsun.ttc /usr/share/fonts/truetype/windowsfont/

同理添加英文字体 Times New Roman，是4个文件:
$ sudo cp /home/wangjl/data/web/docs/dustbin/times*.ttf /usr/share/fonts/truetype/windowsfont/


然后：
$ sudo mkfontscale
$ sudo mkfontdir
$ sudo fc-cache -fv  #更新系统字体缓存。


#查看中文字体
$ fc-list :lang=zh  
...
/usr/share/fonts/truetype/windowsfont/simsun.ttc: 新宋体,NSimSun:style=常规,Regular
...



(4) 测试中文版的
$ pandoc -o index3b.pdf --latex-engine=xelatex -V mainfont="simsun" /tmp/wkhtmltopdf/index2.html 
pandoc: xelatex not found. xelatex is needed for pdf output.

$ pandoc -o index3b.pdf -V mainfont="simsun" /tmp/wkhtmltopdf/index2.html 
还是同样报错。


安装latex
$ sudo apt-get install texlive texlive-science
安装中文语言包
$ sudo apt-get install latex-cjk-chinese


$ pandoc -o index3b.pdf  --latex-engine=texlive -V mainfont="simsun" /tmp/wkhtmltopdf/index2.html 
报错: pandoc: latex-engine must be pdflatex, lualatex, or xelatex.



(5) 测试用 wkhtmltopdf 导出
http://m.weizhi.cc/tech/detail-322290.html

$ wkhtmltopdf --version
wkhtmltopdf 0.12.4

$ pandoc -t html -o index3d.pdf /tmp/wkhtmltopdf/index2.html  --latex-engine=xelatex -V CJKmainfont=NSimSun -V mainfont='Times New Roman'
报错: pandoc: cannot produce pdf output with html writer
似乎已经不支持该参数了。


$ wkhtmltopdf /tmp/wkhtmltopdf/index2.html index4.pdf
qt.qpa.screen: QXcbConnection: Could not connect to display 
Could not connect to any X display.




refer:
官网： https://www.pandoc.org/
https://www.jianshu.com/p/6ba04f669d0b

Ubuntu 安装 Pandoc(插件) https://www.jianshu.com/p/697ae3fcd576

http://www.zale.site/articles/2016/05/Academia-Writing-Using-Markdown-and-Pandoc.html













========================================
|-- docker 版: 拉取失败 //todo
----------------------------------------
2. 尝试镜像
(1) 下载镜像
$ docker search xelatex
$ docker pull kitakami/xelatex

https://it.caolu.xin/v/9n9ihe/
$ docker pull wrm244/sharelatex:with-texlive-full

https://blog.ftliang.com/2021/08/19/overleaf.html
$ docker pull kingsleyluoxin/sharelatex:full  下载失败

(2) 启动包














========================================
ImageMagick: Linux 下用convert制作gif图片动画
----------------------------------------
https://blog.csdn.net/qwsamxy/article/details/50530900

1.ImageMagick包
sudo apt-get install imagemagick


2.实例

(1)常规使用
$ convert -delay 50 *.jpg c.gif
delay 是 gif 显示图形的间隔，单位是10ms, 50是 500 ms.
上述的命令把本地的jpg转换成 c.gif 文件。


$ convert -delay 0 *.bmp -loop 0 animated.gif
//      将当前目录下所有的bmp文件合成一个gif图片动画, 每帧间隔0ms, 重复播放。
//      -delay n     迟延n*10毫秒
//      -loop  n     播放n轮, 0表示不断地重复播放


$ convert -delay 50 frame1.gif frame1.gif frame1.gif -loop 0 animated.gif
//      将当前目录下的frame1.gif文件制作成animated.gif动画，其中3个frame1.gif作为一组，进行循环播放，延迟500毫秒。

$ convert -delay 50 frame1.gif -delay 100 frame1.gif -delay 150 frame1.gif -loop 0 -pause 200 animated.gif
//      在一轮播放之后暂停200毫秒，再进行下一轮播放。

$ convert anim1.gif anim2.gif combined.gif
//      将两个动画文件合并成一个。



(2)倒着播放gif：Reversing Animations - making animations run backward, or cycle
As of IM v6.3.3, the "-reverse" image sequence operator was added (see Reverse Operator for more details). 
This allows you very simply reverse the order of a coalesced animation sequence.
For example here I make a 'hand draw k' animation become undrawn!

$ convert script_k.gif -coalesce -reverse \
          -quiet -layers OptimizePlus  -loop 0 reversed.gif


I had to re-add the "-loop" option to the above as this needs to be attached to the first image, which is now the last image! The result could also use some timing adjustments, but as you can see it now 'undraws' the letter!
Be sure to "-coalesce" the image sequence before reversing it, as any Frame Optimizations present are dependant on the image order. Better to remove those optimizations first.


3.附：格式转换
https://blog.csdn.net/wonengguwozai/article/details/53122629
convert 转换图像格式和大小，模糊，裁剪，驱除污点，抖动，临近，图片上画图片，加入新图片，生成缩略图等。



$ mogrify -resize 640x480 *.jpg
//      将当前目录下所有的jpg文件缩为为640x480分辨率




4.我用的png转gif的
$ cat a.sh
convert -delay 0 *.png ~/web/a1.gif
convert ~/web/a1.gif -coalesce -reverse -quiet -layers OptimizePlus -loop 0 ~/web/a2.gif
convert ~/web/a1.gif ~/web/a2.gif ~/web/a3.gif





refer:
https://imagemagick.org/Usage/
http://www.imagemagick.org/Usage/anim_mods/#reverse






========================================
ffmpeg 处理图片/图像
----------------------------------------
1. A complete, cross-platform solution to record, convert and stream audio and video.
FFmpeg https://ffmpeg.org/download.html

Converting video and audio has never been so easy.
$ ffmpeg -i input.mp4 output.avi

文档: https://ffmpeg.org/documentation.html


FFmpeg源码分析：图像常用操作 https://blog.csdn.net/tonychan129/article/details/127033199
推荐收藏】FFmpeg最全教程-音视频开发 https://zhuanlan.zhihu.com/p/554388535
音视频 https://zhuanlan.zhihu.com/p/447798799
视频转图片 https://zhuanlan.zhihu.com/p/111152171




ref:
https://www.bilibili.com/read/cv14308061
https://blog.csdn.net/davidullua/article/details/120562737




========================================
|-- linux中将video转换成gif: ffmpeg + imagemagick
----------------------------------------
适合录屏之后转gif动画，方便ppt中不依赖播放器的演示。
步骤：从视频中截屏画面，把图转为gif

一、安装ffmpeg
## sudo add-apt-repository ppa:mc3man/trusty-media
## sudo apt-get update
sudo apt-get install ffmpeg
　　

二、安装imagemagick
sudo apt-get install imagemagick


三、将video转换成frame
ffmpeg -ss 0 -i aa.mp4 -to 17 -r 5 frame%02d.jpg

　　参数说明：
　　　　ss: 是截取的起始位置，可以是一个绝对位置如：00:00:12
　　　　to: 是截取的结束位置，可以是一个绝对位置如：00:00:12
　　　　i: 视屏路径
　　　　r: 比率值越大截取的frame就越多 
　　　　%02d: 两位数字，生成的文件名类似 frame01.jpg frame02.jpg 


四、将frame打包成gif
convert -delay 5 -loop 0 frame*.jpg output.gif
　　参数说明：
　　　　delay: 表示1秒内显示多少帧
　　　　loop: 循环（0表示无限循环)

五、缩放
mogrify -resize 360x200 xx.gif
mogrify -resize 360 xx.gif
	表示缩放为360像素，差不多微信宽度了。


refer:
https://www.cnblogs.com/xwgblog/p/5091799.html




========================================
|-- 截取图片 cropping
----------------------------------------

2. 截取图片 cropping
To get the a part  of an image ffmpeg can be use

$ ffmpeg -i input.png -vf  "crop=w:h:x:y" input_crop.png
where -vf  video filter
w : width , h height , x and y are the left top coordinates of image
 

例:
$ ls -lth
total 124M
-rw-rw-r-- 1 wangjl wangjl 282K Oct  3 19:54 snow_forest.jpg

$ ffmpeg -i snow_forest.jpg -vf  "crop=400:200:0:0" snow_forest_crop.png
$ ffmpeg -i snow_forest.jpg -vf  "crop=400:200:0:20" snow_forest_crop0_20.png
$ ffmpeg -i snow_forest.jpg -vf  "crop=400:200:20:0" snow_forest_crop20_0.png
$ ffmpeg -i snow_forest.jpg -vf  "crop=400:200:100:0" snow_forest_crop100_0.png
$ ffmpeg -i snow_forest.jpg -vf  "crop=400:200:200:0" snow_forest_crop200_0.png
$ ffmpeg -i snow_forest.jpg -vf  "crop=400:200:300:0" snow_forest_crop300_0.png

https://blog.csdn.net/tonychan129/article/details/127033199











========================================
|-- 缩放 Image Scaling
----------------------------------------
3. 缩放 1) Image Scaling 

(1) 缩小尺寸
For reducing or increasing size of an image we can use ffmpeg  by this command
$ ffmpeg - i input.png -vf scale=w:h output.png  
where  -i is input parameter,  w is width of image in pixels ,  h  is height of image in pixels and output.png output file name

例: 产生一个 800px 宽，200px高的图片，长宽比可能已经破坏
$ ffmpeg -i snow_forest.jpg -vf scale=800:200 snow_forest_resize.png

例: 如果想保持长宽比
$ ffmpeg -i snow_forest.jpg -vf scale=800:ih*800/iw snow_forest_resize2.png

例: 如果想改变长宽比，比如改为1:1 （失败）
$ ffmpeg -i snow_forest.jpg -vf scale="'if(gt(a,1/1),800,-1)':'if(gt(a,1/1),-1,200)'" snow_forest_resize3.png

$ ffmpeg -i snow_forest.jpg -vf scale="'if(gt(a,1/1),320,-1)':'if(gt(a,1/1),-1,240)'" output.png


reference https://trac.ffmpeg.org/wiki/Scaling%20(resizing)%20with%20ffmpeg





========================================
|-- ffmpeg 压缩 png 图片
----------------------------------------
1. 普通压缩

(1) jpg 压缩：压缩质量-q
图片压缩：ffmpeg可以很完美的压缩图片生成新图片，并可以设置压缩等级

$ ffmpeg -i image_source -q compress_level out_source
#compress_level：压缩等级为正整数，数值越大压缩等级越高

例
$ ffmpeg -i snow_forest.jpg -compression_level 90 out_source.jpg

PNG是无损的,因此无法控制质量。要输出jpg。

使用-qscale:v(或别名-q:v)作为输出选项.JPEG的有效范围是2-31,其中31是最差的质量.我建议尝试2-5的值.
$ ffmpeg -i snow_forest.jpg -q 31 out_source.jpg
$ ffmpeg -i snow_forest.jpg -q 3 out_source3.jpg



-r 分辨率：效果不大
$ ffmpeg -i snow_forest.jpg -q 31 -r 72 out_source4.jpg




2. 尝试压缩颜色空间
该方法可以产生特殊颜色风格的图片。
(1) 
$ ffmpeg -hide_banner -i 001.png -pix_fmt pal8 out_001.png
317K -> 89K
效果看起来很差，于是我想到了降噪

(2). 压缩
$ ffmpeg -hide_banner -i 001.png -pix_fmt pal8  -vf dctdnoiz=4.5 -y out_002.png
2D DCT降噪 但好像没什么效果  看来原因并不是这样的 91K


(3).【推荐 两步法 能缩小50%以上】优化一下调色板
通过颜色空间压缩图片：算是最强力的压缩了
$ ffmpeg -i 001.png -vf palettegen=max_colors=256:stats_mode=single -y out_003.png
994，竟然不到1K
这里的输出结果是一个调色板 并不是完整图像 由于这是单张静图所以mode使用的是single
这个参数有几种具体区别可以看文档 http://ffmpeg.org/ffmpeg-all.html#palettegen-1

再用优化过的调色板去转换 得到结果 116 KB
$ ffmpeg -i 001.png -i out_003.png -lavfi "[0][1:v] paletteuse" -pix_fmt pal8 -y out_004.png
114K 

至此，效果上已经可以接受了, 为原来的35%大小。


例: source: binary_float.png 81.6k

step0: 先裁切掉左侧4像素，去掉边缘杂色
$ mv binary_float.png binary_float-raw.png
$ ffmpeg -i binary_float-raw.png -vf  "crop=953:526:1:1" binary_float.png

step1: 提取颜色子集
$ ffmpeg -i binary_float.png -vf palettegen=max_colors=16:stats_mode=single -y tmp_colorSet.png
step2: 应用这5颜色
$ ffmpeg -i binary_float.png -i tmp_colorSet.png -lavfi "[0][1:v] paletteuse" -pix_fmt pal8 -y out_2.png
要目测是否清晰，尤其是颜色重叠区域


step3: 使用jpg压缩
$ ffmpeg -i out_2.png -compression_level 100 out_3.png
$ ffmpeg -i out_2.png -compression_level 100 out_3.jpg  #更大








========================================
ffmpeg 处理 声音
----------------------------------------
1. 声音格式简介

(1) m4a vs mp3
m4a是MPEG-4音频标准文件的扩展名，mp3是MPEG-3音频标准的扩展名；
m4a属于苹果格式，mp3是所有设备的通用格式；
m4a属于高品质压缩类型的音乐文件，而mp3则是低品质有损压缩；
m4a音频文件大小比MP3要大得多；













========================================
|-- 声音格式转换
----------------------------------------
1. 使用 ffmpeg 转换 m4a 为 mp3

(1) 下载音乐
https://music.163.com/
只要可以试听，就可以尝试在
F12 Network 看到这个的下载痕迹，选中链接 - 新窗口打开即可下载。


(2) 转换格式
$ ffmpeg -i "abc.m4a" -y -acodec libmp3lame -aq 0 "xyz.mp3"

感觉 mp3 更占用空间，那还是保存 m4a 格式吧。
$ ls -lth
total 7.4M
-rw-rw-r-- 1 wangjl wangjl 5.3M Dec 14 20:17 被遗忘的时光-无间道主题曲-蔡琴.mp3
-rw-rw-r-- 1 wangjl wangjl 2.2M Dec 14 20:16 被遗忘的时光-无间道主题曲-蔡琴.m4a



其他格式转换:
$ ffmpeg -i "abc.wav" -y -acodec libmp3lame -aq 0 "xyz.mp3"













ref: https://www.zhangbj.com/p/991.html








========================================
base64 编码 与 png图片的互转
----------------------------------------

问题：原图是灰黑的 base64，怎么变成彩图呢？

<img class="codeicon codeicon-36" height="36" width="36" src="data:image/png;base64,iVBORw0KGgoAAAANSUhEUgAAACAAAAAgCAYAAABzenr0AAAAGXRFWHRTb2Z0d2FyZQBBZG9iZSBJbWFnZVJlYWR5ccllPAAAAPhJREFUeNpiYCAP9APxfyjuZ6AzmI9kOQzPH0jL6eYIBSB+j8cBNHVEApQ2GAhHzEczmK6OmI/DYJAj9gPxeVo6Yj6RBifQwhHzCQQxOqBqSBCyHIQFSHAASY4gxnKYgciOoErCJNZyGHZA0kexI0i1HNkBFGfRfjIsR3cANoML8OhFqcD+U8kByGLEhCwYMNG4/vhAat1OaQisJzJn9FM7ESLj+9Bi+j2tc4IDGWmIamXBfWj7gJhSkCaloQKSegFaVM+kVkb76V0jOqCldrq3Cd5Ds1IDOamdFtUz3dqFA2I5KY6ged9gQDsmg6JrNig6p8MLAAQYAI6ioFz11GJtAAAAAElFTkSuQmCC">

最好是直接修改原来的字符串，可是看不懂怎么修改。
只好先str 2 img, 修改好再 img 2 str。



1. 字符串变图片
$ echo iVBORw0KGgoAAAANSUhEUgAAACAAAAAgCAYAAABzenr0AAAAGXRFWHRTb2Z0d2FyZQBBZG9iZSBJbWFnZVJlYWR5ccllPAAAAPhJREFUeNpiYCAP9APxfyjuZ6AzmI9kOQzPH0jL6eYIBSB+j8cBNHVEApQ2GAhHzEczmK6OmI/DYJAj9gPxeVo6Yj6RBifQwhHzCQQxOqBqSBCyHIQFSHAASY4gxnKYgciOoErCJNZyGHZA0kexI0i1HNkBFGfRfjIsR3cANoML8OhFqcD+U8kByGLEhCwYMNG4/vhAat1OaQisJzJn9FM7ESLj+9Bi+j2tc4IDGWmIamXBfWj7gJhSkCaloQKSegFaVM+kVkb76V0jOqCldrq3Cd5Ds1IDOamdFtUz3dqFA2I5KY6ged9gQDsmg6JrNig6p8MLAAQYAI6ioFz11GJtAAAAAElFTkSuQmCC | base64 -d > a.png

$ ls -lth
total 44K
-rw-rw-r-- 1 wangjl wangjl 342 Oct 27 11:25 a.png

(2) 使用PS修改灰黑为橙黄 #F54D27 == rgb(245,77,39) 后保存
-rw-rw-r-- 1 wangjl wangjl 449 Oct 27 13:42 a2.png





2. 图片变字符串
$ base64 a2.png
iVBORw0KGgoAAAANSUhEUgAAACAAAAAgCAYAAABzenr0AAABiElEQVRYhe2Wu23DMBBAnw13aZQN
3KXVCPYAATyCNEGcSaINpA1SZIGMkDZVPIJTpE8hUrgIJHV3VpkDCFASfe+Bn6M3P48POOIFOId+
BzxbE9y9fQKwdcB7ASf0e0cel0APNIn3jVfCIrAHToXvLgmtQANcgCNwXVNCI9CL9rG2xJKAXPOY
OEq8h/5NEjslXCYGaINECSbHZiM3A7ndTuL9wA0zkRIowWNUC9/VEnMBDRzGSiglWpwbUwpo4TFh
LX7nPh1RwALPJXZJbBmn0wtPSdwDG/IXVBOYk8A5M9AjcRDPHeMJScXE9NyGligtxyTQrQh8Ev2a
/NJOzB3jWlWFwZY4AV+MF1dNul4MiP0RS3Esl2tI7ENLxcCsNMs90JLfNPO4hAb5MrwInwtYJI5C
YOnsZ+EpAa3ERfSvlGchC88JaCQOol/PntVwKP8fKG3M15D8m79HzwRfEihJVJQrqAoOukpoOR0m
uFbAImGCWwQ0Ema4VaAk4YJ7BKKEvMA6L/w/AH4BS9VhfGipu0QAAAAASUVORK5CYII=


$ base64 a2.png | xargs | sed 's/ //g'
iVBORw0KGgoAAAANSUhEUgAAACAAAAAgCAYAAABzenr0AAABiElEQVRYhe2Wu23DMBBAnw13aZQN3KXVCPYAATyCNEGcSaINpA1SZIGMkDZVPIJTpE8hUrgIJHV3VpkDCFASfe+Bn6M3P48POOIFOId+BzxbE9y9fQKwdcB7ASf0e0cel0APNIn3jVfCIrAHToXvLgmtQANcgCNwXVNCI9CL9rG2xJKAXPOYOEq8h/5NEjslXCYGaINECSbHZiM3A7ndTuL9wA0zkRIowWNUC9/VEnMBDRzGSiglWpwbUwpo4TFhLX7nPh1RwALPJXZJbBmn0wtPSdwDG/IXVBOYk8A5M9AjcRDPHeMJScXE9NyGligtxyTQrQh8Ev2a/NJOzB3jWlWFwZY4AV+MF1dNul4MiP0RS3Esl2tI7ENLxcCsNMs90JLfNPO4hAb5MrwInwtYJI5CYOnsZ+EpAa3ERfSvlGchC88JaCQOol/PntVwKP8fKG3M15D8m79HzwRfEihJVJQrqAoOukpoOR0muFbAImGCWwQ0Ema4VaAk4YJ7BKKEvMA6L/w/AH4BS9VhfGipu0QAAAAASUVORK5CYII=






3. 使用 html5 canvas 转换

目测转后字符串比使用命令行要长一行: 

data:image/png;base64,iVBORw0KGgoAAAANSUhEUgAAACMAAAAjCAYAAAAe2bNZAAAAAXNSR0IArs4c6QAAAgBJREFUWEftl1FOwkAQhmfaRGPABG6AD1oeOYK8mtTgDfAEwknwBvQIJPUdb+Ar+GJvICaAkQTGbLVA6W67s10SH9wnHjq73/4z+8+AYLDmvjdAgJ4IJYDHajjtG2yTCUHuJgv/agiA3XQcBZXw9Z671+H3LBg5SLJleSBtmM9Os7FZ0wsA1NQKlAPSgpn7zW41nATzm8sWus74WECFMLvU/Nz6mEC5MNka2QE5rjMghBoQtORp46dMCaMu1vQhIoUINLQBJIXJfzUAlXCailvcei82FMrAFIEIBVbuV70+imaJGvkwsTVq+VD6hlJDkyWAgpW76idAtop6C6OjyD7WhrB9/jR5FnG2XlkMwwURMTsYj5I0lFUI95sep7ekYbJ1sfS9HgEMpElWNFdc+OJm/JWF2am1LeycGjx8kSLmqDB5qkth7KUp1mNUCad34kde/ahmIEsFnEpzhAARQdwmJB1e7TkWnjan5vLNz9D0IHJcbJ+NJlGx++oPX0btwHHxQoCIY947jdrJ+vTNxoxjpVEufW9MANdlO7fBCJH2k99XI8ZRydJrkEkgc7janjcjgAARP4DogftqVBbLGDs5Ls1TREsZHVvPIpqBxO1A9756nd0chAVTPGqUA2HDqIHKgxjBxE3wr/zx160xk++0C9hkc27MP4yxA3OlLvP9N0nhYDOk0MsLAAAAAElFTkSuQmCC


(1) 保存为 a1.html，使用chrome 浏览器打开
<!DOCTYPE html>
<html>
	<head>
		<meta charset="utf-8">
		<title></title>

	</head>
	<body>
		<canvas id="myCanvas" width="35" height="35"></canvas>
		<canvas id="myCanvas2" width="35" height="35"></canvas>
		<br>
		<button id='filter2'>filter2 获取单个通道</button>
		
		<script>
var imgbase64 =
	"data:image/jpeg;base64,iVBORw0KGgoAAAANSUhEUgAAACAAAAAgCAYAAABzenr0AAAAGXRFWHRTb2Z0d2FyZQBBZG9iZSBJbWFnZVJlYWR5ccllPAAAAPhJREFUeNpiYCAP9APxfyjuZ6AzmI9kOQzPH0jL6eYIBSB+j8cBNHVEApQ2GAhHzEczmK6OmI/DYJAj9gPxeVo6Yj6RBifQwhHzCQQxOqBqSBCyHIQFSHAASY4gxnKYgciOoErCJNZyGHZA0kexI0i1HNkBFGfRfjIsR3cANoML8OhFqcD+U8kByGLEhCwYMNG4/vhAat1OaQisJzJn9FM7ESLj+9Bi+j2tc4IDGWmIamXBfWj7gJhSkCaloQKSegFaVM+kVkb76V0jOqCldrq3Cd5Ds1IDOamdFtUz3dqFA2I5KY6ged9gQDsmg6JrNig6p8MLAAQYAI6ioFz11GJtAAAAAElFTkSuQmCC";
	//*****为base64
let img = new Image();
img.src = imgbase64;

var canvas1 = document.getElementById("myCanvas");
var ctx1=canvas1.getContext('2d');

var canvas2 = document.getElementById("myCanvas2");
var ctx2=canvas2.getContext('2d');

//根据滤镜名字处理图像
function filterImage(filterName){
	//1.获取 ctx1.getImageDate(x,y, width,height) 返回值为对象:包括键 width,height,data;
	var imageData=ctx1.getImageData(0,0, canvas1.width, canvas1.height);
	
	//2.修改imageData;
	imageData=filterName(imageData);
	
	//3.放置到右侧 ctx2.putImageData(imageData, dx,dy, dirtyX,dirtyY,dirtyW,dirtyH);
	//其中 dx,dy是要放入destination画布的位置，而dirtyX,dirtyY是source的位置
	//注意：放入的位置是x=dx+dirtyX, y=dy+dirtyY;
	ctx2.putImageData(imageData, 0,0, 0,0,canvas2.width,canvas2.height);//放置原图
}


img.onload = function() {
	ctx1.drawImage(img, 0, 0);
	
	//橙线: 一般虚线
	ctx2.beginPath();
	ctx2.lineWidth=2;
	ctx2.strokeStyle="orange";

	ctx2.setLineDash([5,3]);
	


	
function filter1(imageData){
	console.log('imageData=', imageData); //是一维数组，4位为一个像素，分别对应着rgba四个值;
	return(imageData);
}

//定义滤镜2: 获取单个通道
function filter2(imageData){
	//console.log('fiter2 imageData.data=', imageData); //是一维数组，4位为一个像素，分别对应着rgba四个值;
	//第i个像素的值是 r=pixelData[4*i+0]; g是+1,b是+2,a是+3; 
	//第x行第y列的像素编号是 i=x*width+y;
	var pixelData=imageData.data;
	for(var x=0;x<imageData.width;x++){
		for(var y=0;y<imageData.height;y++){
			//计算像素编号
			var i=x*imageData.width+y;
			//获取rgba值:
			var r=pixelData[4*i+0], g=pixelData[4*i+1], b=pixelData[4*i+2], a=pixelData[4*i+3];
			//简单修改，只保留1个通道，其他通道归零
			//console.log(r,g,b,a)
			pixelData[4*i+0]=245;
			pixelData[4*i+1]=77;
			pixelData[4*i+2]=39;
			pixelData[4*i+3]=a;
		}
	}
	imageData.data=pixelData;
	return(imageData);
}

filterImage(filter2);

base64Str  = canvas2.toDataURL('image/png');
console.log(base64Str)
};
</script>
</body>
</html>


(2) 按 F12 打开控制行，刷新
data:image/png;base64,iVBORw0KGgoAAAANSUhEUgAAACMAAAAjCAYAAAAe2bNZAAAAAXNSR0IArs4c6QAAAgBJREFUWEftl1FOwkAQhmfaRGPABG6AD1oeOYK8mtTgDfAEwknwBvQIJPUdb+Ar+GJvICaAkQTGbLVA6W67s10SH9wnHjq73/4z+8+AYLDmvjdAgJ4IJYDHajjtG2yTCUHuJgv/agiA3XQcBZXw9Z671+H3LBg5SLJleSBtmM9Os7FZ0wsA1NQKlAPSgpn7zW41nATzm8sWus74WECFMLvU/Nz6mEC5MNka2QE5rjMghBoQtORp46dMCaMu1vQhIoUINLQBJIXJfzUAlXCailvcei82FMrAFIEIBVbuV70+imaJGvkwsTVq+VD6hlJDkyWAgpW76idAtop6C6OjyD7WhrB9/jR5FnG2XlkMwwURMTsYj5I0lFUI95sep7ekYbJ1sfS9HgEMpElWNFdc+OJm/JWF2am1LeycGjx8kSLmqDB5qkth7KUp1mNUCad34kde/ahmIEsFnEpzhAARQdwmJB1e7TkWnjan5vLNz9D0IHJcbJ+NJlGx++oPX0btwHHxQoCIY947jdrJ+vTNxoxjpVEufW9MANdlO7fBCJH2k99XI8ZRydJrkEkgc7janjcjgAARP4DogftqVBbLGDs5Ls1TREsZHVvPIpqBxO1A9756nd0chAVTPGqUA2HDqIHKgxjBxE3wr/zx160xk++0C9hkc27MP4yxA3OlLvP9N0nhYDOk0MsLAAAAAElFTkSuQmCC







========================================
linux 下的 BT 下载: 使用种子文件下载数据 qbittorrent
----------------------------------------
1. 使用 utunbu 20.04虚拟机

(1) 上传种子文件
George R. R. Martin - A Song of Ice and Fire. Books 1-5, novellas.torrent
改名为 Martin_audio.torrent
-rw-r--r-- 1 root root 73K Oct 15 16:33 Martin_audio.torrent


(2) 安装软件
$ sudo apt install qbittorrent
## sudo yum install qbittorrent.x86_64 #for centOS7

(3) 开始下载
打开图形界面，输入 qbittorrent
选择 种子文件，选择下载地址，回车。
等待下载完成。


# 备选项
(4) 下载完使用 scp 转移到物理机。
$ scp -r 'George R. R. Martin - A Song of Ice and Fire. Books 1-5, novellas. Read by Roy Dotrice et al.'/* wangjl@y.biomooc.com:/home/wangjl/data/web/docs/audio/RR_Martin/

(5) 虚拟机返回上一个时间点，丢弃所做更改。





ref:
https://www.cnblogs.com/lovepipi/p/4009514.html







========================================
[使用CentOS7.9] dot 生成流程图
----------------------------------------
dot 命令在 graphviz 包中:
$ sudo yum install graphviz

测试
$ which dot
/usr/bin/dot
$ dot -V
dot - graphviz version 2.30.1 (20201013.1554)


创建文件
$ vim test.dot
digraph G {
	rankdir=LR;
	a -> b;
	b -> c;
	subgraph x{
		rank=same;
		b->d;
	}
	subgraph y{
		//rank = same;
		d->e;
	}
	subgraph z{
		rank=same;
		c->e;
	}
}

生成图片
$ dot test.dot -Tpng -o test.png


查看图片
下载查看，或者使用web服务查看。




========================================
----------------------------------------


========================================
----------------------------------------



========================================
----------------------------------------



========================================
----------------------------------------



========================================
----------------------------------------


========================================
----------------------------------------



========================================
----------------------------------------



========================================
----------------------------------------



========================================
----------------------------------------


========================================
----------------------------------------



========================================
----------------------------------------



========================================
----------------------------------------



========================================
----------------------------------------


========================================
----------------------------------------



========================================
----------------------------------------



========================================
----------------------------------------



========================================
----------------------------------------


========================================
----------------------------------------



========================================
----------------------------------------



