git常用场景


版本管理三国志 (CVS, Subversion, git)解答了为什么选择git？
http://www.cnblogs.com/vamei/archive/2013/02/21/2918069.html


========================================
文整理了git操作中常用的命令，使用场景及命令持续补充中。。。
----------------------------------------

一. 初始化一个Git仓库，添加文件到该仓库
操作步骤：
1. 创建一个文件夹gitTest，进入该文件夹，执行git init命令。
2. 添加文件到git仓库，使用git add <file>添加，git commit提交。

二. 查看提交记录
操作步骤：
1. 进入gitTest文件夹，执行git log命令，如果内容过多可以采用 git log --pretty=oneline

三. 如何回退到指定版本
HEAD^表示上一个版本，HEAD^^表示上上个版本，HEAD~100，表示上100个版本
操作步骤：
1.进入gitTest文件夹，执行git log命令，查看commit信息，得到commit命令的Id,
执行 git reset --hard <commitId>就可以穿越到指定版本。

四. 如何查看命令的历史
操作步骤：
1. 执行git reflog查看命令历史

五. 当你在工作区改错了文件，想直接丢弃工作区的修改？
操作步骤：
1. 执行命令git checkout -- <file>，丢弃文件的修改

六. 当你不只是改错了文件，而且还添加到了暂存区，如果想丢弃修改？
操作步骤：
1. 执行命令git reset --HEAD <file>，从暂存区删除
2. 执行命令git checkout -- <file>，丢弃文件的修改



========================================
git 查看远程分支、本地分支、删除本地分支
----------------------------------------
http://blog.it985.com/753.html
1 查看远程分支
  $ git branch -r #只有远程分支
  $ git branch -a #远程和本地分支。前面带*号的代表你当前工作目录所处的分支
2 查看本地分支
  $ git branch
3 创建分支
   git branch test
   或者
   git checkout -b test #创建test分支并切换到该分支
4 切换分支到test
  $ git checkout test
5 删除本地分支   
  $ git branch -d test
  $ git branch #再查看分支，该分支已经删除

6 拉取远程分支并创建本地分支

方法一:git checkout -b 本地分支名x origin/远程分支名x
使用该方式会在本地新建分支x，并自动切换到该本地分支x。

方式二:git fetch origin 远程分支名x:本地分支名x
使用该方式会在本地新建分支x，但是不会自动切换到该本地分支x，需要手动checkout。




========================================
使用Git比较本地分支版本和远程版本的不同之处?
----------------------------------------
1.假定远端库名为 origin, 你要比较的本地分支为 test, 远端分支为 xxx
# 获取远端库最新信息
$ git fetch origin

# 做diff
$ git diff test origin/xxx

2.合并远程分支到本地分支
如果远端在其他电脑上更新过并push过，则本地是落后的，常规push会失败。
需要先获取远端代码
$ git fetch origin

然后将分支路径上的代码拉到本地代码。没有冲突的自动更新，有冲突的我们单方面处理冲突
$ git merge origin/xxx 

$ git status
会显示分别修改的文件，和同时修改的文件，
	both modified:   devLog.txt
对于后者需要手动处理冲突，然后再git add和git commit，这时候就可以正常push了。



========================================
更新远程代码到本地仓库：有分歧时【推荐】
----------------------------------------

方式一
1. 查看远程仓库
$ git remote -v
eoecn   https://github.com/eoecn/android-app.git (fetch)
eoecn   https://github.com/eoecn/android-app.git (push)
origin  https://github.com/com360/android-app.git (fetch)
origin  https://github.com/com360/android-app.git (push)
su@SUCHANGLI /e/eoe_client/android-app (master)
从上面的结果可以看出，远程仓库有两个，一个是eoecn，一个是origin

2 ,从远程获取最新版本到本地
$ git fetch origin master
From https://github.com/com360/android-app
 * branch            master     -> FETCH_HEAD
su@SUCHANGLI /e/eoe_client/android-app (master)
$ git fetch origin master 这句的意思是：从远程的origin仓库的master分支下载代码到本地的origin master

3. 比较本地的仓库和远程参考的区别
$ git log -p master.. origin/master
su@SUCHANGLI /e/eoe_client/android-app (master)
因为我的本地仓库和远程仓库代码相同所以没有其他任何信息

4. 把远程下载下来的代码合并到本地仓库，远程的和本地的合并
$ git merge origin/master
Already up-to-date.
su@SUCHANGLI /e/eoe_client/android-app (master)
我的本地参考代码和远程代码相同，所以是Already up-to-date

以上的方式有点不好理解，大家可以使用下面的方式，并且很安全





方式二
1.查看远程分支，和上面的第一步相同

2. 从远程获取最新版本到本地
$ git fetch origin master:temp
From https://github.com/com360/android-app
 * [new branch]      master     -> temp
su@SUCHANGLI /e/eoe_client/android-app (master)
git fetch origin master:temp 这句命令的意思是：从远程的origin仓库的master分支下载到本地并新建一个分支temp

3. 比较本地的仓库和远程参考的区别
$ git diff temp
su@SUCHANGLI /e/eoe_client/android-app (master)
命令的意思是：比较master分支（个人理解为“本地master分支”）和temp分支的不同
由于我的没有区别就没有显示其他信息

4. 合并temp分支到master分支（个人理解为“本地master分支”）
$ git merge temp
Already up-to-date.
su@SUCHANGLI /e/eoe_client/android-app (master)
由于没有区别，所以显示Already up-to-date.
合并的时候可能会出现冲突，有时间了再把如何处理冲突写一篇博客补充上。
5.如果不想要temp分支了，可以删除此分支
$ git branch -d temp
Deleted branch temp (was d6d48cc).
su@SUCHANGLI /e/eoe_client/android-app (master)
如果该分支没有合并到主分支会报错，可以用以下命令强制删除git branch -D <分支名>

总结：方式二更好理解，更安全。 
对于pull也可以更新代码到本地，相当于fetch+merge，多人协作的话不够安全。




========================================
|-- 合并2个终端分支【亲测】: 笔记本假期更新，怎么添加放假前PC更新?
----------------------------------------
因2020年上半年疫情影响，学校一体机放假前更新了 south 分支和 笔记本回家添加的最新的 shenZhuang 分支并不一致，俩的主分支都是master分支。

目前需要在 笔记本 上 shenZhuang 工作，需要把 south 同步过来。


之前已经把south分支推到github上，再在 笔记本上操作。


1.拉远程分支到本地
$ git fetch origin south 

教训: 这里是不是应该拉远程分支，同时建立对应的本地分支呢？
$ git checkout -b south origin/south #先拉取远程分支 origin/south 创建为本地分支 south 并转到该分支。
$ git log -n 3



############ 策略1: 
2A. 比较本地的仓库和远程参考的区别
### git diff branchA remoteB/branchB #参考
## git diff origin/south shenZhuang #以后者为比较基准

实际用的是和当前状态比， 
$ git diff origin/south
然后参照github页面，修改一处，重新运行该语句，比较下一个不同。

要修改的太多了。反过来吧。



############ 策略2:
2B. 笔记本刚做变动，我比较熟悉，所以切换到 south 分支做比较更方便。
$ git checkout origin/south 
$ git diff shenZhuang #查看shenZhuang相对于当前版本(south)的变动，
+是当前版本(south)新添加的；
-是当前版本(south)没有的，需要手动添加回来;


bug(1)
git diff shenZhuang data/R/R03_linear_algebra.txt
当前git没有记录的新文件，现在有了，为什么和旧记录diff时找不到新文件？

需要在版本和路径之间加双减号:
$ git diff shenZhuang -- data/R/R03_linear_algebra.txta

好像整体比较时，还是没啥区别。



3. 出现临时分支了，怎么合并？ https://www.cnblogs.com/iwangzc/p/4073117.html

现在在一个临时分支上，
$ git branch
 (HEAD detached at origin/south)
#
1)在当前临时分支上提交，并commit
git add .
git commit -m 'temp(2020-3-19)'

2)查看已经提交的分支hash值
git reflog show HEAD@{now} -10

或
$ git log -n 3
commit df36db8f6f5db909b1a67f94b09dd62a2ab5911d (HEAD)
Author: jimmymall Note <jimmymall@163.com>
Date:   Thu Mar 19 18:06:55 2020 +0800

    temp(2020-3-19)
#

3) 新建分支，关联起来刚才的hash值
git branch notebook df36db8 

4) 切换分支
git checkout notebook
发现刚才合并的一切都在。

5) 可以合并notebook分支到master分支了。
git checkout master
git merge --no-ff notebook -m 'mergeToMaster'


6) 出现冲突，合并失败！
Auto-merging data/javascript/js103-browser.txt
|--CONFLICT (content): Merge conflict in data/javascript/js103-browser.txt
Auto-merging data/javascript.php
|--CONFLICT (content): Merge conflict in data/javascript.php
Auto-merging data/R.php
|--CONFLICT (content): Merge conflict in data/R.php
Auto-merging changeLog.txt
|--CONFLICT (content): Merge conflict in changeLog.txt
Automatic merge failed; fix conflicts and then commit the result.

先修改上述文件中有如下标志的地方:
<<<<<<< HEAD
part 1
=======
part 2
>>>>>>> notebook

本文就是采用part2，删掉part1.

然后git add .和 git commit -m 'fix conflicts'

然后继续回到notebook分支，看能否继续




========================================
|-- 拉取他人分支，并合并
----------------------------------------
# 我在用户miostudio的master分支上操作，拉取他人(DawnEve)的master分支，并合并过来
https://blog.csdn.net/u012398902/article/details/38040999

(1) 添加他人分支
$ git remote add DawnEve https://github.com/DawnEve/txtBlog.py.git

$ git remote -v
DawnEve https://github.com/DawnEve/txtBlog.py.git (fetch)
DawnEve https://github.com/DawnEve/txtBlog.py.git (push)
origin  https://github.com/miostudio/txtBlog.py.git (fetch)
origin  https://github.com/miostudio/txtBlog.py.git (push)

(2) 拉到本地
$ git fetch DawnEve
remote: Enumerating objects: 137, done.
remote: Counting objects: 100% (137/137), done.
remote: Compressing objects: 100% (62/62), done.
Receiremote: Total 104 (delta 73), reused 71 (delta 40), pack-reused 0
Receiving objects: 100% (104/104), 31.06 KiB | 233.00 KiB/s, done.
Resolving deltas: 100% (73/73), completed with 27 local objects.
From https://github.com/DawnEve/txtBlog.py
 * [new branch]      master     -> DawnEve/master


(3) 合并分支
$ git merge --no-ff DawnEve/master
Auto-merging txtBloglib.py
CONFLICT (content): Merge conflict in txtBloglib.py
Auto-merging templates/hello.html
CONFLICT (content): Merge conflict in templates/hello.html
Auto-merging static/css/main.css
CONFLICT (content): Merge conflict in static/css/main.css


(4) 有很多冲突的，手动取舍

<7个 HEAD:changeLog.txt
当前版本的内容
=======
被合并版本的内容
>7个 DawnEve/master:devLog.txt

删除三行分隔符，自己取舍矛盾的地方;
矛盾的地方要全部修改过来。


(5) 提交,合并,推送
git add .
git commit -m ''

git push origin master





========================================
git克隆远程项目并创建本地对应分支
----------------------------------------
1.克隆远程库，只有master分支
$ git clone git@github.com:miostudio/bioMooc.com.git
$ git branch 

2.查看远程分支 
$ git branch -r
  origin/HEAD -> origin/master
  origin/gh-pages
  origin/master

3.建立本地对应分支
git checkout --track 或者 git checkout -b
如：
git checkout --track  origin/dev-xxx
git  checkout -b dev-xx  origin/dev-xxx

$ git checkout -b gh-pages origin/gh-pages
Branch gh-pages set up to track remote branch gh-pages from origin.
Switched to a new branch 'gh-pages'

4.建立分支后，默认会进到新建的分支里，如果想进去其他分支，可以通过
git checkout 加分支名切换
如:
git checkout master


========================================
怎么查一个文件谁修改过及修改时间？
----------------------------------------
1.git log --pretty=oneline 文件名 
查找 文件修订历史。列出一系列sha1号和评论。

2.git show 356f6def9d3fb7f3b9032ff5aa4b9110d4cca87e
查具体修改时间等信息。



========================================
git统计某一名开发者有效代码总行数以及历史删除、增加的总行数
----------------------------------------
1.代码量（按照行统计）
$ git log --author="jimmymall" --pretty=tformat: --numstat | gawk '{ add += $1 ; subs += $2 ; loc += $1 - $2 } END { printf "增加的行数:%s 删除的行数:%s 总行数: %s\n",add,subs,loc }'

增加的行数:12705 删除的行数:2343 总行数: 10362

该命令统计一名开发者在当前分支的历史上所作出的全部增加代码的行数量，已经删除过的总的代码行数量，以及最后该名开发者最终保留在分支中的代码总行数。
https://blog.csdn.net/zhangphil/article/details/79956706


$ git log --author="$(git config --get user.name)" --pretty=tformat: --numstat | gawk '{ add += $1 ; subs += $2 ; loc += $1 - $2 } END { printf "added lines: %s removed lines : %s total lines: %s\n",add,subs,loc }' -





2. 扫描 Log 单独统计每个人的增删行数加强版
$ git log --format='%aN' | sort -u | while read name; do echo -en "$name\t"; git log --author="$name" --pretty=tformat: --numstat | awk '{ add += $1; subs += $2; loc += $1 - $2 } END { printf "added lines: %s, removed lines: %s, total lines: %s\n", add, subs, loc }' -; done

Dawn    added lines: 3464, removed lines: 588, total lines: 2876
dawnEve added lines: 28663, removed lines: 2098, total lines: 26565
jimmy   added lines: 42551, removed lines: 4985, total lines: 37566
Jimmy   added lines: 53771, removed lines: 13383, total lines: 40388
jimmymall Note  added lines: 3, removed lines: 0, total lines: 3



3.统计文件夹内代码行数
$ cd file
$ find . -name "*.java" -or -name "*.html" -or -name ".css" -or -name "*.js" |xargs grep -v "^$"|wc -l




========================================
windows下git显示文件被修改，实际没有改动的问题解决办法
----------------------------------------

解决方案1：
在windows中的git bash中运行以下命令：
git config --global core.autocrlf true

https://blog.csdn.net/qq719365064/article/details/52775860



解决方案2：
https://blog.csdn.net/Winne_Shen/article/details/80511480
1.问题：从git上拉取服务端代码，然后只修改了一处地方，准备提交时，用diff软件查看，却发现整个文件都被修改了。这是git自动转换换行符导致的问题。 

2.原因
不同操作系统使用的换行符是不一样的。Unix/Linux使用的是LF，Mac后期也采用了LF，但Windows一直使用CRLF【回车(CR, ASCII 13, \r) 换行(LF, ASCII 10, \n)】作为换行符。而git入库的代码采用的是LF格式，它考虑到了跨平台协作的场景，提供了“换行符自动转换”的功能：如果在Windows下安装git，在拉取文件时，会自动将LF换行符替换为CRLF；在提交时，又会将CRLF转回LF。但是这个转换是有问题的：有时提交时，CRLF转回LF可能会不工作，尤其是文件中出现中文字符后有换行符时。 


3.解决方案
(1).禁用git的自动换行功能： 
在本地路径C:\ Users\ [用户名] \ .gitconfig 下修改git配置[core]，如果没有就直接添加上去：

[core]
	autocrlf = false
	filemode = false
	safecrlf = true

git bash命令行也可以修改，最终也是修改.gitconfig配置文件： 分别执行：
git config --global core.autocrlf false
git config --global core.filemode false
git config --global core.safecrlf true

(2).配置IDE开发环境，将它的换行格式指定为LF，以android studio为例： 








========================================
gist.github.com (或 github.com) 被墙无法访问解决办法
----------------------------------------
windows下 打开C:\Windows\System32\drivers\etc\hosts文件   
编辑器打开，在最后行添加一行:

192.30.253.118 gist.github.com

保存。
over~




1.host 文件加入
20.205.243.166 github.com


2.更新DNS缓存
打开cmd，输入：
> ipconfig/flushdns




========================================
推送到新库失败的几个原因？
----------------------------------------
终极测试方法
$ ssh -T git@github.com
Hi DawnEve! You've successfully authenticated, but GitHub does not provide shell access.
表明连接成功!


1.可能没有设置用户名和邮箱，每个项目都要设置！
查看邮箱的方式
git show #第一行就是用户名和邮箱。
或
git config user.email

查看最近提交使用的用户名和邮箱
git log -n 5

设置有户名和邮箱
git config --global user.name "jimmy" //给自己起个用户名
git config --global user.email  "JimmyMall@live.com" //填写自己的邮箱





2.远端库名添加错了，先删掉
git remote rm origin

再重新添加
git remote add origin git@github.com:DawnEve/txtBlog.py.git

并覆盖式推送
git push -u origin master  #首次推送使用-u参数，以后的推送就不要加-u了。





3.可能ssh key没有设置正确



========================================
|-- 设置/重新设置 ssh key
----------------------------------------
(1)重新在git设置一下身份的名字和邮箱
git config --global user.name "yourname"
git config --global user.email "your@email.com"
这里的yourname必须与github的用户名一致
这里your@email.com必须与github登录邮箱一致

(2)删除.ssh文件夹下的known_hosts文件(该文件主要作用是域名解析)，id_rsa和id_rsa.pub文件。
C:\Users\admin\.ssh

(3)ssh-keygen -t rsa -C "your@email.com" #(填写github对应的邮箱)
一路回车即可，无需输入

(4)进入github设置界面
右上角头像点击，选择settings，
左边点击 SSH and GPG keys,
右上角点new SSH Key，
把 C:\Users\admin\.ssh下的 id_rsa.pub内容粘贴进去，title随便命名。

就可以push了。


https://www.cnblogs.com/youcong/p/11111397.html


========================================
GitHub Pages 的使用
----------------------------------------
1. GitHub Pages 支持从三个地方读取文件

docs/ 目录
master 分支
gh-pages 分支

推荐直接将文档放在 docs/ 目录下；
找到仓库的Settings设置页面，开启 GitHub Pages 功能并选择 master branch /docs folder 选项。






========================================
|-- netlify.com 怎么用？ //todo
----------------------------------------
https://app.netlify.com/signup/start/connect/repos
偶联了 github.com/BioMooc/


成功案例: https://taoyan.netlify.app/







========================================
|-- github 上展示账户指标，repo star个数时间线
----------------------------------------
# 常用指标: star, commits, PR, issues, contributed to 等

[![DawnEve's github stats](https://github-readme-stats.vercel.app/api?username=MioStudio&show_icons=true&include_all_commits=true)](https://github.com/DawnEve)


## Stargazers over time

[![Stargazers over time](https://starchart.cc/DawnEve/txtBlog.svg)](https://starchart.cc/DawnEve/txtBlog.svg)






========================================
如何发起 Pull request(PR) 修复 其他人项目中 你发现的问题？ 
----------------------------------------
0.来源: 发现Vue3 文档翻译有问题
https://github.com/vuejs/docs-next-zh-cn/issues/480

https://v3.cn.vuejs.org/guide/component-template-refs.html

原句：This may be useful when you want to, for example, programmatically focus this input on component mount:

原翻译：例如，你希望以编程的方式 focus 这个 input 在组件上挂载，这可能有用

更好的翻译：例如，你希望在组件挂载时，以编程的方式 focus 这个 input 上，这可能有用






1. 参考 廖雪峰 教程

https://www.liaoxuefeng.com/wiki/896043488029600/900937935629664

如果你想修复bootstrap的一个bug，或者新增一个功能，立刻就可以开始干活，干完后，往自己的仓库推送。

如果你希望bootstrap的官方库能接受你的修改，你就可以在GitHub上发起一个pull request。当然，对方是否接受你的pull request就不一定了。

如果你没能力修改bootstrap，但又想要试一把pull request，那就Fork一下我的仓库：https://github.com/michaelliao/learngit，创建一个your-github-id.txt的文本文件，写点自己学习Git的心得，然后推送一个pull request给我，我会视心情而定是否接受。





2. 我的测试

(1) fork 到自己的仓库
(2) 修改

1)下载到本地并修改
$ git clone https://github.com/DawnEve/docs-next-zh-cn.git
$ cd docs-next-zh-cn
直接在master分支上commit了。

2) 也可以直接在github上找到文件，点击右上角的 铅笔 Edit this file, 直接修改。


https://github.com/w




(3) 登陆自己的github，

https://github.com/DawnEve/docs-next-zh-cn

顶部点击 Pull request

等待作者回应。


(4) 等 accept了，就可以删除自己fork的项目了。




========================================
Github action 入门
----------------------------------------
1. 本来想用 github action 执行一些 bookdown 书籍构建和发布
但是不会用

http://www.ruanyifeng.com/blog/2019/09/getting-started-with-github-actions.html
https://github.com/marketplace/actions/ssh-deploy#configuration
https://didiheng.com/front/2019-12-11.html

几个例子
https://github.com/rstudio/bookdown/blob/main/.github/workflows/Book.yaml
https://github.com/rstudio/rmarkdown/blob/main/vignettes/rmarkdown.Rmd
https://github.com/rstudio/rmarkdown/blob/main/.github/workflows/update-citation-cff.yaml



2. 简单例子

看了这么多，知道很多道理，
终于这个视频让我下手 https://www.zhihu.com/zvideo/1323979259615621120


(1) 目的
每10分钟，或者每次push时执行 /zhihu/文件夹中的 run.py 文件，在 test.txt 文件末尾添加一行时间戳，并记录到 github 上。

(2) 步骤

1) 新建 测试库 DawnEve/test_github_action

2) 新建文件 .github/workflows/*.yml
我使用的默认名字 main.yml，内容如下:

# This is a basic workflow to help you get started with Actions

name: wjlGA  #这个action的名字

# Controls when the workflow will run 触发条件
on:
  # Triggers the workflow on push or pull request events but only for the main branch
  push:
    branches: [ main ]
  pull_request:
    branches: [ main ]
  schedule:
    - cron: "10 * * * *" #支持定时任务，这个是每10min运行一次

  # Allows you to run this workflow manually from the Actions tab
  workflow_dispatch:


# A workflow run is made up of one or more jobs that can run sequentially or in parallel
jobs:
  # This workflow contains a single job called "build"
  build:
    # The type of runner that the job will run on
    runs-on: ubuntu-latest

    # Steps represent a sequence of tasks that will be executed as part of the job
    steps:
      # Checks-out your repository under $GITHUB_WORKSPACE, so your job can access it
      - uses: actions/checkout@v2

      - name: Set up Python env
        uses: actions/setup-python@v2
        with:
          python-version: 3.9
      
      # Runs a single command using the runners shell
      - name: Run a one-line script
        run: echo Hello, world!

      # Runs a set of commands using the runners shell
      - name: Run a multi-line script
        run: |
          echo Add other actions to build,
          echo test, and deploy your project.
      
      - name: Install envr
        run: |
          python -m pip install --upgrade pip
          pip install requests
      
      - name: Update zhihu
        run: |
          cd zhihu
          python run.py
        
      - name: commit
        run: |
          git config --global user.email jimmymall@live.com
          git config --global user.name jimmy
          git add .
          git commit -m 'action: `date`'
          git pull --rebase
      - name: Push changes
        uses: ad-m/github-push-action@master
        with:
          github_token: ${{ secrets.GITHUB_TOKEN }}



(3) 大概的解释

一个jobs下有很多 steps。
一个 steps 用 - 开头，可以有name，但 run 或 uses 二选一，不能同时有。

1) 带关键字 run 的 steps，是自己写的命令

      # Runs a single command using the runners shell
      - name: Run a one-line script
        run: echo Hello, world!

      # Runs a set of commands using the runners shell
      - name: Run a multi-line script
        run: |
          echo Add other actions to build,
          echo test, and deploy your project.

2) 带关键字 uses 的 steps 是别人写好的，我们直接用即可。这些也是有仓库的
      - uses: actions/checkout@v2
	  
      - name: Push changes
        uses: ad-m/github-push-action@master
        with:
          github_token: ${{ secrets.GITHUB_TOKEN }}


3) with 是指定参数的
      - name: Set up Python env
        uses: actions/setup-python@v2
        with:
          python-version: 3.9
		  
		  
      - name: Push changes
        uses: ad-m/github-push-action@master
        with:
          github_token: ${{ secrets.GITHUB_TOKEN }}







========================================
|-- shell 脚本: 如果repo有变动，才自动提交
----------------------------------------

shell脚本中实现自动push 更新，如果有更新，执行git  add,git commit,git push 等操作，没有则不操作。
https://blog.csdn.net/liurizhou/article/details/105072704

if [ -n "$(git status -s)" ];then
    git add .
    git commit -m "update file"
    git push origin master
fi








========================================
记录一个目录的代码文件 apa_raw, 并推送到 gitee
----------------------------------------
1. on 193 server

(1) dir 
$ cd /home/wangjl/data/apa


(2) .gitignore 只记录特定的后缀名
如何写.gitignore只包含指定的文件扩展名

# .gitignore
# 首先忽略所有的文件
*

# 但是不忽略目录
!*/
!script/

# 忽略一些指定的目录名
backup/
dustbin/
.ipynb_checkpoints/
.snakemake/
test/

# 忽略大文件
*.zip
*.rar
*.pdf
*.xls
*.xlsx
*.csv
*.png
*.html
*.log

*.fasta
*.fa
*.fq
*.fastq
*.fastq.gz
*.fq.gz
*.sam
*.bam
*.bam.bai
*.bed



# 不忽略下面指定的文件类型
!*.c++
!*.cc
!*.cp
!*.cpp
!*.cxx

!*.sh
!*.R
!*.py
!*.ipynb


(3) 添加记录文件
$ vim changeLog.txt
Project name: apa_raw


(4) 提交 commit
$ git --version
git version 2.9.0

$ git init 
$ git add .
$ git status 
查看，确实都是 R, py, ipynb 文件

$ git commit -m 'v0.1 apa_raw'


(5) 推送到 gitee
https://gitee.com/dawnEve/projects
https://gitee.com/dawnEve/apa_raw


$ git config --global user.name "dawnEve"
$ git config --global user.email "jimmymall@live.com"

git remote add origin https://gitee.com/dawnEve/apa_raw.git
git push -u origin "master"







========================================
github 新建机构: github.com/BioMooc
----------------------------------------
1. 转移一个成熟项目过去 webPan.py 

$ git config user.email
JimmyMall@live.com

旧的
$ git remote -v
origin  git@github.com:DawnEve/webPan.py.git (fetch)
origin  git@github.com:DawnEve/webPan.py.git (push)

删掉重新添加
$ git remote rm origin
$ git remote add origin git@github.com:BioMooc/webPan.py.git

新的
$ git remote -v
origin  git@github.com:BioMooc/webPan.py.git (fetch)
origin  git@github.com:BioMooc/webPan.py.git (push)

然后就是正常的 git add/commit/push 操作。





2. 转移 txtBlog.py
$ git remote rm origin
$ git remote add origin git@github.com:BioMooc/txtBlog.py.git


如果让输入密码，一定是原来是 https 而不是 git 开头的协议。https 已经失效了。







========================================
git 代码库的打包压缩(tar.gz)，并拉取备份到本地(scp)
----------------------------------------
1. 一个py项目的打包示例
备份时间：重要更新之后。
打包要求: 排除 backup/, dustbin/, .git/, __pycache__ 文件夹，排除 .pyc 文件。

(1) 服务器端
$ cd /home/marigold/soft/SeqReportSys/
$ cd ..
$ tar --exclude '.git'  --exclude "backup"  --exclude "dustbin" --exclude "*.pyc" --exclude "__pycache__" \
   -zcvf SeqReportSys/backup/SRS-v1.2.0.tar.gz SeqReportSys
注意: 如果最后参数是 SeqReportSys/* 则不包括 .gitignore 文件。
最后，各级目录中的 __pycache__ 都忽略了。

$ ls -lth SeqReportSys/backup/ | head
-rw-rw-r-- 1 marigold marigold 290K 9月   5 11:04 SRS-v1.2.0.tar.gz


(2) 本地 git bash
$ cd /d/py_code/SeqReportSys/code-backup
$ scp wangjl@192.168.1.3:/home/marigold/soft/SeqReportSys/backup/SRS-v1.2.0.tar.gz .


(3) 本地解压缩
$ cd /d/py_code/SeqReportSys/code-backup
$ tar zxvf SRS-v1.2.0.tar.gz

指定解压到某个文件夹:
$ mkdir SRS-v1.2.0
$ tar zxvf SRS-v1.2.0.tar.gz -C SRS-v1.2.0




========================================
基于 github 的评论系统：gitment //todo
----------------------------------------
https://www.cnblogs.com/niyueling/p/11563006.html




========================================
----------------------------------------


========================================
----------------------------------------

========================================
----------------------------------------

