git常用场景: 疑难与解答
	主要是本地看到效果的部分

版本管理三国志 (CVS, Subversion, git)解答了为什么选择git？
http://www.cnblogs.com/vamei/archive/2013/02/21/2918069.html





========================================
版本控制面临的挑战: Git Flow
----------------------------------------

1. 我们面对版本管理的时候，有非常大得挑战，我们都知道大家工作在同一个仓库上，那么彼此的代码协作必然带来很多问题和挑战，如下：

1 如何开始一个Feature的开发，而不影响别的Feature？
2 由于很容易创建新分支，分支多了如何管理，时间久了，如何知道每个分支是干什么的？
3 哪些分支已经合并回了主干？
4 如何进行Release的管理？开始一个Release的时候如何冻结Feature, 如何在Prepare Release的时候，开发人员可以继续开发新的功能？
5 线上代码出Bug了，如何快速修复？而且修复的代码要包含到开发人员的分支以及下一个Release?

大部分开发人员现在使用Git就只是用三个甚至两个分支，一个是Master, 一个是Develop, 还有一个是基于Develop打得各种分支。这个在小项目规模的时候还勉强可以支撑，因为很多人做项目就只有一个Release, 但是人员一多，而且项目周期一长就会出现各种问题。




2. Git Flow常用的分支

Production 分支(master)
也就是我们经常使用的Master分支，这个分支最近发布到生产环境的代码，最近发布的Release， 这个分支只能从其他分支合并，不能在这个分支直接修改

Develop 分支(dev)
这个分支是我们是我们的主开发分支，包含所有要发布到下一个Release的代码，这个主要合并与其他分支，比如Feature分支

Feature 分支
这个分支主要是用来开发一个新的功能，一旦开发完成，我们合并回Develop分支进入下一个Release

Release分支
当你需要一个发布一个新Release的时候，我们基于Develop分支创建一个Release分支，完成Release后，我们合并到Master和Develop分支

Hotfix分支
当我们在Production发现新的Bug时候，我们需要创建一个Hotfix, 完成Hotfix后，我们合并回Master和Develop分支，所以Hotfix的改动会进入下一个Release





3. Git Flow如何工作
(1)初始分支
所有在Master分支上的Commit应该Tag

(2)Feature 分支: 分支名 feature/*
Feature分支做完后，必须合并回Develop分支, 合并完分支后一般会删点这个Feature分支，但是我们也可以保留


(3)Release分支: 分支名 release/*
Release分支基于Develop分支创建，打完Release分之后，我们可以在这个Release分支上测试，修改Bug等。同时，其它开发人员可以基于开发新的Feature (记住：一旦打了Release分支之后不要从Develop分支上合并新的改动到Release分支)

发布Release分支时，合并Release到Master和Develop， 同时在Master分支上打个Tag记住Release版本号，然后可以删除Release分支了。


(4)维护分支 Hotfix: 分支名 hotfix/*

hotfix分支基于Master分支创建，开发完后需要合并回Master和Develop分支，同时在Master上打一个tag




4. Git Flow代码示例

(1) 创建develop分支
git branch develop
git push -u origin develop

(2) 开始新Feature开发
git checkout -b some-feature develop
# Optionally, push branch to origin:
git push -u origin some-feature    

# 做一些改动    
git status
git add some-file
git commit    

(3) 完成Feature
git pull origin develop
git checkout develop
git merge --no-ff some-feature
git push origin develop

git branch -d some-feature #删除分支

# If you pushed branch to origin:
git push origin --delete some-feature


(4) 开始Relase

git checkout -b release-0.1.0 develop

# Optional: Bump version number, commit
# Prepare release, commit


(5) 完成Release

git checkout master
git merge --no-ff release-0.1.0
git push

git checkout develop
git merge --no-ff release-0.1.0
git push

git branch -d release-0.1.0 #删除分支

# If you pushed branch to origin:
git push origin --delete release-0.1.0   


git tag -a v0.1.0 master
git push --tags


(6) 开始Hotfix

git checkout -b hotfix-0.1.1 master    


(7) 完成Hotfix

git checkout master
git merge --no-ff hotfix-0.1.1
git push


git checkout develop
git merge --no-ff hotfix-0.1.1
git push

git branch -d hotfix-0.1.1

git tag -a v0.1.1 master
git push --tags




5. Git flow工具
实际上，当你理解了上面的流程后，你完全不用使用工具，但是实际上我们大部分人很多命令就是记不住呀，流程就是记不住呀，肿么办呢？

总有聪明的人创造好的工具给大家用, 那就是Git flow script.

(1) SourceTree 
当你用Git-flow初始化后，基本上你只需要点击git flow菜单选择start feature, release或者hotfix, 做完后再次选择git flow菜单，点击Done Action. 我勒个去，我实在想不到还有比这更简单的了。

手册：http://danielkummer.github.io/git-flow-cheatsheet/

目前SourceTree支持Mac, Windows, Linux.
这么好的工具请问多少钱呢？ 免费!!!!

Git有很多图形界面工具，这里我们推荐SourceTree，它是由Atlassian开发的免费Git图形界面工具，可以操作任何Git库。
下载 https://www.sourcetreeapp.com/


ref: https://www.cnblogs.com/sky-heaven/p/14387659.html



========================================
|-- 基于 git 和 github 的多人协作: 在相同 / 不同 分支下的合作
----------------------------------------
1. 相同分支下的多人协作：都在本地 dev 分支操作。

(1) 新建本地dev分支
$ git checkout -b dev origin/dev
- 在本地创建一个 dev 分支，并切换到本地的 dev 分支上
- 将本地的 dev 分支和远程的 dev 链接起来
$ git branch -vv #分支详细信息
$ git pull #简化操作


建议：在开发前首先使用 git pull 指令，确保从最新版本开始开发
	git pull 指令具有以下两个作用：
	- 拉取远程分支中的最新提交，并自动合并 （需要建立追踪关系）
	- 更新远程仓库的分支信息（不需要建立追踪关系）



(1B)
用户2不和远程分支连接
$ git checkout -b dev
$ git branch -vv #分支详细信息
$ git pull #报错，需要指定远程分支 git branch --set-upstream-to=origin/<branch> dev
$ git branch --set-upstream-to=origin/dev dev


(2)查看本地分支
$ git branch -a #分支列表

$ git remote show origin #展示远程分支的情况

$ git remote prune origin #移除在远程已经删除的远程分支
$ git branch -a  # 就不会显示远程已经删除的分支了

$ git branch -d dev #删除本地分支 dev

$ git branch -r  #查看远程仓库中的所有分支



(3)总结一下，在同一分支下进行多人协作的工作模式通常是这样:

* 首先，可以试图用 git push origin branch-name 推送自己的修改
* 如果推送失败，则因为远程分支比你的本地更新，需要先用 git pull 试图合并
* 如果合并有冲突，则解决冲突，并在本地提交
* 没有冲突或者解决掉冲突后，再用 git push origin branch-name推送就能成功
* 功能开发完毕，将分支 merge 进 master，最后删除分支

因为上述的第三点，合并有冲突需要解决冲突，而解决冲突是较为麻烦的，所以在同一分支下多人协作是不常见的。

接下来所讲的多人协作二，是在不同分支下的多人协作的场景







2. 不同分支下的多人协作

每个人在自己的分支下(dev1, dev2)管理自己的文件。
定期使用 pull request 合并到主分支: 把自己的开发分支dev1 合并到 dev 开发分支。

(1)协作前准备
创建协作仓库
	主开发者创建远程仓库并推送初始代码，建议使用master分支作为主分支‌
	从开发者执行 git clone 远程仓库地址克隆项目到本地‌

建立分支规则‌
	约定各自创建独立开发分支，例如
	git checkout -b dev_A  # 开发者A创建分支
	git checkout -b dev_B  # 开发者B创建分支

分支命名建议包含开发者标识‌


(2)开发阶段操作
‌独立开发‌
	在各自分支进行代码修改后
	git add .  # 添加修改到暂存区
	git commit -m "功能描述"  # 提交到本地仓库‌

推送分支到远程‌
	git push origin dev_A  # 开发者A推送分支
	git push origin dev_B  # 开发者B推送分支

(3)合并阶段操作
‌创建合并请求‌: 通过Git平台（如GitHub/GitLab）创建Pull Request，发起代码审查‌

合并到主分支‌: 主开发者审核后执行合并操作
	git checkout master
	git merge dev_A  # 合并开发者A的分支
	git merge dev_B  # 合并开发者B的分支


(4) 冲突处理
‌解决代码冲突‌
当多人修改同一文件时：
	执行git pull origin master拉取最新代码
	手动修改冲突标记<<<<<<<和>>>>>>
	重新提交解决后的文件‌


(5)同步机制
‌定期同步主分支‌
建议每天开始工作前执行：
	git checkout master
	git pull origin master  # 拉取最新主分支代码
	git checkout dev_A
	git merge master  # 将主分支更新合并到开发分支‌

协作注意事项‌
	禁止直接修改master分支代码‌
	单次提交粒度建议控制在1-3个关联功能点‌
	合并前必须执行git pull操作‌


该流程通过分支隔离开发、定期同步主分支、合并前审查的三层机制，可有效降低代码冲突概率‌。
若需处理紧急问题，可创建hotfix/前缀的临时分支‌。







3A. 基础协作流程（集中式工作流）
(1). 初始化仓库
# 所有人克隆主仓库
git clone https://github.com/team-project/main-repo.git
cd main-repo

(2)每日工作流程
# 开始工作前同步最新代码
git checkout main
git pull origin main

# 创建新功能分支
git checkout -b feature/login-system

# 开发并提交代码
git add .
git commit -m "实现用户登录接口"

# 推送分支到远程
git push -u origin feature/login-system

(3) 发起合并请求
在 GitHub/GitLab 创建 Pull Request (PR)
指定审查者，关联相关 Issue
通过 CI/CD 检查后合并




3B.进阶协作模式
(1). Git Flow 工作流
             >main
			/      \
     Release      Develop
 >hotfix/          >develop
                 /          \
             Feature       Release Prep
             >feature/     >release/

(2)分支命名规范
feature/：新功能开发
bugfix/：问题修复
hotfix/：紧急生产问题修复
release/：预发布分支
docs/：文档更新

(3)代码审查流程
# 审查者操作
git fetch origin
git checkout -b review/feature/login-system origin/feature/login-system
# 运行测试/检查代码





3C.关键协作命令
(1)处理远程变更
# 获取所有远程分支但不合并
git fetch --all

# 变基保持提交历史整洁
git rebase origin/main

# 解决冲突后继续变基
git rebase --continue

(2)紧急修复流程
git checkout -b hotfix/db-connection main
# 修复并提交
git push origin hotfix/db-connection
# 同时合并到 main 和 develop 分支

(3)历史清理
# 合并多个提交为1个
git rebase -i HEAD~3
# 选择 squash 保留最终提交





3D.最佳实践
(1)提交规范
# 类型(范围): 描述
feat(auth): add OAuth2 login support
fix(api): resolve null pointer in user endpoint

(2).gitignore 管理
# 通用模板
*.log
.env
node_modules/

(3)分支保护规则
要求至少 2 个 Approve
强制通过 CI 流水线
禁止强制推送


(4)冲突解决策略
# 使用可视化工具
git mergetool -t vscode
# 接受当前/传入变更
git checkout --ours FILE
git checkout --theirs FILE




3E.团队协作工具链
工具类型	推荐方案
代码托管	GitHub Enterprise / GitLab
项目管理	Jira + Git 集成
持续集成	GitHub Actions / GitLab CI
代码审查	Reviewable / Gerrit
文档协作	Wiki + Markdown in Repo




3F.典型问题解决方案
场景1：错误提交到 main 分支
	# 回退提交但不修改工作区
	git reset HEAD~1 --soft
	# 新建分支保存修改
	git checkout -b recovery-changes
	git commit -m "恢复误提交内容"


场景2：合并后发现问题
	# 查找问题引入点
	git bisect start
	git bisect bad
	git bisect good v1.0
	# 测试后标记结果
	git bisect reset

场景3：同步 fork 仓库
	git remote add upstream https://github.com/original/repo.git
	git fetch upstream
	git merge upstream/main
	git push origin main

通过遵循这些规范和实践，团队可以：
* 减少合并冲突 
* 提高审查效率 
* 保持历史清晰 
* 快速定位问题。

建议配合代码审查 Checklist 和 CI 质量门禁使用。





Ref:
https://blog.csdn.net/m0_64411530/article/details/145189275
https://blog.csdn.net/whc18858/article/details/133209975

https://cloud.tencent.com/developer/article/1058816






========================================
|-- git commit message 规范
----------------------------------------
1.规范描述
commit message需要包括两部分内容：header和body

- header（推荐）：简要描述此次commit的改动范围/内容
- body（可选）：若代码出现较大改变时填写

(1)header 格式
header部分只有一行，包括三个字段：<type>(<scope>):<subject>


(2)type 必填
说明commit类型，只允许使用以下标识

	breaking：不兼容的改动，接口删除、数据库字段更新等，具体不兼容的部分用scope说明
	feat：新功能(feature)
	fix：修复bug
	perf：优化（包括提升性能、体验）
	refactor：重构（不是新增功能，也不是修改bug的代码改动）
	docs：文档调整(documentation)
	style：格式调整
	test：测试调整（增加测试用例等）
	chore：构建过程或辅助工具的变动
	revert：回退，回滚到某个版本
	build: 打包

(3)scope 选填
说明commit更改的文件名，多个用“,”分开

(4)subject
commit简短描述




2. 脚本化生成的变化

某个文件，哪一行做了什么调整：抽象描述





Ref:
https://blog.csdn.net/u011262253/article/details/133607077




========================================
git 查看远程分支、本地分支、删除本地分支
----------------------------------------
http://blog.it985.com/753.html
1 查看远程分支
  $ git branch -r #只有远程分支
  $ git branch -a #远程和本地分支。前面带*号的代表你当前工作目录所处的分支
2 查看本地分支
  $ git branch
3 创建分支
   git branch test
   或者
   git checkout -b test #创建test分支并切换到该分支
4 切换分支到test
  $ git checkout test
5 删除本地分支   
  $ git branch -d test
  $ git branch #再查看分支，该分支已经删除

6 拉取远程分支并创建本地分支

方法一:git checkout -b 本地分支名x origin/远程分支名x
使用该方式会在本地新建分支x，并自动切换到该本地分支x。

方式二:git fetch origin 远程分支名x:本地分支名x
使用该方式会在本地新建分支x，但是不会自动切换到该本地分支x，需要手动checkout。




========================================
|-- 使用Git比较本地分支版本和远程版本的不同之处?
----------------------------------------
1.假定远端库名为 origin, 你要比较的本地分支为 test, 远端分支为 xxx
# 获取远端库最新信息
$ git fetch origin

# 做diff
$ git diff test origin/xxx

2.合并远程分支到本地分支
如果远端在其他电脑上更新过并push过，则本地是落后的，常规push会失败。
需要先获取远端代码
$ git fetch origin

然后将分支路径上的代码拉到本地代码。没有冲突的自动更新，有冲突的我们单方面处理冲突
$ git merge origin/xxx 

$ git status
会显示分别修改的文件，和同时修改的文件，
	both modified:   devLog.txt
对于后者需要手动处理冲突，然后再git add和git commit，这时候就可以正常push了。




========================================
|-- git克隆远程项目并创建本地对应分支
----------------------------------------
1.克隆远程库，只有master分支
$ git clone git@github.com:miostudio/bioMooc.com.git
$ git branch 

2.查看远程分支 
$ git branch -r
  origin/HEAD -> origin/master
  origin/gh-pages
  origin/master

3.建立本地对应分支
git checkout --track 或者 git checkout -b
如：
git checkout --track  origin/dev-xxx
git  checkout -b dev-xx  origin/dev-xxx

$ git checkout -b gh-pages origin/gh-pages
Branch gh-pages set up to track remote branch gh-pages from origin.
Switched to a new branch 'gh-pages'

4.建立分支后，默认会进到新建的分支里，如果想进去其他分支，可以通过
git checkout 加分支名切换
如:
git checkout master



========================================
提交到了错误的分支上怎么办？git cherry-pick 应用某些现有提交引入的更改
----------------------------------------
1.Git中的Cherry-pick指的是将一个分支中的某个提交应用到另一个分支中。

如果你犯了个错误，把一个修改提交到了错误的分支，但又不想合并整个分支，你可以撤销该提交并将其应用到另一个分支上。

git checkout master
git cherry-pick e434

从给定的输出中，您可以看到我已经使用git cherry-pick命令粘贴了提交ID，并将该提交合并到了我的主分支上。您可以使用git log命令进行查看。


- 使用前保证工作区干净（没有对HEAD提交的修改）
- 在 master 分支上执行 git cherry-pick C3 C4 C7, 可以将C3 C4 C7这三个提交摘到master分支上了






Ref:
https://git-scm.com/docs/git-cherry-pick/zh_HANS-CN
https://blog.csdn.net/m0_65696193/article/details/147018530




========================================
更新远程代码到本地仓库：有分歧时【推荐】
----------------------------------------

方式一
1. 查看远程仓库
$ git remote -v
eoecn   https://github.com/eoecn/android-app.git (fetch)
eoecn   https://github.com/eoecn/android-app.git (push)
origin  https://github.com/com360/android-app.git (fetch)
origin  https://github.com/com360/android-app.git (push)
su@SUCHANGLI /e/eoe_client/android-app (master)
从上面的结果可以看出，远程仓库有两个，一个是eoecn，一个是origin

2 ,从远程获取最新版本到本地
$ git fetch origin master
From https://github.com/com360/android-app
 * branch            master     -> FETCH_HEAD
su@SUCHANGLI /e/eoe_client/android-app (master)
$ git fetch origin master 这句的意思是：从远程的origin仓库的master分支下载代码到本地的origin master

3. 比较本地的仓库和远程参考的区别
$ git log -p master.. origin/master
su@SUCHANGLI /e/eoe_client/android-app (master)
因为我的本地仓库和远程仓库代码相同所以没有其他任何信息

4. 把远程下载下来的代码合并到本地仓库，远程的和本地的合并
$ git merge origin/master
Already up-to-date.
su@SUCHANGLI /e/eoe_client/android-app (master)
我的本地参考代码和远程代码相同，所以是Already up-to-date

以上的方式有点不好理解，大家可以使用下面的方式，并且很安全





方式二
1.查看远程分支，和上面的第一步相同

2. 从远程获取最新版本到本地
$ git fetch origin master:temp
From https://github.com/com360/android-app
 * [new branch]      master     -> temp
su@SUCHANGLI /e/eoe_client/android-app (master)
git fetch origin master:temp 这句命令的意思是：从远程的origin仓库的master分支下载到本地并新建一个分支temp

3. 比较本地的仓库和远程参考的区别
$ git diff temp
su@SUCHANGLI /e/eoe_client/android-app (master)
命令的意思是：比较master分支（个人理解为“本地master分支”）和temp分支的不同
由于我的没有区别就没有显示其他信息

4. 合并temp分支到master分支（个人理解为“本地master分支”）
$ git merge temp
Already up-to-date.
su@SUCHANGLI /e/eoe_client/android-app (master)
由于没有区别，所以显示Already up-to-date.
合并的时候可能会出现冲突，有时间了再把如何处理冲突写一篇博客补充上。
5.如果不想要temp分支了，可以删除此分支
$ git branch -d temp
Deleted branch temp (was d6d48cc).
su@SUCHANGLI /e/eoe_client/android-app (master)
如果该分支没有合并到主分支会报错，可以用以下命令强制删除git branch -D <分支名>

总结：方式二更好理解，更安全。 
对于pull也可以更新代码到本地，相当于fetch+merge，多人协作的话不够安全。




========================================
|-- 合并2个终端分支【亲测】: 笔记本假期更新，怎么添加放假前PC更新?
----------------------------------------
因2020年上半年疫情影响，学校一体机放假前更新了 south 分支和 笔记本回家添加的最新的 shenZhuang 分支并不一致，俩的主分支都是master分支。

目前需要在 笔记本 上 shenZhuang 工作，需要把 south 同步过来。


之前已经把south分支推到github上，再在 笔记本上操作。


1.拉远程分支到本地
$ git fetch origin south 

教训: 这里是不是应该拉远程分支，同时建立对应的本地分支呢？
$ git checkout -b south origin/south #先拉取远程分支 origin/south 创建为本地分支 south 并转到该分支。
$ git log -n 3



############ 策略1: 
2A. 比较本地的仓库和远程参考的区别
### git diff branchA remoteB/branchB #参考
## git diff origin/south shenZhuang #以后者为比较基准

实际用的是和当前状态比， 
$ git diff origin/south
然后参照github页面，修改一处，重新运行该语句，比较下一个不同。

要修改的太多了。反过来吧。



############ 策略2:
2B. 笔记本刚做变动，我比较熟悉，所以切换到 south 分支做比较更方便。
$ git checkout origin/south 
$ git diff shenZhuang #查看shenZhuang相对于当前版本(south)的变动，
+是当前版本(south)新添加的；
-是当前版本(south)没有的，需要手动添加回来;


bug(1)
git diff shenZhuang data/R/R03_linear_algebra.txt
当前git没有记录的新文件，现在有了，为什么和旧记录diff时找不到新文件？

需要在版本和路径之间加双减号:
$ git diff shenZhuang -- data/R/R03_linear_algebra.txta

好像整体比较时，还是没啥区别。



3. 出现临时分支了，怎么合并？ https://www.cnblogs.com/iwangzc/p/4073117.html

现在在一个临时分支上，
$ git branch
 (HEAD detached at origin/south)
#
1)在当前临时分支上提交，并commit
git add .
git commit -m 'temp(2020-3-19)'

2)查看已经提交的分支hash值
git reflog show HEAD@{now} -10

或
$ git log -n 3
commit df36db8f6f5db909b1a67f94b09dd62a2ab5911d (HEAD)
Author: jimmymall Note <**@**.com>
Date:   Thu Mar 19 18:06:55 2020 +0800

    temp(2020-3-19)
#

3) 新建分支，关联起来刚才的hash值
git branch notebook df36db8 

4) 切换分支
git checkout notebook
发现刚才合并的一切都在。

5) 可以合并notebook分支到master分支了。
git checkout master
git merge --no-ff notebook -m 'mergeToMaster'


6) 出现冲突，合并失败！
Auto-merging data/javascript/js103-browser.txt
|--CONFLICT (content): Merge conflict in data/javascript/js103-browser.txt
Auto-merging data/javascript.php
|--CONFLICT (content): Merge conflict in data/javascript.php
Auto-merging data/R.php
|--CONFLICT (content): Merge conflict in data/R.php
Auto-merging changeLog.txt
|--CONFLICT (content): Merge conflict in changeLog.txt
Automatic merge failed; fix conflicts and then commit the result.

先修改上述文件中有如下标志的地方:
<<<<<<< HEAD
part 1
=======
part 2
>>>>>>> notebook

本文就是采用part2，删掉part1.

然后git add .和 git commit -m 'fix conflicts'

然后继续回到notebook分支，看能否继续




========================================
|-- 拉取他人分支，并合并
----------------------------------------
# 我在用户miostudio的master分支上操作，拉取他人(DawnEve)的master分支，并合并过来
https://blog.csdn.net/u012398902/article/details/38040999

(1) 添加他人分支
$ git remote add DawnEve https://github.com/DawnEve/txtBlog.py.git

$ git remote -v
DawnEve https://github.com/DawnEve/txtBlog.py.git (fetch)
DawnEve https://github.com/DawnEve/txtBlog.py.git (push)
origin  https://github.com/miostudio/txtBlog.py.git (fetch)
origin  https://github.com/miostudio/txtBlog.py.git (push)

(2) 拉到本地
$ git fetch DawnEve
remote: Enumerating objects: 137, done.
remote: Counting objects: 100% (137/137), done.
remote: Compressing objects: 100% (62/62), done.
Receiremote: Total 104 (delta 73), reused 71 (delta 40), pack-reused 0
Receiving objects: 100% (104/104), 31.06 KiB | 233.00 KiB/s, done.
Resolving deltas: 100% (73/73), completed with 27 local objects.
From https://github.com/DawnEve/txtBlog.py
 * [new branch]      master     -> DawnEve/master


(3) 合并分支
$ git merge --no-ff DawnEve/master
Auto-merging txtBloglib.py
CONFLICT (content): Merge conflict in txtBloglib.py
Auto-merging templates/hello.html
CONFLICT (content): Merge conflict in templates/hello.html
Auto-merging static/css/main.css
CONFLICT (content): Merge conflict in static/css/main.css


(4) 有很多冲突的，手动取舍

<7个 HEAD:changeLog.txt
当前版本的内容
=======
被合并版本的内容
>7个 DawnEve/master:devLog.txt

删除三行分隔符，自己取舍矛盾的地方;
矛盾的地方要全部修改过来。


(5) 提交,合并,推送
git add .
git commit -m ''

git push origin master






========================================
Git 日志与统计: git log
----------------------------------------


========================================
|-- 怎么查一个文件谁修改过及修改时间？
----------------------------------------
1.git log --pretty=oneline 文件名 
查找 文件修订历史。列出一系列sha1号和评论。

2.git show 356f6def9d3fb7f3b9032ff5aa4b9110d4cca87e
查具体修改时间等信息。



========================================
|-- git统计某一名开发者有效代码总行数以及历史删除、增加的总行数
----------------------------------------
1.代码量（按照行统计）
$ git log --author="jimmymall" --pretty=tformat: --numstat | gawk '{ add += $1 ; subs += $2 ; loc += $1 - $2 } END { printf "增加的行数:%s 删除的行数:%s 总行数: %s\n",add,subs,loc }'

增加的行数:12705 删除的行数:2343 总行数: 10362

该命令统计一名开发者在当前分支的历史上所作出的全部增加代码的行数量，已经删除过的总的代码行数量，以及最后该名开发者最终保留在分支中的代码总行数。
https://blog.csdn.net/zhangphil/article/details/79956706


$ git log --author="$(git config --get user.name)" --pretty=tformat: --numstat | gawk '{ add += $1 ; subs += $2 ; loc += $1 - $2 } END { printf "added lines: %s removed lines : %s total lines: %s\n",add,subs,loc }' -





2. 扫描 Log 单独统计每个人的增删行数加强版
$ git log --format='%aN' | sort -u | while read name; do echo -en "$name\t"; git log --author="$name" --pretty=tformat: --numstat | awk '{ add += $1; subs += $2; loc += $1 - $2 } END { printf "added lines: %s, removed lines: %s, total lines: %s\n", add, subs, loc }' -; done

Dawn    added lines: 3464, removed lines: 588, total lines: 2876
dawnEve added lines: 28663, removed lines: 2098, total lines: 26565
jimmy   added lines: 42551, removed lines: 4985, total lines: 37566
Jimmy   added lines: 53771, removed lines: 13383, total lines: 40388
jimmymall Note  added lines: 3, removed lines: 0, total lines: 3



3.统计文件夹内代码行数
$ cd file
$ find . -name "*.java" -or -name "*.html" -or -name ".css" -or -name "*.js" |xargs grep -v "^$"|wc -l




========================================
windows下git显示文件被修改，实际没有改动的问题解决办法
----------------------------------------

解决方案1：
在windows中的git bash中运行以下命令：
git config --global core.autocrlf true

https://blog.csdn.net/qq719365064/article/details/52775860



解决方案2：
https://blog.csdn.net/Winne_Shen/article/details/80511480
1.问题：从git上拉取服务端代码，然后只修改了一处地方，准备提交时，用diff软件查看，却发现整个文件都被修改了。这是git自动转换换行符导致的问题。 

2.原因
不同操作系统使用的换行符是不一样的。Unix/Linux使用的是LF，Mac后期也采用了LF，但Windows一直使用CRLF【回车(CR, ASCII 13, \r) 换行(LF, ASCII 10, \n)】作为换行符。而git入库的代码采用的是LF格式，它考虑到了跨平台协作的场景，提供了“换行符自动转换”的功能：如果在Windows下安装git，在拉取文件时，会自动将LF换行符替换为CRLF；在提交时，又会将CRLF转回LF。但是这个转换是有问题的：有时提交时，CRLF转回LF可能会不工作，尤其是文件中出现中文字符后有换行符时。 


3.解决方案
(1).禁用git的自动换行功能： 
在本地路径C:\ Users\ [用户名] \ .gitconfig 下修改git配置[core]，如果没有就直接添加上去：

[core]
	autocrlf = false
	filemode = false
	safecrlf = true

git bash命令行也可以修改，最终也是修改.gitconfig配置文件： 分别执行：
git config --global core.autocrlf false
git config --global core.filemode false
git config --global core.safecrlf true

(2).配置IDE开发环境，将它的换行格式指定为LF，以android studio为例： 







========================================
git 代码库的打包压缩(tar.gz)，并拉取备份到本地(scp)
----------------------------------------
1. 一个py项目的打包示例
备份时间：重要更新之后。
打包要求: 排除 backup/, dustbin/, .git/, __pycache__ 文件夹，排除 .pyc 文件。

(1) 服务器端
$ cd /home/marigold/soft/SeqReportSys/
$ cd ..
$ tar --exclude '.git'  --exclude "backup"  --exclude "dustbin" --exclude "*.pyc" --exclude "__pycache__" \
   -zcvf SeqReportSys/backup/SRS-v1.2.0.tar.gz SeqReportSys
注意: 如果最后参数是 SeqReportSys/* 则不包括 .gitignore 文件。
最后，各级目录中的 __pycache__ 都忽略了。

$ ls -lth SeqReportSys/backup/ | head
-rw-rw-r-- 1 marigold marigold 290K 9月   5 11:04 SRS-v1.2.0.tar.gz


(2) 本地 git bash
$ cd /d/py_code/SeqReportSys/code-backup
$ scp wangjl@192.168.1.3:/home/marigold/soft/SeqReportSys/backup/SRS-v1.2.0.tar.gz .


(3) 本地解压缩
$ cd /d/py_code/SeqReportSys/code-backup
$ tar zxvf SRS-v1.2.0.tar.gz

指定解压到某个文件夹:
$ mkdir SRS-v1.2.0
$ tar zxvf SRS-v1.2.0.tar.gz -C SRS-v1.2.0





========================================
----------------------------------------

========================================
----------------------------------------



========================================
----------------------------------------

========================================
----------------------------------------

