github 使用汇总
	主要是GitHub网站的使用

github的其他域名
https://github.com.cnpmjs.org/

github 登录方式的变化记录



========================================
gist.github.com (或 github.com) 被墙无法访问解决办法
----------------------------------------
windows下 打开C:\Windows\System32\drivers\etc\hosts文件   
编辑器打开，在最后行添加一行:

192.30.253.118 gist.github.com

保存。
over~




1.host 文件加入
20.205.243.166 github.com


2.更新DNS缓存
打开cmd，输入：
> ipconfig/flushdns




========================================
给github项目 打标签(Tags)、发布版本(Releases)
----------------------------------------
1. 区别

(1) 功能提供者不同
Tag 是一个 Git 中的基本概念，标记特定的提交；
而 Release 是 GitHub 提供的一个功能，基于标签的发布管理，包含附加信息和可下载的文件。

Tag 更加轻量和简单，而 Release 提供了更丰富的上下文和用户友好的功能。


(2) 示例
https://github.com/alexdobin/STAR/releases
https://github.com/satijalab/seurat/releases


警告：把tag维护成一个只读的版本，不要在tag上修改东西。






2.打标签 tag

添加标签
$ git tag -a "v6.6.0" -m "with search on LeftTop logo" 08f6b6b

查看标签
$ git tag
v6.6.0

提交标签
push单个tag：git push origin [tagname]
push所有tag：git push [origin] --tags

	push全部标签：$ git push github --tags
	push某个标签：$ git push origin v6.6.0



(2) 查看该标签对应的commit

$ git show v6.6.0
显示的是：提交的摘要信息(类似git log) + 变动细节(git diff)







3. 发布版本 release

tips: 需要针对某个 tag 做发布，所以需要先打标签，在发布。


(1)通过 GitHub 网站创建 Tag
登录到 GitHub。
转到您的仓库页面。
点击“Code”下拉菜单，选择“Releases”。
点击“Draft a new release”。
在“Tag version”字段中输入标签名（如 v1.0.0）。
选择目标分支（通常是主分支）。


(2) 发布 Release
在“Releases”页面，点击“Draft a new release”。
在“Tag version”字段中输入之前创建的标签名（或选择已存在的标签）。
在“Release title”字段中输入版本标题。
	txtBlog-v6.6.0::with search on topLeft logo
在“Describe this release”字段中添加发布说明，描述此版本的主要更新和更改。
	when click topLeft logo, goto search page

	可以添加更多Markdown格式的描述，如 https://github.com/satijalab/seurat/releases
	# Changes
	* pdated interactive `SpatialDimPlots` to display spatial coordinates
	* Fixed `SpatialPlot` to properly handle images with shared cells
如果需要，您可以上传相关的二进制文件或其他附件。
完成后，点击“Publish release”按钮。

查看效果：https://github.com/DawnEve/txtBlog/releases




========================================
GitHub Pages 的使用
----------------------------------------
1. GitHub Pages 支持从三个地方读取文件

docs/ 目录
master 分支
gh-pages 分支

推荐直接将文档放在 docs/ 目录下；
找到仓库的Settings设置页面，开启 GitHub Pages 功能并选择 master branch /docs folder 选项。




========================================
|-- (GitHub Pages) 校园网访问github.io被解析到127.0.0.1问题解决
----------------------------------------
1. 如果无法打开 github，则考虑如下步骤
(1) 查看登陆地所在地，最快的ttl对应的ip地址
http://ping.chinaz.com/github.com

广东深圳[多线]52.74.223.119

(2) 在 C:\Windows\System32\drivers\etc 下的 hosts中设置 github.com
52.74.223.119 github.com

(3)cmd中
> ipconfig /flushdns





1.问题发现
近期突然无法访问 github pages了，手机用4G可访问。
无奈 cmd下ping github.io 发现ip被解析127.0.0.1。

$ ping github.io
PING github.io(ip6-localhost (::1)) 56 data bytes
#
$ ping  github.io
PING github.io (127.0.0.1) 56(84) bytes of data.
64 bytes from localhost (127.0.0.1): icmp_seq=1 ttl=64 time=0.038 ms



$ nslookup github.io
Server:		172.18.1.92
Address:	172.18.1.92#53

Non-authoritative answer:
Name:	github.io
Address: 127.0.0.1
Name:	github.io
Address: ::1



对照:
$ nslookup baidu.com
Server:		172.18.1.92
Address:	172.18.1.92#53

Non-authoritative answer:
Name:	baidu.com
Address: 39.156.69.79
Name:	baidu.com
Address: 220.181.38.148







2. 解决问题
-查找可用github.io解析ip
-修改hosts文件
-dns解析刷新（使hosts生效）

(1)
http://mping.chinaz.com/Ping/SpeedTest/?host=github.io




(2)C:\Windows\System32\drivers\etc\hosts中添加
185.199.109.153	github.io

185.199.111.153 www.biomooc.com
185.199.110.153 ielts.biomooc.com


(3)cmd中
ipconfig /flushdns



(4) 在ubuntu中，
直接在/etc/resolv.conf里面第一行写一句nameserver 8.8.8.8，不排查上游了。
/etc/resolv.conf应该每次重启都会被resolved这个服务覆写，重启完可能得重新修改


排查路由表:
nslookup github.io 
dig github.io 



3.
其实最简单的，就是使用阿里云解析到一个ip，但是可能有地狱限制，不过至少自己可以用。





ref:
https://blog.csdn.net/jipang6225/article/details/80097072




========================================
|-- netlify.com 怎么用？ //todo
----------------------------------------
https://app.netlify.com/signup/start/connect/repos
偶联了 github.com/BioMooc/


成功案例: https://taoyan.netlify.app/









========================================
如何发起 Pull request(PR) 修复 其他人项目中 你发现的问题？ 
----------------------------------------
0.来源: 发现Vue3 文档翻译有问题
https://github.com/vuejs/docs-next-zh-cn/issues/480

https://v3.cn.vuejs.org/guide/component-template-refs.html

原句：This may be useful when you want to, for example, programmatically focus this input on component mount:

原翻译：例如，你希望以编程的方式 focus 这个 input 在组件上挂载，这可能有用

更好的翻译：例如，你希望在组件挂载时，以编程的方式 focus 这个 input 上，这可能有用






1. 参考 廖雪峰 教程

https://www.liaoxuefeng.com/wiki/896043488029600/900937935629664

如果你想修复bootstrap的一个bug，或者新增一个功能，立刻就可以开始干活，干完后，往自己的仓库推送。

如果你希望bootstrap的官方库能接受你的修改，你就可以在GitHub上发起一个pull request。当然，对方是否接受你的pull request就不一定了。

如果你没能力修改bootstrap，但又想要试一把pull request，那就Fork一下我的仓库：https://github.com/michaelliao/learngit，创建一个your-github-id.txt的文本文件，写点自己学习Git的心得，然后推送一个pull request给我，我会视心情而定是否接受。





2. 我的测试

(1) fork 到自己的仓库
(2) 修改

1)下载到本地并修改
$ git clone https://github.com/DawnEve/docs-next-zh-cn.git
$ cd docs-next-zh-cn
直接在master分支上commit了。

2) 也可以直接在github上找到文件，点击右上角的 铅笔 Edit this file, 直接修改。


https://github.com/w




(3) 登陆自己的github，

https://github.com/DawnEve/docs-next-zh-cn

顶部点击 Pull request

等待作者回应。


(4) 等 accept了，就可以删除自己fork的项目了。




========================================
Github action 入门
----------------------------------------
1. 本来想用 github action 执行一些 bookdown 书籍构建和发布
但是不会用

http://www.ruanyifeng.com/blog/2019/09/getting-started-with-github-actions.html
https://github.com/marketplace/actions/ssh-deploy#configuration
https://didiheng.com/front/2019-12-11.html

几个例子
https://github.com/rstudio/bookdown/blob/main/.github/workflows/Book.yaml
https://github.com/rstudio/rmarkdown/blob/main/vignettes/rmarkdown.Rmd
https://github.com/rstudio/rmarkdown/blob/main/.github/workflows/update-citation-cff.yaml



2. 简单例子

看了这么多，知道很多道理，
终于这个视频让我下手 https://www.zhihu.com/zvideo/1323979259615621120


(1) 目的
每10分钟，或者每次push时执行 /zhihu/文件夹中的 run.py 文件，在 test.txt 文件末尾添加一行时间戳，并记录到 github 上。

(2) 步骤

1) 新建 测试库 DawnEve/test_github_action

2) 新建文件 .github/workflows/*.yml
我使用的默认名字 main.yml，内容如下:

# This is a basic workflow to help you get started with Actions

name: wjlGA  #这个action的名字

# Controls when the workflow will run 触发条件
on:
  # Triggers the workflow on push or pull request events but only for the main branch
  push:
    branches: [ main ]
  pull_request:
    branches: [ main ]
  schedule:
    - cron: "10 * * * *" #支持定时任务，这个是每10min运行一次

  # Allows you to run this workflow manually from the Actions tab
  workflow_dispatch:


# A workflow run is made up of one or more jobs that can run sequentially or in parallel
jobs:
  # This workflow contains a single job called "build"
  build:
    # The type of runner that the job will run on
    runs-on: ubuntu-latest

    # Steps represent a sequence of tasks that will be executed as part of the job
    steps:
      # Checks-out your repository under $GITHUB_WORKSPACE, so your job can access it
      - uses: actions/checkout@v2

      - name: Set up Python env
        uses: actions/setup-python@v2
        with:
          python-version: 3.9
      
      # Runs a single command using the runners shell
      - name: Run a one-line script
        run: echo Hello, world!

      # Runs a set of commands using the runners shell
      - name: Run a multi-line script
        run: |
          echo Add other actions to build,
          echo test, and deploy your project.
      
      - name: Install envr
        run: |
          python -m pip install --upgrade pip
          pip install requests
      
      - name: Update zhihu
        run: |
          cd zhihu
          python run.py
        
      - name: commit
        run: |
          git config --global user.email jimmymall@live.com
          git config --global user.name jimmy
          git add .
          git commit -m 'action: `date`'
          git pull --rebase
      - name: Push changes
        uses: ad-m/github-push-action@master
        with:
          github_token: ${{ secrets.GITHUB_TOKEN }}



(3) 大概的解释

一个jobs下有很多 steps。
一个 steps 用 - 开头，可以有name，但 run 或 uses 二选一，不能同时有。

1) 带关键字 run 的 steps，是自己写的命令

      # Runs a single command using the runners shell
      - name: Run a one-line script
        run: echo Hello, world!

      # Runs a set of commands using the runners shell
      - name: Run a multi-line script
        run: |
          echo Add other actions to build,
          echo test, and deploy your project.

2) 带关键字 uses 的 steps 是别人写好的，我们直接用即可。这些也是有仓库的
      - uses: actions/checkout@v2
	  
      - name: Push changes
        uses: ad-m/github-push-action@master
        with:
          github_token: ${{ secrets.GITHUB_TOKEN }}


3) with 是指定参数的
      - name: Set up Python env
        uses: actions/setup-python@v2
        with:
          python-version: 3.9
		  
		  
      - name: Push changes
        uses: ad-m/github-push-action@master
        with:
          github_token: ${{ secrets.GITHUB_TOKEN }}







========================================
|-- shell 脚本: 如果repo有变动，才自动提交
----------------------------------------

shell脚本中实现自动push 更新，如果有更新，执行git  add,git commit,git push 等操作，没有则不操作。
https://blog.csdn.net/liurizhou/article/details/105072704

if [ -n "$(git status -s)" ];then
    git add .
    git commit -m "update file"
    git push origin master
fi








========================================
记录一个目录的代码文件 apa_raw, 并推送到 gitee
----------------------------------------
1. on 193 server

(1) dir 
$ cd /home/wangjl/data/apa


(2) .gitignore 只记录特定的后缀名
如何写.gitignore只包含指定的文件扩展名

# .gitignore
# 首先忽略所有的文件
*

# 但是不忽略目录
!*/
!script/

# 忽略一些指定的目录名
backup/
dustbin/
.ipynb_checkpoints/
.snakemake/
test/

# 忽略大文件
*.zip
*.rar
*.pdf
*.xls
*.xlsx
*.csv
*.png
*.html
*.log

*.fasta
*.fa
*.fq
*.fastq
*.fastq.gz
*.fq.gz
*.sam
*.bam
*.bam.bai
*.bed



# 不忽略下面指定的文件类型
!*.c++
!*.cc
!*.cp
!*.cpp
!*.cxx

!*.sh
!*.R
!*.py
!*.ipynb


(3) 添加记录文件
$ vim changeLog.txt
Project name: apa_raw


(4) 提交 commit
$ git --version
git version 2.9.0

$ git init 
$ git add .
$ git status 
查看，确实都是 R, py, ipynb 文件

$ git commit -m 'v0.1 apa_raw'


(5) 推送到 gitee
https://gitee.com/dawnEve/projects
https://gitee.com/dawnEve/apa_raw


$ git config --global user.name "dawnEve"
$ git config --global user.email "jimmymall@live.com"

git remote add origin https://gitee.com/dawnEve/apa_raw.git
git push -u origin "master"







========================================
github 新建机构: github.com/BioMooc
----------------------------------------
1. 转移一个成熟项目过去 webPan.py 

$ git config user.email
JimmyMall@live.com

旧的
$ git remote -v
origin  git@github.com:DawnEve/webPan.py.git (fetch)
origin  git@github.com:DawnEve/webPan.py.git (push)

删掉重新添加
$ git remote rm origin
$ git remote add origin git@github.com:BioMooc/webPan.py.git

新的
$ git remote -v
origin  git@github.com:BioMooc/webPan.py.git (fetch)
origin  git@github.com:BioMooc/webPan.py.git (push)

然后就是正常的 git add/commit/push 操作。





2. 转移 txtBlog.py
$ git remote rm origin
$ git remote add origin git@github.com:BioMooc/txtBlog.py.git


如果让输入密码，一定是原来是 https 而不是 git 开头的协议。https 已经失效了。








========================================
基于 github 的评论系统：gitment //todo
----------------------------------------
https://www.cnblogs.com/niyueling/p/11563006.html






========================================
** 彻底清除Github上某个文件以及历史(敏感操作)
----------------------------------------
不小心把含有很多人信息的通信录push到github了，虽然立刻删除了该文件，但是历史记录还在，github搜索还能找到，怎么办？
下面6行代码能彻底删除该文件及其历史记录。
虽然不知道他们的作用机制是什么，不过真的解决了我的问题。看起来，以前我说我熟练掌握git，真是自不量力。


注意：如下操作会删除选中的文件以及历史记录，若你想保留最新版本的记录，请做好备份。
cd进入到你的本地项目文件夹，然后依次执行下面6行命令即可：

git filter-branch --force --index-filter 'git rm --cached --ignore-unmatch FILE_PATH' --prune-empty --tag-name-filter cat -- --all

git push origin master --force

rm -rf .git/refs/original/

git reflog expire --expire=now --all

git gc --prune=now

git gc --aggressive --prune=now
注意上面的FILE_PATH是文件全路径



实例：比如彻底删除一个联系人信息表:
git filter-branch --force --index-filter 'git rm --cached --ignore-unmatch Python/dustbin/contact.html' --prune-empty --tag-name-filter cat -- --all
并push即可。





2. 实例：webPan项目中有一个nb测试文件，莫名其妙被记录为代码了，还不小
(1) 这是记录和手动删除的commit
@J3$ git log -- templates/nbpreview/data/w.step1.Figure3.CD4_global_diffmap.ipynb
commit 4d3138a52c01f09af57b7a5f9f6a24862bb3a5c6
Author: Jimmy <JimmyMall@live.com>
Date:   Tue Oct 15 21:35:55 2024 +0800

    v0.6.8@sust 预览 歌词.lrc, .bat 代码模式 [2024/10/15]

commit 9064510d30579ea2346cfcce8378e492dc271621
Author: jimmy <jimmymall@live.com>
Date:   Fri May 17 17:52:46 2024 +0800

    v0.5.9 preview jupyter notebook [2024/5/17]
#

(2) 使用 filter-branch 删除文件
运行以下命令以删除特定文件（例如 path/to/your/file.txt）的所有历史记录：

$ git filter-branch --force --index-filter \
  'git rm --cached --ignore-unmatch templates/nbpreview/data/w.step1.Figure3.CD4_global_diffmap.ipynb' \
  --prune-empty --tag-name-filter cat -- --all
命令解释
--force：强制执行。
--index-filter：使用给定的命令来处理索引。
git rm --cached --ignore-unmatch path/to/your/file.txt：从索引中删除文件，但保留工作目录。
--prune-empty：删除空提交。
--tag-name-filter cat：保留标签。
-- --all：对所有引用进行操作。


(3) 检查更改
确保文件已成功删除：
$ git log -- templates/nbpreview/data/w.step1.Figure3.CD4_global_diffmap.ipynb
$
$ du -sh
6.3M    .


检查之前多大，同时备份：之前的更小....
	D:\ProgramFiles\webPan.py 改名为 webPan.py-删除nb文件前备份
	$ du -sh
	4.8M    .


(4) 强制推送更改（如果是远程仓库）
如果需要将更改推送到远程仓库，请使用以下命令强制推送：
$ git push origin --force --all
我的把 origin 替换为 gitee了。

如果您的仓库有标签，也可以强制推送标签：
$ git push origin --force --tags


(5) 清理和优化仓库
在删除文件之后，可以使用以下命令清理和优化 Git 仓库：
$ git reflog expire --expire=now --all
$ git gc --prune=now --aggressive

检查大小：
$ du -sh
4.8M    .
可能还有隐藏文件和日志文件，文件大小不符合预期（没变小）。



refer:
https://www.cnblogs.com/xxoome/p/7794090.html
https://www.cnblogs.com/xieqiankun/p/del_github_file_history.html







========================================
github 登录：推送到新库失败的几个原因？
----------------------------------------
终极测试方法
$ ssh -T git@github.com
Hi DawnEve! You've successfully authenticated, but GitHub does not provide shell access.
表明连接成功!


1.可能没有设置用户名和邮箱，每个项目都要设置！
查看邮箱的方式
git show #第一行就是用户名和邮箱。
或
git config user.email

查看最近提交使用的用户名和邮箱
git log -n 5

设置有户名和邮箱
git config --global user.name "jimmy" //给自己起个用户名
git config --global user.email  "JimmyMall@live.com" //填写自己的邮箱





2.远端库名添加错了，先删掉
git remote rm origin

再重新添加
git remote add origin git@github.com:DawnEve/txtBlog.py.git

并覆盖式推送
git push -u origin master  #首次推送使用-u参数，以后的推送就不要加-u了。





3.可能ssh key没有设置正确



========================================
|-- 设置/重新设置 ssh key
----------------------------------------
(1)重新在git设置一下身份的名字和邮箱
git config --global user.name "yourname"
git config --global user.email "your@email.com"
这里的yourname必须与github的用户名一致
这里your@email.com必须与github登录邮箱一致

(2)删除.ssh文件夹下的known_hosts文件(该文件主要作用是域名解析)，id_rsa和id_rsa.pub文件。
C:\Users\admin\.ssh

(3)ssh-keygen -t rsa -C "your@email.com" #(填写github对应的邮箱)
一路回车即可，无需输入

(4)进入github设置界面
右上角头像点击，选择settings，
左边点击 SSH and GPG keys,
右上角点new SSH Key，
把 C:\Users\admin\.ssh下的 id_rsa.pub内容粘贴进去，title随便命名。

就可以push了。


https://www.cnblogs.com/youcong/p/11111397.html


========================================
|-- 设置了 ssh key ，为什么有些项目还是要输入用户名和密码？
----------------------------------------
1. git为什么我使用ssh keys还是需要输入用户名和密码

If you’re switching from HTTPS to SSH, you’ll need to update your remote repository URLs

然后才知道如果使用ssh key的话，只能对ssh的连接进行使用。
那么如何该如何查看本地的repository的url是什么及改变呢?

查看命令:git remote -v


(1) 下面格式是代表使用的ssh:
git remote -v
origin  git@github.com:${USERNAME}/${REPOSITORY}.git (fetch)
origin  git@github.com:${USERNAME}/${REPOSITORY}.git (push)


(2) 下面代表使用的是https:
origin  https://github.com/${USERNAME}/${REPOSITORY}.git (fetch)
origin  https://github.com/${USERNAME}/${REPOSITORY}.git (push)


(3) 设置命令是:git remote set-url

git remote set-url origin https://github.com/${USERNAME}/${REPOSITORY}.git

其中带${}是根据情况需要设置的变量。
附:官方链接
https://docs.github.com/en/github/getting-started-with-github/getting-started-with-git/managing-remote-repositories


或者先删除，再添加
$ git remote remove origin 
$ git remote add origin https://github.com/octocat/Spoon-Knife.git




2. 实例 
$ git remote -v
origin  https://github.com/DawnEve/StackNote.git (fetch)
origin  https://github.com/DawnEve/StackNote.git (push)

$ git remote set-url origin git@github.com:DawnEve/StackNote.git

$ git remote -v
origin  git@github.com:DawnEve/StackNote.git (fetch)
origin  git@github.com:DawnEve/StackNote.git (push)


如果设置过ssh key, 则现在可以直接push了。
这样就比较危险了，注意设置锁屏密码，并在离开电脑时 win+L 锁屏幕。



ref:
https://blog.csdn.net/kang389110772/article/details/52578592







========================================
|-- 一个电脑设置多个 ssh key 访问多个 github 账号  
----------------------------------------
今天(2021年8月15日) github 不允许使用账号密码推送代码了，必须使用ssh key。
那么问题来了，
如果在一台电脑上工作，但是有好几个github账号，怎么设置 ssh key 呢？


1. 默认的 ssh key 设置
$ ls ~/.ssh/
下是空的。

(1) 生成第一个秘钥对
$ ssh-keygen -t rsa -C "jimmyMall@xxx3.com" 

然后会提示三次：
- 1.输出秘钥的路径：
- 2.密码
- 3.确认密码

这三个选项都是可以直接enter的，如果都选择默认的，就会在~/.ssh/目录下创建id_rsa 和 id_rsa.pub，很明显id_rsa是私钥，id_ras.pub是公钥。
- 私钥当然是不能放在其他地方，只能放在本地。
- 而我们需要的是把id_rsa.pub添加在github的key列表中。

(2) 添加公钥到Github
$ cat ~/.ssh/id_rsa.pub
登录自己的github账号，点击右上角头像。选择settings。点击SSH and GPG keys,点击new ssh key
输入一个key名，然后在下面的文本框中粘贴进公钥，点击确定就可以了。


(3) 测试是否连通
$ ssh -T git@github.com
要添加ip地址，输入yes，最后一条显示连通了
Hi miostudio! You've successfully authenticated, but GitHub does not provide shell access.

(4) 尝试 push 到github
查看 
$ git remote  -v
origin  https://github.com/miostudio/linux_C.git (fetch)
origin  https://github.com/miostudio/linux_C.git (push)

这种https协议改成git协议才能使用ssh key 登录。
$ git remote rm origin #先删除之前的远端仓库https链接
$ git remote add origin git@github.com:miostudio/linux_C.git

再查就变成 ssh 链接了
$ git remote  -v
origin  git@github.com:miostudio/linux_C.git (fetch)
origin  git@github.com:miostudio/linux_C.git (push)

使用 $ git push origin master 就直接推送成功了。



(5) (可选)扫盲知识：上传代码仓库到 github 
$ cd <your object>
$ git init #初始化仓库，可以让你的当前文件夹成为一个git仓库
$ git remote add origin git@<Host>:xxxx/test.git	#添加一个远程仓库地址,Host要写刚才ssh config中的。
$ git push origin master

出现上传代码的数据流就上传成功了。










2. 在同一台电脑的同一个账号下，如果想推送到另一个 github B账号，怎么配置呢？

(1) 生成 ssh key
$ ssh-keygen -t rsa -C "jimmyMall@xxxe.com" 
文件名要新建一个，使用绝对地址，防止被覆盖: /home/wangjl/.ssh/eve_id_rsa
另两个是密码，直接 enter 跳过设置。

在 ~/.ssh 下有多生成2个文件，
$ ls -lth ~/.ssh
total 20K
-rw------- 1 wangjl wangjl 1.7K Aug 14 11:58 eve_id_rsa
-rw-r--r-- 1 wangjl wangjl  400 Aug 14 11:58 eve_id_rsa.pub

-rw-r--r-- 1 wangjl wangjl  884 Aug 14 11:48 known_hosts
-rw------- 1 wangjl wangjl 1.7K Aug 14 11:47 id_rsa
-rw-r--r-- 1 wangjl wangjl  399 Aug 14 11:47 id_rsa.pub

(2) cat ~/.ssh/eve_id_rsa.pub 的内容添加到账号 github B的公钥中。


(3) 把密码加到系统中【搞不懂这一步干啥用的】
$ ssh-agent bash
$ ssh-add ~/.ssh/eve_id_rsa
Identity added: /home/wangjl/.ssh/eve_id_rsa (/home/wangjl/.ssh/eve_id_rsa)

# 可以通过 ssh-add -l 来确私钥列表
$ ssh-add -l
# 可以通过 ssh-add -D 来清空私钥列表
$ ssh-add -D



(4) 配置文件
如果你在新建秘钥的时候使用了自定义的名称，比如 eve_id_rsa，你需要再配置一个config文件
$ vim ~/.ssh/config
# github 1
Host mio
    HostName github.com
    PreferredAuthentications publickey
    IdentityFile ~/.ssh/id_rsa

# github 2
Host eve
    HostName github.com
    PreferredAuthentications publickey
    IdentityFile ~/.ssh/eve_id_rsa

ESC+:wq保存退出.



其他人可以社会更多参数(User, ServerAliveInterval等)，可以看看什么意思：
Host github
    User git  
    HostName github.com
    PreferredAuthentications publickey
    IdentityFile ~/.ssh/github_rsa
    ServerAliveInterval 300
    ServerAliveCountMax 10


(5) 测试
$ ssh -T git@github.com
Hi DawnEve! You've successfully authenticated, but GitHub does not provide shell access.

注意： @符号后是设置的 host。
$ ssh -T git@mio
Hi DawnEve! You've successfully authenticated, but GitHub does not provide shell access.

$ ssh -T git@eve
Warning: Permanently added the RSA host key for IP address '13.229.188.59' to the list of known hosts.
Hi DawnEve! You've successfully authenticated, but GitHub does not provide shell access.

如果出现Hi yourname! You’ve successfully authenticated, but GitHub does not provide shell access.说明配置成功了。

我的失败怎么办？-v 显示更多参数
$ ssh -Tv git@eve
miostudio@github.com: Permission denied (publickey).



(6) 把代码 push 到github仓库：必须调整 git remote 的url了。
旧的地址:
$ git remote -v
origin	git@github.com:DawnEve/snakemakeWorkflow.git (fetch)
origin	git@github.com:DawnEve/snakemakeWorkflow.git (push)

测试通的新地址:
$ ssh -T git@eve
Hi DawnEve! You've successfully authenticated, but GitHub does not provide shell access.

修改新地址:
$ git remote set-url origin git@eve:DawnEve/snakemakeWorkflow.git 

查询新地址
$ git remote -v
origin	git@eve:DawnEve/snakemakeWorkflow.git (fetch)
origin	git@eve:DawnEve/snakemakeWorkflow.git (push)

推送代码
$ git push origin master
...
To eve:DawnEve/snakemakeWorkflow.git
   cc740a8..42df284  master -> master

另一个仓库地址的调整类似。




小结：为了体验的一致性，建议把最常用的github账号对应的配置文件的 host 设置为 github.com ，这样就不用修改该仓库的 git remote url就可以直接使用了。






(7) 不太懂的命令
用 ssh -T git@github.com 命令，检查当前配置的SSH对应的git账号；
用 $ ssh-add -K ~/.ssh/id_rsa (id_rsa对应目标账户的私钥)命令，指定目标Git账号。


https://my.oschina.net/stefanzhlg/blog/529403
https://blog.csdn.net/hffygc/article/details/84021548







========================================
|-- github仓库开始启用Token认证，用户名密码模式将在2021年8月停止使用
----------------------------------------
提交代码到github原本使用github的登录账号和密码即可。现在github出于安全的考虑，将在2021年8月停止使用账号和密码的方式访问github仓库，改为token认证的方式。


1. 登录 github 账号，
点击右上角三角符号，下拉菜单选择 Settings
点击左下角 Developer settings
点击左下角 Personal access tokens
点击 Generate a personal access token

2. 输入密码后进入新页面，
填写一个 Note: testGh
选择repo
点击底部的 Generate token

新页面会生成 ghp_iY***zW
复制token，并保存到本地好，github不会保存token，离开这个页面就再也看不到这个token了。


以后访问github仓库就这样：
$ git clone https://github.com/username/repo.git
Username: your_username
Password: your_token


据说最佳实践是这样的：
$ git remote rm <远程仓库连接名>
$ git remote add <新远程仓库连接名> https://<TOKEN>@github.com.cnpmjs.org/<User>/<Repos>.git
$ git push <新远程仓库连接名> main





========================================
|-- bitbucket 也不允许使用密码和https直接提交了 2022年3月
----------------------------------------
https://id.atlassian.com/
https://bitbucket.org/dashboard/overview


https://bitbucket.org/blog/deprecating-atlassian-account-password-for-bitbucket-api-and-git-activity


How to create an app password
To create an app password:

1.From your profile and settings avatar, select Personal settings.
2.Select App passwords under Access management.
3.Select Create app password.
4.Give the app password a name related to the application that will use the password.
5.Select the specific access and permissions you want to assign to this application password.
6.Copy the generated password and either record or paste it into the application you want to give access. The password is only displayed this one time.

More details on app passwords (including usage and revocation) can be found in Bitbucket documentation.

登录。
1左下角头像，点击，选择 Personal settings.
2左侧 ACCESS MANAGEMENT 下的 App passwords
3点击Create app password.
4写个名字 myProj，给Repo 4个全选
5.密码只出现一次，注意保存。




========================================
|-- [真恶心] 两步验证 Two-factor authentication (2FA) is required for your GitHub account 2023.12.22
----------------------------------------
1.
This will only take a minute.
Enable 2FA now. You'll be able to continue on with your work right after.
Two-factor authentication adds an additional layer of account security. It is a proven method of keeping you safe from hackers and account takeover, even if your password is stolen or compromised.

You have 8 days left to enable 2FA. Take action now to avoid additional interruptions.


(1) 参考 https://blog.csdn.net/sinat_20174131/article/details/129686256

https://docs.github.com/en/authentication/securing-your-account-with-two-factor-authentication-2fa/configuring-two-factor-authentication
# 就2步：
# 1、使用`Authenticator app`方式：手机下载app： Microsoft Authenticator（不需要注册，用来实时扫码就行）
# *、第一次github2FA扫码会生成一个`github-recovery-codes.txt`，保存到本地，用来恢复账号。
# 2、再次保命，使用`Security keys`方式：按提示输入一个`key name`，windows用户直接用锁屏pin码验证即可。
搞定！



(1) 下载 Authenticator app
https://www.microsoft.com/en-us/security/mobile-authenticator-app#overview
https://www.microsoft.com/zh-cn/security/mobile-authenticator-app

通过第三方下载了一个安装程序，无法转移到手机上：通过qq会自动换后缀名
    http://www.3761.com/soft/133338.html

安装 处境易，搜索 Microsoft Authenticator，安装成功。
    打开，不用登录，直接扫描二维码，输入 github 后出现2列密码，保存到本地和 私人qq群 github-recovery-codes.txt
    警告：Keep your recovery codes in a safe spot
    If you lose your device and don't have the recovery codes, you will lose access to your account.
    我的理解：便于哪天万一手机设备不可用或丢失时，可通过【恢复码】充当备用（相对于手机认证器）第2认证因子。


(2) 点击我已经保存，弹出3个更多配置方法
- Passkeys
Passkeys are a password replacement that validates your identity using touch, facial recognition, a device password, or a PIN.
- Security keys
Use a physical hardware-based security key (e.g. YubiKey).
- GitHub Mobile
The GitHub Mobile app on your phone can be used as a 2FA method. Enable it by installing the GitHub Mobile app for iOS or Android and signing in to your account.


1) Add a passkey
Your device supports passkeys, a password replacement that validates your identity using touch, facial recognition, a device password, or a PIN.
Passkeys can be used for sign-in as a simple and secure alternative to your password and two-factor credentials.




Two-factor methods 的好处: 
https://blog.csdn.net/i042416/article/details/134991503






========================================
github 统计
----------------------------------------


========================================
|-- github 上展示账户指标，repo star个数时间线
----------------------------------------
# 常用指标: star, commits, PR, issues, contributed to 等

[![DawnEve's github stats](https://github-readme-stats.vercel.app/api?username=MioStudio&show_icons=true&include_all_commits=true)](https://github.com/DawnEve)


## Stargazers over time

[![Stargazers over time](https://starchart.cc/DawnEve/txtBlog.svg)](https://starchart.cc/DawnEve/txtBlog.svg)







========================================
|-- github 统计语言 jupyter notebook 过多，怎么降低？//todo
----------------------------------------

1. .gitattributes 文件来指定某些文件类型不被计算在语言统计中：

- 在您的仓库中创建或编辑 .gitattributes 文件。
- 添加以下行以忽略 Notebook 文件：

*.ipynb linguist-ignore

这将防止 GitHub 统计这些文件，从而可能降低 Jupyter Notebook 在语言统计中的比例。


建议2
https://docs.gitlab.com/ee/user/project/repository/#repository-languages
$ cat .gitattributes
*.ipynb linguist-detectable=false


建议3
https://stackoverflow.com/questions/72898768/gitlab-remove-notebooks-from-language-percentage
*.ipynb -linguist-detectable


建议4: 实战 - 采用
https://github.com/serengil/deepface/blob/master/.gitattributes
*.ipynb linguist-vendored





2. 语言统计

https://github-readme-stats.vercel.app/api/top-langs/?username=DawnEve&layout=compact

https://github-readme-stats.vercel.app/api/top-langs/?username=DawnEve&count_private=true&langs_count=10&layout=compact&size_weight=0&count_weight=1
https://github-readme-stats-kitswas.vercel.app/api/top-langs/?username=DawnEve&count_private=true&langs_count=10&layout=compact&size_weight=0&count_weight=1



3. Github 首页 图表

https://github.com/kitswas/kitswas/blob/main/README.md






Ref:
https://github.com/gitattributes/gitattributes/blob/master/Python.gitattributes
https://github.com/github-linguist/linguist



========================================
|-- GitHub Star 统计曲线
----------------------------------------

1. 实例

## Star History

[![Star History Chart](https://api.star-history.com/svg?repos=dawnEve/txtBlog#gh-light-mode-only)](https://star-history.com/#noodle-run/noodle#gh-light-mode-only)
[![Star History Chart](https://api.star-history.com/svg?repos=dawnEve/txtBlog&theme=dark#gh-dark-mode-only)](https://star-history.com/#noodle-run/noodle#gh-dark-mode-only)


2. 官方示例

## Star History

[![Star History Chart](https://api.star-history.com/svg?repos=noodle-run/noodle&type=Date)](https://star-history.com/#noodle-run/noodle&Date)




========================================
|-- github 上新提交记录显示的用户名不是自己？
----------------------------------------
要点描述：github项目代码紧邻上一行显示的最新提交的用户名，竟然不是自己？！


1. 多半是git记录设置的邮箱和当前github账号的邮箱不一致。

(1) 查询本地git的邮箱
查看邮箱的方式
git show #第一行就是用户名和邮箱。
或
git config user.email

查看最近提交使用的用户名和邮箱
$ git log -n 2
commit 39b1e51d56c0c3b707fef2677f33667df21d485d (HEAD -> master, origin/master)
Author: Jimmy at Ubuntu <**@**.com>
Date:   Sat Aug 7 12:43:42 2021 +0800

    v0.9 add rules/08_get_matrix.sf

(2) 查询 github 设置的邮箱
右上角头像 -> Settings
查看 Public email 显示框。


(3) 修改本地git的邮箱，要和github一致。
设置有户名和邮箱
git config --global user.name "jimmy" //给自己起个用户名
git config --global user.email  "**@**.com" //填写自己的邮箱

以后commit的更新就显示是github当前账号了。

如果服务器上自己的账号下有好几个代码仓库，分别对应着不同的远方仓库，使用不同的邮箱地址，为了防止互相影响，需要去掉 --global 参数。


或者直接在项目下修改配置文件
$ vim .git/config
修改/添加三行
[user]
        email = JimmyMall@live.com
        name = jimmy at Ubuntu






========================================
github 上的 emoji 表情及使用场景
----------------------------------------
想不到可爱的表情居然还有严格的规范!



1. 使用方法

(1) 直接在 issue 使用
:zap:
:ambulance:
:tada:

(2) 在 git commit -m 中使用 

$ git commit -m ":tada: fisrt commit"





2. 使用规范
(1) An emoji guide for your commit messages.

https://gitmoji.dev/
https://github.com/carloscuesta/gitmoji


选几个我可能用的
修复 bug :bug:
(火花)	:sparkles:	引入新功能



(2) emoji 指南
emoji	/emoji 代码	 /commit 说明

:art: (调色板)	:art:	改进代码结构 / 代码格式
:zap:(闪电)	:zap:	提高性能
:fire: (火焰)	:fire:	移除代码或文件
:bug: (bug)	:bug:	修复 bug
:ambulance: (急救车)	:ambulance:	重要补丁
:sparkles: (火花)	:sparkles:	引入新功能
:memo: (备忘录)	:memo:	撰写文档

:rocket: (火箭)	:rocket:	部署功能
:lipstick: (口红)	:lipstick:	更新 UI 和样式文件
:tada: (庆祝)	:tada:	初次提交
:white_check_mark: (白色复选框)	:white_check_mark:	增加测试
:lock: (锁)	:lock:	修复安全问题
:apple: (苹果)	:apple:	修复 macOS 下的问题
:penguin: (企鹅)	:penguin:	修复 Linux 下的问题
:checkered_flag: (旗帜)	:checked_flag:	修复 Windows 下的问题
:bookmark: (书签)	:bookmark:	发行 / 版本标签
:rotating_light: (警车灯)	:rotating_light:	移除 linter 警告
:construction: (施工)	:construction:	工作进行中
:green_heart: (绿心)	:green_heart:	修复 CI 构建问题
:arrow_down: (下降箭头)	:arrow_down:	降级依赖
:arrow_up: (上升箭头)	:arrow_up:	升级依赖
:construction_worker: (工人)	:construction_worker:	添加 CI 构建系统
:chart_with_upwards_trend: (上升趋势图)	:chart_with_upwards_trend:	添加分析或跟踪代码
:hammer: (锤子)	:hammer:	重大重构
:heavy_minus_sign: (减号)	:heavy_minus_sign:	减少一个依赖
:whale: (鲸鱼)	:whale:	Docker 相关工作
:heavy_plus_sign: (加号)	:heavy_plug_sign:	增加一个依赖
:wrench: (扳手)	:wrench:	修改配置文件
:globe_with_meridians: (地球)	:globe_with_meridians:	国际化与本地化
:pencil2: (铅笔)	:pencil2:	修复错别字
:ok_hand: (OK 手势)	:ok_hand:	由于代码审查更改而更新代码




ref: https://qq52o.me/1974.html



