git使用详解: 基础教程




========================================
** git操作中常用的命令：使用场景及命令持续补充中...
----------------------------------------

一. 初始化一个Git仓库，添加文件到该仓库
操作步骤：
1. 创建一个文件夹gitTest，进入该文件夹，执行git init命令。
2. 添加文件到git仓库，使用git add <file>添加，git commit提交。

二. 查看提交记录
操作步骤：
1. 进入gitTest文件夹，执行git log命令，如果内容过多可以采用 git log --pretty=oneline

三. 如何回退到指定版本
HEAD^表示上一个版本，HEAD^^表示上上个版本，HEAD~100，表示上100个版本
操作步骤：
1.进入gitTest文件夹，执行git log命令，查看commit信息，得到commit命令的Id,
执行 git reset --hard <commitId>就可以穿越到指定版本。

四. 如何查看命令的历史
操作步骤：
1. 执行git reflog查看命令历史

五. 当你在工作区改错了文件，想直接丢弃工作区的修改？
操作步骤：
1. 执行命令git checkout -- <file>，丢弃文件的修改

六. 当你不只是改错了文件，而且还添加到了暂存区，如果想丢弃修改？
操作步骤：
1. 执行命令git reset --HEAD <file>，从暂存区删除
2. 执行命令git checkout -- <file>，丢弃文件的修改




========================================
安装 git
----------------------------------------
1. windows可以双击安装，一路默认即可。

2. centOS 自带的太古老，怎么更新呢？

$ git version
git version 1.8.3.1


(1) 尝试1：失败
https://mirrors.edge.kernel.org/pub/software/scm/git/

$ wget https://mirrors.edge.kernel.org/pub/software/scm/git/git-2.31.1.tar.xz 
$ tar -xvJf git-2.31.1.tar.xz

安装到自己目录下 ~/bin/
$ cd git-2.31.1/

README.md 说安装方法看 INSTALL
$ make
$ make install

make时很多报错:
/home/wangjl/software/anaconda3/lib/libcurl.so: undefined reference to `OpenSSL_version_num@OPENSSL_1_1_0'
又是

$ ./configure --prefix=/home/wangjl/

(2) 换一个压缩格式 gz 
$ wget https://mirrors.edge.kernel.org/pub/software/scm/git/git-2.41.0.tar.gz
$ tar zxvf git-2.41.0.tar.gz

$ cd git-2.41.0/
好了

$ vim ~/.bashrc
export PATH=/home/wangjl/soft/:$PATH

$ git --version
git version 2.9.0







2. 另一个较低的版本
(1) 安装

$ wget https://mirrors.edge.kernel.org/pub/software/scm/git/git-2.9.0.tar.gz
$ tar -zxvf git-2.9.0.tar.gz

$ cd git-2.9.0
## ./configure --prefix=/usr/local
$ ./configure --prefix=/home/wangjl/

$ make
$ sudo make install

$ git version
git version 1.8.3.1 #这个版本没有颜色，使用时很费眼。
看来新安装的优先级不高，直接设置别名吧。


(2) 设置别名
$ whereis git
git: /usr/bin/git /usr/include/git2.h /home/wangjl/bin/git /usr/share/man/man1/git.1.gz

$ vim ~/.bashrc
## 末尾添加
alias git=/home/wangjl/bin/git

$ source ~/.bashrc
$ git version
git version 2.9.0 #这个版本至少有颜色了，比较好用。





========================================
|-- git 设置提交者用户信息
----------------------------------------
为确保你提交的代码身份被 Gitee/Github 正确识别，请执行以下命令完成配置
	git config --global user.name 'dawnEve' 
	git config --global user.email 'x@y.com'



我一般避免全局设置，不用 --global 参数：
$ git config  user.name 'dawnEve' 
$ git config  user.email 'x@y.com'











========================================
Git GUI 中文乱码怎么办？
----------------------------------------
现在git bash设置
$ git config --global gui.encoding utf-8

重新打开 Git GUI 即可。



========================================
|-- windows下右击 Git GUI 看不到窗口怎么办？
----------------------------------------
1. windows 半夜偷偷重启后 git GUI 无法正常显示怎么办？
没版本，windows的bug，只有等一段时间git更新了。
先用bit bash。


(1)发现有的repo正常打开Git GUI，有的打开异常，看不到窗口。
对比发现是 .git/config 的内容差异：

1)正常:
[gui]
	wmstate = normal
	geometry = 1556x772+50+191 289 303


2)看不到窗口的：
txtBlog2/
[gui]
	wmstate = iconic
	geometry = 1410x847+2051+83 349 485

webPan.py/:
[gui]
	wmstate = normal
	geometry = 1202x682+1925+233 349 218

txtBlog/:
[gui]
	wmstate = normal
	geometry = 1746x704+1938+124 282 485



(2)解决方法：怎么看到 Git GUI 窗口？
gui:: 这两行都改成正常的参数，比如(1)-1)，就正常了。
或者 直接删除 gui::geometry 行。再次右击选择 Git GUI 会自动生成这一行。



(3) 问GPT这两行什么意思？

1556x772 表示窗口分辨率
+50+191 表示窗口左上角在屏幕的X/Y坐标（建议设置为正数且小于屏幕分辨率）
最后两组数字可能与窗口内部面板尺寸相关

可能是因为geometry参数为屏幕范围内的坐标，
	而有些值从笔记本的设备，在当前屏幕下是不可见位置，所以跑到屏幕最右侧了。




========================================
|-- vim打开文件之后出现的^M是什么
----------------------------------------

- Windows下的换行符是：\r\n
- Linux/Unix下的换行符是：\n

M就是就是在行尾显示的\r。之所以显示为M是因为Linux下一般用表示Ctrl键，而Ctrl+M表示回车，你可以在命令行里试试。如果一个文件在Win和Linux下都被编辑过，那这个文件的换行符可能混杂了\r\n与\n，这时Vim会认为这个文件是用\n换行的，多余的\r就用M表示出来了。如果文件的换行符全部是\r\n，Linux下用Vim打开是不会看到^M符号的。



=> 遇到一个全文被修改的文件，git diff 查看全是结尾多了一个 ^M，这时什么意思？

$ sed -i 's/\r//' index6.html
这时，git status 认为修改过了，而 git diff 又没有输出：
$ git status 
$ git diff index6.html
只好手动回退到上一个版本
$ git checkout index6.html


$ git reset --hard 7285ba381 #上一个版本
https://gitee.com/dawnEve/scIGV






========================================
一.git文件状态变化
----------------------------------------	
  Untracked            UnModified            Modified            Staged
     |                     |                    |                  |   
     |---Add the file -------------- ------------- --------------->|  
     |                     |                    |                  |      
     |                     |---Edit the file--->|                  |      
     |                     |                    |                  |      
     |                     |                    |--Stage the file->|      
     |                     |                    |                  |      
     |<--Remove the file---|                    |                  |      
     |                     |                    |                  |      
     |                     |<--------- ----------- -------Commit---|      
     |                     |                    |                  |  

  状态说明：
            Untracked: 刚新加的文件，还没有纳入git管理范围
           UnModified: 已经committed的文件
             Modified: 已经committed的文件，通过vi等修改后，就变成Modified
               Staged: git add 后的文件

  状态转换:
      Untracked->Staged: 通过git add 来完成
   UnModified->Modified: 修改文件内容来完成，比如vi命令
       Modified->Staged: 通过git add 来完成
  UnModified->Untracked: 通过git rm 来完成    
     Staged->UnModified: 通过git commit 来完成
                                      
		
# 工作区、暂存区





========================================
|-- 查看提交记录 git log
----------------------------------------

基础命令 
git log 


限制显示3条
git log -n 3


只用一行显示(一行时，不显示作者和日期)
git log --oneline

图形化显示
git log --graph 


图形化、一行简略显示
git log --graph --decorate --oneline


显示所有分支
git log --graph --decorate --oneline --simplify-by-decoration --all
参数解释:
--decorate： 标记会让git log显示每个commit的引用
--oneline： 一行显示
--simplify-by-decoration：只显示被branch或tag引用的commit
--all: 所有分支



========================================
二.正常流程
----------------------------------------
  2.1 git clone 从远程拉一个工程下来  
    #git clone git@github.com:sotrip/gittest.git	     
    Cloning into 'gittest'...
    warning: You appear to have cloned an empty repository.
    Checking connectivity... done. 
  
  2.2 增加一个文件
    #vi 1.txt  里面内容如下:
    the first line
  
  2.3 git status 查看状态
    #git status
    On branch master            //表示我们目前在master分支上
    
    Initial commit
    
    Untracked files:            //有哪些文件是Untracked状态，有1.txt
      (use "git add ..." to include in what will be committed)
    
    	1.txt
    
    nothing added to commit but untracked files present (use "git add" to track)
  
  
  2.4 git add 把文件从Untracked-->Staged
    #git add 1.txt  成功后，没有输出
    #git status     再次查看
    On branch master
    
    Initial commit
    
    Changes to be committed:       //表示1.txt已经是staged了，可以被提交了
      (use "git rm --cached ..." to unstage)  //如果不想提交了，可以用git rm --cached 1.txt
    
    	new file:   1.txt
  
  
  2.5 git rm --cached  文件已经是staged了，但想要退回原来的状态 
    #git rm --cached 1.txt
    rm '1.txt'
    
    #git status       再来看又回来2.3这一步了
    On branch master
    
    Initial commit
    
    Untracked files:
      (use "git add ..." to include in what will be committed)
    
    	1.txt
    
    #git add 1.txt  我们还是再加上
    #git status
    On branch master
    
    Initial commit
    
    Changes to be committed:     //1.txt 又改为staged状态 准备提交
      (use "git rm --cached ..." to unstage)
    
    	new file:   1.txt

  
  2.6 git commit 提交
    #git commit -m "first commit"          //-m后面是我们这一次提交的注释
    [master (root-commit) e6b0e7d] first commit
     1 file changed, 1 insertion(+)
     create mode 100644 1.txt
   
   
  2.7 git push 把master分支的内容提交到远端
    #git push origin master
    Warning: Permanently added the RSA host key for IP address '*.*.*.*' to the list of known hosts.
    Counting objects: 3, done.
    Writing objects: 100% (3/3), 214 bytes | 0 bytes/s, done.
    Total 3 (delta 0), reused 0 (delta 0)
    To git@github.com:sotrip/gittest.git
     * [new branch]      master -> master 




========================================
|-- git 开发简单流程
----------------------------------------
1.主干master稳定

2.切出feature分支br1, br2
3.br1，br2独立前进：commit
4.master合稳定功能，前进： master-second-commit

5.br1合入master代码：rebase方式
6.br2合入master代码：merge

7.br1，br2前进：commit
8.br1, br2稳定准备合入master
9.master merge br1/br2
10.功能完毕，回到第2步骤循环往复，不断迭代bug

https://blog.csdn.net/zhuge1127/article/details/82494783









========================================
三.git diff 查看变化: stag前后的变化，历史提交的变化
----------------------------------------
1.
  命令概括
    #git diff           查看 Modified的文件，做了哪些修改
    #git diff --staged  查看 Staged的文件，做了哪些修改
  
  
  操作实例
    #vi 1.txt    在后面增加一行,变成如下
    the first line
    the second line
    
    #git status    
    On branch master
    Your branch is up-to-date with 'origin/master'.
    Changes not staged for commit:       //这个表示1.txt已经变为Modified了，not staged
      (use "git add ..." to update what will be committed)
      (use "git checkout -- ..." to discard changes in working directory)
    
    	modified:   1.txt
    
    no changes added to commit (use "git add" and/or "git commit -a")
    
    #git diff      查看Modified的文件，修改了哪些地方
    diff --git a/1.txt b/1.txt
    index 137b7fd..067030b 100644
    --- a/1.txt
    +++ b/1.txt
    @@ -1 +1,2 @@
     the first line
    +the second line
    
    #git add 1.txt       //把1.txt加入到staged中
    #git status
    On branch master
    Your branch is up-to-date with 'origin/master'.
    Changes to be committed:
      (use "git reset HEAD ..." to unstage)
    
    	modified:   1.txt
    	
    #git diff  这个时候不会输出任何东西，因为没有Modified的文件了	
    #git diff --staged    //查看staged的文件和上一次commit有哪些修改
    diff --git a/1.txt b/1.txt
    index 137b7fd..067030b 100644
    --- a/1.txt
    +++ b/1.txt
    @@ -1 +1,2 @@
     the first line
    +the second line
#






========================================
|-- 用git查看上一个版本的变动
----------------------------------------

(1)使用HEAD和它的父提交
- HEAD指的是当前分支的最新提交。
- HEAD^表示HEAD的父提交，即上一个版本。

查看这两个版本之间的差异：
$ git diff HEAD^ HEAD


(2)使用相对引用
也可以使用相对引用来简化命令，例如：
$ git diff HEAD~1
这里的HEAD~1等同于HEAD^，表示上一个提交。


(3)使用具体的提交哈希值（如果你知道）
如果已经知道上一个提交的哈希值，可以直接使用该哈希值进行比较：
$ git diff <commit-hash-of-previous-commit> HEAD


(4)使用git show查看具体提交的差异
如果你只想查看一个具体的提交做了哪些改变，而不关心与前一个提交的差异，可以使用git show命令：
$ git show HEAD  # 查看当前提交的详细信息，包括差异

或者，对于上一个提交：
$ git show HEAD^  # 或者 git show HEAD~1


(5)查看最近的N个提交的差异
想看最近的几个提交的累计差异，可以使用：
$ git diff HEAD@{n}  # 查看最近的n个提交的差异，其中n是你想要查看的提交数量

例如，查看最近3个提交的差异：
$ git diff HEAD~2 HEAD  # 或者 git diff HEAD@{2}..HEAD





========================================
|-- 查看某个文件和某个历史版的变化，项目整体回到某历史版本并测试，再回现在
----------------------------------------
(1)使用git log -n 20 查看历史版本的commit号
commit 6be3b26be318bfef7d5745b83ffd1d72d3b08757
Author: jimmy <JimmyMall@live.com>
Date:   Fri Aug 16 16:38:40 2019 +0800

    v0.0.7-5 txt页面默认是纸质书背景

commit fb4d271705dc96c752a13b21b131c05dbb0e8a12
Author: jimmy <JimmyMall@live.com>
Date:   Fri Aug 16 14:39:58 2019 +0800

    v0.0.7-4 fix bug: txt.js 目录单击时锚点错了一行，已经微调.
根据comment注释，锁定范围，就是版本号v0.0.7-4了(记录commit fb4d2717)。


(2) 查看static/js/txt.js 和这两个版本号的变化。
$ git diff fb4d  static/js/txt.js


(3) 回到这个版本，运行并查看效果
1)先查看当前版本，方便尝试效果后再穿越回来
$ git log -n 3
commit 571bb36413864e9fb0dbb185a3bf90b6a434444f (HEAD -> bug, origin/master, master)
Author: jimmy <JimmyMall@live.com>
Date:   Mon Aug 19 13:59:48 2019 +0800

    v0.0.7-8 增加左下角目录，能响应滚动
2) 回到过去
$ git reset --hard fb4d
这时项目所有文件已经回到过去提交点了，可以运行测试了。
这个提交点已经有bug了！
可能是浏览器行为变了，没办法，老老实实改代码吧。
3) 回到现在
$ git reset --hard 571bb36413864e





========================================
|-- 忽略某些文件 .gitignore 文件
----------------------------------------

1.不记录的文件或文件夹，就写在这个文件中
(1)文件
*.fq
*.fastq

一般不建议记录非文本文件，比如图片，pdf，word，excel等。
只建议记录可以按行比较修改情况的纯文本文件，比如源代码(.sh, .r/.R, .py, .html,.css,.js, 等)，.txt, .md/.markdown等。

(2)也可以忽略目录
dustbin/
backup/

dataset/



2. 只记录某类文件呢？
.gitignore只记录特定的后缀名
如何写.gitignore只包含指定的文件扩展名

# .gitignore
# 首先忽略所有的文件
*

# 但是不忽略目录
!*/

# 忽略一些指定的目录名
backup/

# 不忽略下面指定的文件类型
!*.c++
!*.cc
!*.cp
!*.cpp
!*.cxx






ref: 
https://www.cnblogs.com/longchang/p/12310783.html




========================================
四.回滚还没有commit的文件
----------------------------------------
  命令概括
    #git reset HEAD 1.txt    //文件已经Staged的了，用这个来回滚到Modified状态，但是内容不会回滚
    #git checkout 1.txt      //如果文件是Modified，不想做修改了，恢复原样，使用这个
    #git reset HEAD 后面什么都不跟，则上一次add的全部撤销。你的修改不影响，就像你没有做过上一次git add一样。
  
  操作实例
    #git status
    On branch master
    Your branch is up-to-date with 'origin/master'.
    Changes to be committed:
      (use "git reset HEAD ..." to unstage)
    
    	modified:   1.txt
    	
    	
    #git diff --staged
    diff --git a/1.txt b/1.txt
    index 137b7fd..067030b 100644
    --- a/1.txt
    +++ b/1.txt
    @@ -1 +1,2 @@
     the first line
    +the second line	
    
    #git reset HEAD 1.txt        //把1.txt 的状态由Staged变为Staged， 但是1.txt的内容不会变
    Unstaged changes after reset:
    M	1.txt
    
    #git status
    On branch master
    Your branch is up-to-date with 'origin/master'.
    Changes not staged for commit:            //可以看出1.txt 由Staged变为Modified
      (use "git add ..." to update what will be committed)
      (use "git checkout -- ..." to discard changes in working directory)
    
    	modified:   1.txt
    
    no changes added to commit (use "git add" and/or "git commit -a")
    
    #cat 1.txt            //查看内容，发现 1.txt的内容并没有回滚
    the first line
    the second line
    
    
    #git checkout 1.txt   //回滚
    #git status
    On branch master
    Your branch is up-to-date with 'origin/master'.
    nothing to commit, working directory clean
    
    #cat 1.txt           //内容已经回滚
    the first line



========================================
|-- 丢弃还没有 add 的修改
----------------------------------------

$ git checkout -- ReadMe.txt
注意中间的两个减号不能省略。




ref:
git 撤销，放弃本地修改: https://www.cnblogs.com/qufanblog/p/7606105.html




========================================
五.撤销(git reset[回到过去某个提交])和回滚(git revert[反做后生成新提交])某个提交的比较
----------------------------------------
1.git reset的作用是修改HEAD的位置，即将HEAD指向的位置改变为之前存在的某个版本，则之后的版本就不存在了。
适用场景： 如果想恢复到之前某个提交的版本，且那个版本之后提交的版本我们都不要了


使用“git reset --hard 目标版本号”命令将版本回退：
$ git reset --hard fb4d
$ git log #查看版本信息，此时本地的HEAD已经指向之前的版本
$ git push -f #强制提交更改。
#此时如果用“git push”会报错，因为我们本地库HEAD指向的版本比远程库的要旧。


常用：
	# 放弃最新的提交但保留更改内容
	$ git reset HEAD~1
	
	# 放弃最新的提交并重置所有更改内容
	$ git reset --hard HEAD~1

解释：
	我们开始取消这次commit，使用指令git reset --soft HEAD^
	注意此处如果想要连着add也撤销的话，--soft改为--hard

	HEAD^  表示上一次的commit，也可以写成HEAD~1
	如果撤回两次之前的，可以使用HEAD^^或者HEAD~2，以此类推



2.git revert是用于“反做”某一个版本，以达到撤销该版本的修改的目的。比如，我们commit了三个版本（版本一、版本二、 版本三），突然发现版本二不行（如：有bug），想要撤销版本二，但又不想影响撤销版本三的提交，就可以用 git revert 命令来反做版本二，生成新的版本四，这个版本四里会保留版本三的东西，但撤销了版本二的东西。

适用场景： 如果我们想撤销之前的某一版本，但是又想保留该目标版本后面的版本，记录下这整个版本变动流程，就可以用这种方法。

$ git log # 查看版本号
$ git revert -n 版本号 #反做
#注意： 这里可能会出现冲突，那么需要手动修改冲突的文件。而且要git add 文件名。
$ git commit -m 版本名 #提交
$ git log #查看本地的版本信息，可见多生成了一个新的版本。老版本都还在。
$ git push #提交


  命令概括
    #git revert HEAD         //回滚上一次提交
    #git revert HEAD^        //回滚上上次提交
    #git revert #commit no#  //回滚某一次提交
  
  
  操作实例
    增加了2.txt 并提交了，现在想回滚
    #vi 2.txt  在里面增加内容
    #git add 2.txt    把文件由Untracked 变为 Staged
    #git commit -m "2.txt commit"  提交
    
    #git log   查看提交日志
    commit 710c5e84bd02e5d041b537b8732b9e80fee257a1    //这个是我们2.txt的提交
    Author: jingbo 
    Date:   Thu Apr 7 22:10:00 2016 +0800
    
        2.txt commit
    
    commit e6b0e7d844154d5473a37baed2ef56807dca16b3
    Author: jingbo 
    Date:   Wed Apr 6 22:42:44 2016 +0800
    
        first commit
        
    #git revert 710c5e84bd02e5d041b537b8732b9e80fee257a1  //回滚提交
    [master d3ab103] Revert "2.txt commit"
     1 file changed, 1 deletion(-)
     delete mode 100644 2.txt    
 


========================================
|-- git reset --hard 和 git reset --soft区别
----------------------------------------

有时候，进行了错误的提交，但是还没有push到远程分支，想要撤销本次提交，可以使用git reset –-soft/hard命令。

1、二者区别：
$ git reset –-soft：回退到某个版本，只回退了commit的信息，不会恢复到index file一级。如果还要提交，直接commit即可；
可见commit取消了，代码更改并没有取消。


$ git reset -–hard：彻底回退到某个版本，本地的源码也会变为上一个版本的内容，撤销的commit中所包含的更改被冲掉；
注意：上述命令执行成功之后，会彻底返回到回退前的版本状态，新发生的变更将会丢失。对于部分发生了变更，但是变更部分的文件夹存在未提交的文件可能导致目录非空而删除失败，此时需要自行处置。









========================================
六.分支操作(查看、创建、推送、比较、合并、拉取、删除)
----------------------------------------
  6.1 查看分支
    #git branch    //查看目前有哪些分支
    * master       //只有一个分支,"*"表示当前是在master分支上
  
  
  6.2 创建分支
    #git branch first-branch  //打出第一个分支，名字是first-branch
    #git branch
      first-branch   //分支已经有了
    * master         //"*"表示当前是在master分支上
    
    #git checkout first-branch
    Switched to branch 'first-branch'
    
    #git branch
    * first-branch    //已经成功切换到自己打的分支上了
      master
  
  
  6.3 分支上增加内容
    #vi 2.txt
    #cat 2.txt         //增加的内容如下
    edit in first-branch
    
    
    #git add 2.txt
    #git commit -m "2.txt commit in first-branch"      //在分支上提交
    [first-branch 9abd8f2] 2.txt commit in first-branch
     1 file changed, 2 insertions(+)
     create mode 100644 2.txt
  
  
  6.4 推送分支到远程 
    #git push origin first-branch
    Counting objects: 7, done.
    Delta compression using up to 4 threads.
    Compressing objects: 100% (5/5), done.
    Writing objects: 100% (7/7), 692 bytes | 0 bytes/s, done.
    Total 7 (delta 0), reused 0 (delta 0)
    To git@github.com:sotrip/gittest.git
     * [new branch]      first-branch -> first-branch
  
  
  6.5 两个分支进行比较
    #git diff master first-branch    //比较master与first-branch
    diff --git a/2.txt b/2.txt
    new file mode 100644
    index 0000000..b09edf1
    --- /dev/null
    +++ b/2.txt              //表示first-branch上多了一个2.txt
    @@ -0,0 +1,2 @@
    +edit in first-branch
    +
  
  6.6 分支合并到master上
    #git checkout master
    #git merge first-branch    //把first-branch的内容合并到master上
		推荐加上 --no-ff参数，能保留分支信息

###
https://segmentfault.com/q/1010000002477106
git merge --no-ff 可以保存你之前的分支历史。能够更好的查看 merge历史，以及branch 状态。
git merge 则不会显示 feature，只保留单条分支记录。
###

    Updating d3ab103..9abd8f2
    Fast-forward
     2.txt | 2 ++
     1 file changed, 2 insertions(+)
     create mode 100644 2.txt
     
    #ls
    1.txt	2.txt
    
    #cat 2.txt
    edit in first-branch
    
    
    #git log
    commit 9abd8f2d8fe7c08ca246464552dae25397694582
    Author: jingbo 
    Date:   Thu Apr 7 22:26:26 2016 +0800
    
        2.txt commit in first-branch         //在first-branch上提交的内容也显示在日志中
    
    ...
   
   
  6.7 从远程拉一个分支
    有两个办法，第一种是
    #git fecth origin 
    #git checkout first-branch
    Branch first-branch set up to track remote branch first-branch from origin.
    Switched to a new branch 'first-branch'
    
    第二个办法
    #git checkout -t origin/first-branch
    Branch first-branch set up to track remote branch first-branch from origin.
    Switched to a new branch 'first-branch'
#


实例: git clone后在master分支上，但是远程还有一个dev分支，可以一起拉下来:
Administrator@wangjl-PC MINGW64 /e/c1_br_analysis_code (master)
$ git checkout -b dev origin/dev
Switched to a new branch 'dev'
Branch 'dev' set up to track remote branch 'dev' from 'origin'.

Administrator@wangjl-PC MINGW64 /e/c1_br_analysis_code (dev) #已经自动切换为dev分支





6.8 删除分支
(1)删除一个已被终止的分支
如果需要删除的分支不是当前正在打开的分支，使用branch -d直接删除
git branch -d <branch_name>

(2)删除一个正打开的分支
如果我们在试图删除一个分支时自己还没转移到另外的分支上，Git就会给出一个警告，并拒绝该删除操作。
如果坚持要删除该分支的话，就需要在命令中使用-D选项。
git branch -D <branch_name>

(3)恢复被删除的分支
Git会自行负责分支的管理，所以当我们删除一个分支时，Git只是删除了指向相关提交的指针，但该提交对象依然会留在版本库中。
因此，如果我们知道删除分支时的散列值，就可以将某个删除的分支恢复过来。在已知提交的散列值的情况下恢复某个分支：
git branch <branch_name> <hash_val>






========================================
|-- reflog命令: 找到想要恢复的分支的散列值
----------------------------------------
git reflog 命令
显示整个本地仓储的commit，包括所有branch的commit，甚至包括已经撤销的commit。
只要HEAD发生了变化， 就会在reflog里面看得到。
这时恢复分支a_branch分支如下：
git branch <branch_name> HEAD@{4}


如果我们不知道想要恢复的分支的散列值，可以用reflog命令将它找出来。如：
$ git reflog 
571bb36 (HEAD -> bug, origin/master, master) HEAD@{0}: reset: moving to 571bb36413864e
6be3b26 HEAD@{1}: reset: moving to 6be3
fb4d271 HEAD@{2}: reset: moving to fb4d
571bb36 (HEAD -> bug, origin/master, master) HEAD@{3}: reset: moving to HEAD
571bb36 (HEAD -> bug, origin/master, master) HEAD@{4}: checkout: moving from master to bug
571bb36 (HEAD -> bug, origin/master, master) HEAD@{5}: commit: v0.0.7-8 增加左下角目录，能响应滚动
d5eb9d7 HEAD@{6}: commit: v0.0.7-7 md highlight.js; v0.0.7-8 增加左下角目录
468f400 HEAD@{7}: commit: v0.0.7-6 为md增加js，自动生成顶部目录。txt.js, base.css



https://www.cnblogs.com/utank/p/7880441.html





========================================
|-- 合并分支: git merge 和 git rebase(变基) 的区别
----------------------------------------
重要的事情说三遍：公共分支禁止使用rebase!!
rebase黄金法则：绝不要在公共分支上使用它

注意:
- 不要在公共分支使用rebase
- 本地和远端对应同一条分支,优先使用rebase,而不是merge



1.rebase会把你当前分支的 commit 放到公共分支的最后面,所以叫变基。就好像你从公共分支又重新拉出来这个分支一样。

举例:如果你从 master 拉了个feature分支出来,然后你提交了几个 commit,这个时候刚好有人把他开发的东西合并到 master 了,这个时候 master 就比你拉分支的时候多了几个 commit,如果这个时候你 rebase master 的话，就会把你当前的几个 commit，放到那个人 commit 的后面。


(1)
Q: 为什么不要在公共分支使用rebase?
A: 因为往后放的这些 commit 都是新的,这样其他从这个公共分支拉出去的人，都需要再 rebase,相当于你 rebase 东西进来，就都是新的 commit 了

例子:
1)1-2-3 是现在的分支状态
2)这个时候从原来的master, checkout出来一个prod分支
3)然后master提交了4-5，prod提交了6-7
这个时候master分支状态就是1-2-3-4-5，
prod状态变成1-2-3-6-7

4A)如果在prod上用rebase master, prod分支状态就成了1-2-3-4-5-6'-7'
提交点6和7已经被修改，就相当于你的分支被接到了master分支的末尾。
相关提交就会改变。


4B)如果是merge，会出来一个8，这个8的提交就是把4-5合进来的提交
1-2-3-6-7-8
....|4-5



(2)更通俗的解释一波.
merge和rebase实际上只是用的场景不一样

1)比如rebase,你自己开发分支一直在做,然后某一天，你想把主线的修改合到你的分支上,做一次集成,这种情况就用rebase比较好.把你的提交都放在主线修改的头上

2)如果用merge，会产生新提交点8, 你如果想回退你分支上的某个提交就很麻烦,还有一个重要的问题，rebase的话，本来我的分支是从3拉出来的，rebase完了之后，就不知道我当时是从哪儿拉出来的我的开发分支

同样的，如果你在主分支上用rebase，rebase其他分支的修改，是不是要是别人想看主分支上有什么历史，他看到的就不是完整的历史了，这个历史已经被你篡改了。


(3)
git rebase会获得一个干净的没有merge commit的线性历史树
git merge可以避免commit history的风险






2.具体操作

(1)简单示例
Git merge是用来合并两个分支的。
git merge b      # 将b分支合并到当前分支

同样 git rebase b，也是把 b分支合并到当前分支

1)
git checkout feature
git merge master
此时在feature上git会自动产生一个新的commit
- 修改的是当前分支。

2)
git checkout feature
git rebase master（在feature分支上执行，修改的是master分支） #在另外一个分支(指定的master)上重新应用当前分支（feature）上的新提交。
它会把你整个feature分枝移动到master分支后面，有效的把所有master分支新的提交并入过来
- 修改的是指定的分支，而不是当前分支。
- 会产生新的提交，改变提交历史（hash修改了）。


git checkout feature-branch
git rebase main
将把 `feature-branch` 的提交应用到 `main` 的最新提交上。
使用变基时要注意，避免在公共分支上进行操作，以免影响其他开发者的工作。
变基可以使历史记录更加线性和清晰。

图形化:
1-2-6-7-8 master
  3-4-5- feature Head
在feature分支上执行rebase后，把当前分支的变化3-4-5移动到master的后面，变成:
1-2-6-7-8-3-4-5

可能有冲突：
- 不能合并分支bba6994这个commit，要我们手动解决冲突，然后执行git add 或者git rm文件，然后再执行git rebase --contiue继续变基，
	<<< HEAD
	BBB master中的内容
	===
	CCC feature 中的内容
	>>> bba6 (feature 分支修改AAA为CCC)
	删除以上4行，只保留 CCC，然后执行 git add xx.txt，不需要 git commit，直接执行 git rebase --contiue
- 也可以直接git rebase --skip跳过这个commit
- 或者使用git rebase --abort放弃rebase。









(2)原理 如下： 

假设你现在基于远程分支"origin"，创建一个叫"mywork"的分支。
$ git checkout -b mywork origin
假设远程分支"origin"已经有了2个提交，

现在我们在这个分支做一些修改，然后生成两个提交(commit).
$ vi file.txt
$ git commit
$ vi otherfile.txt
$ git commit


>> 但是与此同时，有些人也在"origin"分支上做了一些修改并且做了提交了. 这就意味着"origin"和"mywork"这两个分支各自"前进"了，它们之间"分叉"了。


在这里，你可以用"pull"命令把"origin"分支上的修改拉下来并且和你的修改合并； 结果看起来就像一个新的"合并的提交"(merge commit):


但是，如果你想让"mywork"分支历史看起来像没有经过任何合并一样，你也许可以用 git rebase:
$ git checkout mywork
$ git rebase origin

这些命令会把你的"mywork"分支里的每个提交(commit)取消掉，并且把它们临时 保存为补丁(patch)(这些补丁放到".git/rebase"目录中),然后把"mywork"分支更新 为最新的"origin"分支，最后把保存的这些补丁应用到"mywork"分支上。

当'mywork'分支更新之后，它会指向这些新创建的提交(commit),而那些老的提交会被丢弃。 如果运行垃圾收集命令(pruning garbage collection), 这些被丢弃的提交就会删除. （请查看 git gc)





3. 冲突解决
在rebase的过程中，也许会出现冲突(conflict). 
在这种情况，Git会停止rebase并会让你去解决 冲突；
在解决完冲突后，用"git-add"命令去更新这些内容的索引(index), 然后，你无需执行 git-commit,只要执行:
$ git rebase --continue

这样git会继续应用(apply)余下的补丁。
在任何时候，你可以用--abort参数来终止rebase的行动，并且"mywork" 分支会回到rebase开始前的状态。
$ git rebase --abort






4. git rebase和git merge的区别
现在我们可以看一下用合并(merge)和用rebase所产生的历史的区别：
当我们使用Git log来参看commit时，其commit的顺序也有所不同。

c1-c2-C3-C5-C6
......|-C4

假设C3提交于9:00AM,C5提交于10:00AM,C4提交于11:00AM，C6提交于12:00AM,
对于使用git merge来合并所看到的commit的顺序（从新到旧）是：C7 ,C6,C4,C5,C3,C2,C1
对于使用git rebase来合并所看到的commit的顺序（从新到旧）是：C7 ,C6',C5',C4,C3,C2,C1  #rebase 有7吗？
 因为C6'提交只是C6提交的克隆，C5'提交只是C5提交的克隆，
从用户的角度看使用git rebase来合并后所看到的commit的顺序（从新到旧）是：C7 ,C6,C5,C4,C3,C2,C1






5. 使用场景
两个使用场景是不一样的，merge只是合并另外一个分支的内容，rebase也合并另外一个分支的内容，但是会把本分支的commits顶到最顶端

假设我们现在有3个分支
1)master分支：线上环境使用的分支
2)testing分支：测试环境使用的分支
3)my_feature分支：开发新功能的分支，也就是当前分支

A. 假设我在my_feature上开发了一段时间，之后另外的同事开发的功能正式上线到master分支了，那么我可以在当前的分支下rebase一下master分支，这样我这个分支的几个commits相对于master还是处于最顶端的，也就是说rebase主要用来跟上游同步，同时把自己的修改顶到最上面

B. 我在my_feature上开发了一段时间了，想要放到testing分支上，那就切到testing，然后merge my_feature进来，因为是个测试分支，commits的顺序无所谓，也就没必要用rebase (当然你也可以用rebase)

另外，单独使用rebase，还有调整当前分支上commits的功能(合并，丢弃，修改commites msg)


S:
其他知友的答案都说到冲突的问题，
1). 用merge确实只需要解决一遍冲突，比较简单粗暴
2). 用rebase有时候会需要多次fix冲突（原因在于本地分支已经提交了非常多的commit，而且很久都没有和上游合并过）

我个人推荐大家开发的时候，尽量及时rebase上游分支（我习惯是每周merge一次），有冲突提前就fix掉，即使我们自己的分支开发了很久（哪怕是几个月），也不会积累太多的conflict，最后合并进主分支的时候特别轻松， 非常反对从master check出新分支，自己闷头开发几个月，结果最后merge进主分支的时候，一大堆冲突，自己还嗷嗷叫的行为。











6. 模拟 rebase 

主分支有2个commit，然后新建dev分支。
然后 master 和 dev 分别提交变化。

$ git checkout -b dev
$ git rebase master
First, rewinding head to replay your work on top of it...
Applying: dev0.4 dev add b1
error: Failed to merge in the changes.
Using index info to reconstruct a base tree...
M       changeLog.txt
Falling back to patching base and 3-way merge...
Auto-merging changeLog.txt
CONFLICT (content): Merge conflict in changeLog.txt
Patch failed at 0001 dev0.4 dev add b1
The copy of the patch that failed is found in: .git/rebase-apply/patch

Resolve all conflicts manually, mark them as resolved with
"git add/rm <conflicted_files>", then run "git rebase --continue".
You can instead skip this commit: run "git rebase --skip".
To abort and get back to the state before "git rebase", run "git rebase --abort".


手工解决冲突
$ vim changeLog.txt
v0.2 add line1
v0.3 add line3
<<<<<<< HEAD

v0.5 add line4
=======
dev0.4 dev add b1
>>>>>>> dev0.4 dev add b1

改为 
v0.2 add line1
v0.3 add line3
dev0.4 dev add b1
v0.5 add line4


$ git add changeLog.txt
$ git rebase --continue


查看分支
git log --graph --decorate --oneline --simplify-by-decoration --all








https://www.jianshu.com/p/4079284dd970
https://www.cnblogs.com/marblemm/p/7161614.html
https://blog.csdn.net/qq_41047322/article/details/81584437




========================================
|-- --no-ff 和 --ff-only 的区别
----------------------------------------
1.核心区别
参数    	作用                                    	你的使用场景
--ff-only	只允许同步，绝不创建新提交，不一致就报错	同步代码、拉取最新
--no-ff 	强制创建一个合并提交，永远保留合并痕迹  	季度合并 south → master



2.区别详解
(1)--ff-only （fast-forward only）
意思：只能 “快进”，不能真正合并。

它做什么：
	如果你的本地分支 落后远程 → 直接把指针挪过去，不生成新提交
	如果你的本地分支 和远程有分歧 → 直接报错，拒绝合并
作用：
	保证你的分支完全、严格、一模一样等于远程，绝不产生意外合并。

你用在：拉代码、同步分支、保证本地干净
	git pull gitee south --ff-only
	git pull github master --ff-only

(2)--no-ff （no fast-forward）
意思：禁止快进，强制生成一个合并提交。

它做什么：
	哪怕两个分支完全一样，也必须创建一个新的合并节点。
作用：
	保留合并痕迹，让 master 上能看到：“这里是季度合并点”

你用在：季度合并 south → master
	git merge --no-ff south -m "Q2 季度合并"




3.最直观的图解（一看就懂）
(1)--ff-only（同步用）
before:
	master: ····· A（本地）
	remote: ····· A → B → C（远程新）
after:
	master: ····· A → B → C （直接挪过去，不产生新提交）

(2) --no-ff（合并用）
	south:  ············ X
	master: ············

merge --no-ff south 后：

	south:  ············ X
	master: ············ ✓ ← 【强制创建合并提交】



4.必须记住的铁律（终身不踩坑）
(1)同步代码、拉最新 = 必须用 --ff-only
	不产生新提交
	不污染历史
	不意外合并
	多设备绝对安全

(2)季度合并 south → master = 必须用 --no-ff
	保留合并点
	master 永远只有合并记录
	两条分支平行
	干净、清晰、可追溯

(3)小结：
	--ff-only = 同步、不新增提交
	--no-ff = 合并、强制新增提交（做标记）

我的流程里：
	拉代码 → --ff-only
	季度合并 → --no-ff




========================================
七.tag操作: 给历史提交打上标签
----------------------------------------
1. 列出标签
列出当前仓库的所有标签：git tag
列出所有标签及说明：git tag -n
搜索符合条件的标签：git tag -l "1.0.*"
查看标签信息：git show v1.0.1


2. 创建标签
命令git tag 用于新建一个标签，默认为HEAD，也可以指定一个commit id。

git tag -a v0.1.1 master
git tag -a v0.1.2 -m "blablabla…" 28df

(1) 创建标签：git tag "指定标签名"

(2) 创建带有说明的标签： git tag -a "指定标签名" -m "指定说明文字"
$ git tag -a "v1.0.1" -m "version 1.0.1 released"

(3) 给指定的commit打标签： 
找历史提交的commit id
$ git log -n 3
$ git log --pretty=oneline --abbrev-commit

给指定的commit id打标签
$ git tag -a "指定标签名" commitID

没有tag信息说明方式：
$ git tag -a "v1.0.2" 9fbc3d0

含有tag信息说明方式：
$ git tag -a v0.1 -m "version 0.1 released" 3628164




3. 删除标签
(1) 删除标签： git tag -d 标签名
$ git tag -d v1.0.1

(2) 删除远程标签： git tag -d v1.0.2
$ git push origin :refs/tags/v1.0.2

(3) 删除远程标签(Git1.7版本以后)： git push origin --delete tag




4. 提交打好的标签，本地标签推送到远程

push单个tag：git push origin [tagname]
push所有tag：git push [origin] --tags

(1) 推送指定标签
$ git push origin v1.0.0

(2) 一次性推送全部尚未推送到远程的本地标签
$ git push origin --tags




5. 重命名tag
(1) 删除原有tag，重新添加 git tag -d
$ git tag -a -m"information"

(2) 强制替换，再删除原有 git tag -f
$ git tag -d




6. 获取指定tag代码

第一步：切换到指定标签，提示你当前处于一个“detached HEAD" 状态，因为 tag 相当于是一个快照，是不能更改它的代码的 git checkout v1.0.0

第二步：如果要在 tag 代码的基础上做修改，你需要一个分支 git checkout -b branch_name tag_name

第三步：切回到之前的HEAD指向(以master为例) git checkout master





7. 实例: tag一般维护一个只读的版本，不再进行修改

$ git tag -a v1.0 -m "v1.0 ready for  publish"    //创建一个tag ,名字是"v1.0"
$ git tag   //查看tag 
v1.0

$ git push origin v1.0            //推送tag 到github上
Counting objects: 1, done.
Writing objects: 100% (1/1), 162 bytes | 0 bytes/s, done.
Total 1 (delta 0), reused 0 (delta 0)
To git@github.com:sotrip/gittest.git
* [new tag]         v1.0 -> v1.0


$ git checkout v1.0   切换到这个tag 上

注意 最好不要在tag进行修改东西，就把tag维护成一个只读的版本 










========================================
八.其他
---------------------------------------- 
  #git rm 2.txt  删除2.txt 这个文件
  #git remote -v   可以查看远程的git的地址





========================================
|-- git rm 移除不需要版本控制文件 (比如临时文件/文件夹)
----------------------------------------
比如不小心跟踪了临时文件，
后来在.gitignore 文件中添加 tmp ，表示不再跟踪该文件夹，但是已经跟踪的文件更新时 git 还会提醒更新。

1. git怎么移除不需要版本控制文件?

$ git rm -r -n --cached "tmp/1.txt" #预览需删除的文件，可省略
$ git rm -r --cached "tmp/1.txt"  # 实际执行
rm 'tmp/1.txt'

尝试 修改 tmp/1.txt，
git status 不显示该文件的变化。



2. 文件夹呢？
$ git rm -r -n --cached "path/"   #预览需删除的文件，可省略


$ git rm -r -n --cached "step4/.ipynb_checkpoints/"
$ git rm -r --cached "step4/.ipynb_checkpoints/"


本地文件还在，但是变动后 git 不再追踪了。



ref:
https://blog.csdn.net/qq_20553613/article/details/99236049







========================================
|-- git remote 删除添加的远程地址
----------------------------------------
1.当推送到服务器时首先要添加远程地址的

git remote add origin https://gitee.com/kingCould/HelloWord.git

(2) ssh 认证地址添加ssh key后怎么使用？ //todo 都失败
之前是：
	$ git remote -v
	j2      http://10.10.118.139:8081/jinlab/scPolya-Seq2n.git (fetch)
	j2      http://10.10.118.139:8081/jinlab/scPolya-Seq2n.git (push)

网页本项目中复制地址：http://10.10.118.139:8081/jinlab/scPolya-Seq2n
	结果是：git@10.10.118.139:jinlab/scPolya-Seq2n.git
	没有体现端口号！

	参考：https://docs.github.com/en/authentication/troubleshooting-ssh/using-ssh-over-the-https-port
		ssh://git@ssh.github.com:443/YOUR-USERNAME/YOUR-REPOSITORY.git

	尝试1：[x]$ git remote add j2s ssh://git@10.10.118.139:8081/jinlab/scPolya-Seq2n.git
		$ git push j2s master
		ssh_exchange_identification: Connection closed by remote host
		fatal: Could not read from remote repository.
	尝试2：[x]$ git remote add j2s ssh://git@10.10.118.139:8081/jinlab/scPolya-Seq2n.git

	测试：$ ssh -T -p 8081 git@10.10.118.139
		ssh_exchange_identification: Connection closed by remote host

	参考： https://worktile.com/kb/ask/221177.html
		git clone ssh://[用户名@]主机地址:端口号/仓库路径
		git clone ssh://git@example.com:2222/my-repo.git
	尝试3：[x]$ git remote add j2s ssh://jinlab@10.10.118.139:8081/scPolya-Seq2n.git
	可能是自己搭建的 gitlab 不支持 https?




2.查看本地添加了哪些远程地址

$ git remote -v
origin https://github.com/zhidao/crm.git (fetch)
origin https://github.com/zhidao/crm.git (push)
sdorigin https://github.com/zhidao/erp.git (fetch)
sdorigin https://github.com/zhidao/erp.git (push)




3.删除本地指定的远程地址

git remote remove origin 删除即可












========================================
附录1： 真正理解 git fetch, git pull 以及 FETCH_HEAD  
----------------------------------------

真正理解 git fetch, git pull 

要讲清楚git fetch，git pull,必须要附加讲清楚git remote，git merge 、远程repo， branch 、 commit-id 以及 FETCH_HEAD。

1. 【git remote】首先， git是一个分布式的结构，这意味着本地和远程是一个相对的名称。

本地的repo仓库要与远程的repo配合完成版本对应必须要有 git remote子命令，通过git remote add来添加当前本地长度的远程repo， 有了这个动作本地的repo就知道了当遇到git push 的时候应该往哪里提交代码。

2. 【git branch】其次，git天生就是为了多版本分支管理而创造的，因此分支一说，不得不提， 分支就相当于是为了单独记录软件的某一个发布版本而存在的，既然git是分布式的，便有了本地分支和远程分支一说，git branch 可以查看本地分支， git branch -r  可以用来查看远程分支。 本地分支和远程分支在git push 的时候可以随意指定，交错对应，只要不出现版本从图即可。

3. 【git merge】再者，git的分布式结构也非常适合多人合作开发不同的功能模块，此时如果每个人都在其各自的分支上开发一个相对独立的模块的话，在每次release制作时都需先将各成员的模块做一个合并操作，用于合并各成员的工作成果，完成集成。 此时需要的就是git merge.

4.【git push 和 commit-id】在每次本地工作完成后，都会做一个git commit 操作来保存当前工作到本地的repo， 此时会产生一个commit-id，这是一个能唯一标识一个版本的序列号。 在使用git push后，这个序列号还会同步到远程repo。

在理解了以上git要素之后，分析git fetch 和 git pull 就不再困难了。 

 

首先，git fetch 有四种基本用法

1. git fetch            →→ 这将更新git remote 中所有的远程repo 所包含分支的最新commit-id, 将其记录到.git/FETCH_HEAD文件中

2. git fetch remote_repo         →→ 这将更新名称为remote_repo 的远程repo上的所有branch的最新commit-id，将其记录。 

3. git fetch remote_repo remote_branch_name        →→ 这将这将更新名称为remote_repo 的远程repo上的分支： remote_branch_name

4. git fetch remote_repo remote_branch_name:local_branch_name       →→ 这将这将更新名称为remote_repo 的远程repo上的分支： remote_branch_name ，并在本地创建local_branch_name 本地分支保存远端分支的所有数据。

FETCH_HEAD： 是一个版本链接，记录在本地的一个文件中，指向着目前已经从远程仓库取下来的分支的末端版本。




git pull 的运行过程：

git pull : 首先，基于本地的FETCH_HEAD记录，比对本地的FETCH_HEAD记录与远程仓库的版本号，然后git fetch 获得当前指向的远程分支的后续版本的数据，然后再利用git merge将其与本地的当前分支合并。




Git中从远程的分支获取最新的版本到本地有这样2个命令：

1. git fetch：相当于是从远程获取最新版本到本地，不会自动merge
git fetch origin master
git diff -p master..origin/master
git merge origin/master

    以上命令的含义：
   首先从远程的origin的master主分支下载最新的版本到origin/master分支上
   然后比较本地的master分支和origin/master分支的差别
   最后进行合并
   上述过程其实可以用以下更清晰的方式来进行：

git fetch origin master:tmp
git diff tmp 
git merge tmp
   从远程获取最新的版本到本地的tmp分支上
   之后再进行比较合并

我是用了 
git fetch
git diff master FETCH_HEAD
git merge FETCH_HEAD


2. git pull：相当于是从远程获取最新版本并merge到本地
 git pull origin master
上述命令其实相当于git fetch 和 git merge
在实际使用中，git fetch更安全一些
因为在merge前，我们可以查看更新情况，然后再决定是否合并

结束

参考链接 :  
1.https://ruby-china.org/topics/4768
2.http://stackoverflow.com/questions/9237348/what-does-fetch-head-in-git-mean
3.http://www.cnblogs.com/ToDoToTry/p/4095626.html
4.[推荐]http://blog.csdn.net/hudashi/article/details/7664457










========================================
Git refer
----------------------------------------
https://docs.github.com/en/github/getting-started-with-github/getting-started-with-git
https://git-scm.com/doc

https://www.liaoxuefeng.com/wiki/896043488029600
http://www.itshouce.com.cn/linux/linux-git.html







========================================
----------------------------------------


========================================
----------------------------------------


========================================
----------------------------------------





========================================
----------------------------------------


========================================
----------------------------------------


========================================
----------------------------------------



