GEO å’Œ TCGA å¸¸è§é—®é¢˜æ±‡æ€»



========================================
*** GEO å¦‚ä½•ä½¿ç”¨å’Œä¸‹è½½ ***
----------------------------------------

æœç´¢ï¼š
https://www.ncbi.nlm.nih.gov/geo/
https://www.ncbi.nlm.nih.gov/geo/browse/?view=series





========================================
NCBI SRA Toolkit: ä¸‹è½½ GEO å…¬å…±æ•°æ®
----------------------------------------

1. å®‰è£…ä¸‹è½½å·¥å…· SRA Toolkit

(1) æ–°ç‰ˆæœ¬ï¼šäº‘

https://www.ncbi.nlm.nih.gov/sra/docs/sradownload/
ä¸‹è½½ https://github.com/ncbi/sra-tools/wiki
é…ç½® https://github.com/ncbi/sra-tools/wiki/03.-Quick-Toolkit-Configuration

https://github.com/ncbi/sra-tools/wiki/01.-Downloading-SRA-Toolkit

# on centOS
$ wget https://ftp-trace.ncbi.nlm.nih.gov/sra/sdk/2.10.9/sratoolkit.2.10.9-centos_linux64.tar.gz
$ tar zxvf sratoolkit.2.10.9-centos_linux64.tar.gz
$ cd sratoolkit.2.10.9-centos_linux64/

$ echo 'export PATH=/home/wangjl/software/sratoolkit.2.10.9-centos_linux64/bin:$PATH' >> ~/.bashrc
$ source ~/.bashrc

è®¾ç½®ï¼Œå¦åˆ™æ— æ³•å¯åŠ¨ä¸‹è½½ï¼š
$ vdb-config --interactive

$ prefetch SRR1511730 -O ./ #ä¸‹è½½æ•°æ®çš„è·¯å¾„


(2) è€ç‰ˆæœ¬: on ubuntu
https://trace.ncbi.nlm.nih.gov/Traces/sra/sra.cgi?view=software

## wget -c https://github.com/ncbi/sra-tools/archive/2.10.9.tar.gz
## wget -c https://ftp-trace.ncbi.nlm.nih.gov/sra/sdk/2.10.9/sratoolkit.2.10.9-centos_linux64.tar.gz
$ wget -c https://ftp-trace.ncbi.nlm.nih.gov/sra/sdk/2.10.9/sratoolkit.2.10.9-ubuntu64.tar.gz
$ tar zxvf sratoolkit.2.10.9-ubuntu64.tar.gz 

$ echo 'export PATH=/home/wangjl/data/soft/sratoolkit.2.10.9-ubuntu64/bin:$PATH' >> ~/.bashrc
$ source ~/.bashrc

## éœ€è¦é…ç½® 
#This sra toolkit installation has not been configured.
#Before continuing, please run: vdb-config --interactive
#For more information, see https://www.ncbi.nlm.nih.gov/sra/docs/sra-cloud/
$ vdb-config --interactive







2. ä¸‹è½½æ•°æ®ï¼šç›´æ¥çœ‹(3)
"fasterq-dump" version 2.10.9

ä½¿ç”¨æŠ€å·§:
	fasterq-dump æ¯” fastq-dump æ›´å¿«
	åŠ ä¸Š--split-3ä¹‹å, ä»–ä¼šæŠŠåŸæ¥åŒç«¯æ‹†åˆ†æˆä¸¤ä¸ªæ–‡ä»¶,ä½†æ˜¯åŸæ¥å•ç«¯å¹¶ä¸ä¼šä¿å­˜æˆä¸¤ä¸ªæ–‡ä»¶

	
SRR3290199

å‚æ•°è§£é‡Š
$ fasterq-dump --help
-e|--threads <count>  how many threads to use (dflt=6) é»˜è®¤6ä¸ªæ ¸ï¼Œå¯ä»¥äº†ã€‚


## reads æ‹†åˆ†æ–¹æ³•
-s|--split-spot                  split spots into reads
-S|--split-files                 write reads into different files
-3|--split-3                     writes single reads into special file
	--concatenate-reads           writes whole spots into one file

--split-spot: å°†åŒç«¯æµ‹åºåˆ†ä¸ºä¸¤ä»½,ä½†æ˜¯éƒ½æ”¾åœ¨åŒä¸€ä¸ªæ–‡ä»¶ä¸­
--split-files: å°†åŒç«¯æµ‹åºåˆ†ä¸ºä¸¤ä»½,æ”¾åœ¨ä¸åŒçš„æ–‡ä»¶,ä½†æ˜¯å¯¹äºä¸€æ–¹æœ‰è€Œä¸€æ–¹æ²¡æœ‰çš„readsç›´æ¥ä¸¢å¼ƒ
--split-3 : å°†åŒç«¯æµ‹åºåˆ†ä¸ºä¸¤ä»½,æ”¾åœ¨ä¸åŒçš„æ–‡ä»¶,ä½†æ˜¯å¯¹äºä¸€æ–¹æœ‰è€Œä¸€æ–¹æ²¡æœ‰çš„readsä¼šå•ç‹¬æ”¾åœ¨ä¸€ä¸ªæ–‡ä»¶å¤¹é‡Œ

å…³äºé‡åˆ°çš„Rejected 35403447 READS because of filtering out non-biological READSå°±æ˜¯å› ä¸ºåŸæ¥æ˜¯SEæ•°æ®,ä½†æ˜¯ç”¨--split-3å½“ä½œPEæ•°æ®å¤„ç†,å‡ºç°çš„é—®é¢˜. çœ‹èµ·æ¥å¥½åƒæœ‰é—®é¢˜,ä½†æ˜¯å¯¹åç»­ç»“æœåˆ†ææ²¡æœ‰å¤ªå¤šå½±å“.
å› æ­¤,å¯¹äºä¸€ä¸ªä½ ä¸çŸ¥é“åˆ°åº•æ˜¯å•ç«¯è¿˜æ˜¯åŒç«¯çš„SRAæ–‡ä»¶,ä¸€å¾‹ç”¨--split-3.




(1) prefetch ä»…ä¸‹è½½æ•°æ®
$ prefetch SRR000001
$ prefetch SRR1511730 -O ./
$ prefetch -X 9999999999999 SRRXXX


## å¦‚æœæ˜¯ä¸‹è½½ä¸€ä¸ªlistå‘¢ï¼Ÿ
ä¸‹è½½ SRR idå·ç 
https://www.ncbi.nlm.nih.gov/Traces/study/?page=2&acc=PRJNA554684&o=acc_s%3Aa
A list of Runs:
$ prefetch --option-file SraAccList.txt


(2) æ ¼å¼è½¬æ¢ sra to fastq 
fasterq-dump and sam-dump are also part of the SRA toolkit and can be used to convert the prefetched Runs from compressed SRA format to fastq or sam format. For example:

## to fq
$ fasterq-dump --split-files SRR1512315.sra
-rw-r--r--. 1 wangjl user 313M Jan 23 16:29 SRR1512315_1.fastq
-rw-r--r--. 1 wangjl user 313M Jan 23 16:29 SRR1512315_2.fastq

## to bam
$ sam-dump SRR1512315.sra > SRR1512315.sam ## ä¸å¥½ï¼Œåªæœ‰åºåˆ—ï¼Œæ²¡æœ‰æ¯”å¯¹ä¿¡æ¯ã€‚
-rw-r--r--. 1 wangjl user 362M Jan 23 16:31 SRR1512315.sam


å‚æ•°è§£é‡Š:
$ fasterq-dump
Usage: fasterq-dump.2.10.9 <path> [options]
-e|--threads                     how many thread dflt=6 
-o|--outfile                     output-file 
-O|--outdir                      output-dir 



## å®ä¾‹ 20ä¸ªçº¿ç¨‹
$ fasterq-dump --split-files -e 20 SRR11094242/SRR11094242.sra
spots read      : 345,812,670
reads read      : 1,037,438,010
reads written   : 691,625,340
technical reads : 345,812,670

$ ls -lth
-rw-r--r--. 1 wangjl jinwf 145G Mar 22 16:16 SRR11094242_1.fastq
-rw-r--r--. 1 wangjl jinwf 145G Mar 22 16:16 SRR11094242_2.fastq


## æ‰¹é‡åŒ–
$ cat SRR_Acc_List.txt | tail -n 8 | while read id; do
fasterq-dump --split-files -e 20 ${id}/${id}.sra && echo "** ${id}.sra done **";  
done




(3) ä¸‹è½½å’Œè§£å‹äºŒåˆä¸€ï¼ˆæ¨è: æœ€åçš„å¤šçº¿ç¨‹ + æ‰¹é‡è„šæœ¬ï¼‰
You can also avoid the prefetch step and download and convert the Run in one step by entering just the Run accession without the .sra extension in your fasterq-dump or sam-dump command:

$ fasterq-dump --split-files SRR1512315

$ head SRR1512315_1.fastq # è¿™æ˜¯ä¸€ä¸ª25PEçš„æ•°æ®ï¼Œæ„Ÿè§‰å¾ˆä¸å¥½ï¼
@SRR1512315.1 C2JV4ACXX131001:8:1101:10000:21972 length=25
TTATTACCCTTTGAAGGGCTGGATT
+SRR1512315.1 C2JV4ACXX131001:8:1101:10000:21972 length=25
CCCFFFFFHHHHHIJJJJJJJJIJJ

é‡ç‚¹å‚æ•°æ˜¯-e|threads, ç”¨äºé€‰æ‹©ä½¿ç”¨å¤šå°‘çº¿ç¨‹è¿›è¡Œè¿è¡Œï¼Œé»˜è®¤æ˜¯6ä¸ªçº¿ç¨‹ã€‚ åŒæ—¶è€ƒè™‘åˆ°æœ‰äº›äººå®¹æ˜“ç€æ€¥ï¼Œè¿˜æä¾›äº†-pé€‰é¡¹ç”¨äºæ˜¾ç¤ºå½“å‰è¿›åº¦ã€‚
ç‰¹åˆ«æ¨èè¿™ä¸ªå‘½ä»¤ã€‚
$ fasterq-dump --split-files -e 10 SRR1512315



æ‰¹é‡åŒ–è¿è¡Œ: å¤šå¼€å‡ ä¸ªtmuxçª—å£ï¼Œä¸€ä¸ªçª—å£ä¸­ä¸‹è½½3ä¸ªæ–‡ä»¶ã€‚ï¼ˆç›¸å½“äºæ‰‹åŠ¨å¤šè¿›ç¨‹ + ç¨‹åºå†…å¤šè¿›ç¨‹ï¼‰
$ cat SRR_Acc_List.txt | head -n 3 | while read id; do echo $id; 
fasterq-dump --split-files -e 10 $id;
done;





(4) --split-3 å‚æ•°
$ prefetch SRR13166718 -O ./ #ä¸‹è½½æ•°æ®çš„è·¯å¾„
$ cd SRR13166718
$ ls -l 
-rw-rw-r-- 1 wangjl wangjl 13G 12æœˆ 26 15:46 SRR13166718.sra
-rw-rw-r-- 1 wangjl wangjl  26K 12æœˆ 26 16:04 NC_012920.1 ##è¿™äº›ä¸çŸ¥é“æ˜¯ä»€ä¹ˆï¼Ÿ
-rw-rw-r-- 1 wangjl wangjl 6.4M 12æœˆ 26 16:04 NC_000024.10
-rw-rw-r-- 1 wangjl wangjl  38M 12æœˆ 26 16:04 NC_000023.11

## è§£å‹å‡ºfq
$ fastq-dump --help ## "fastq-dump" version 2.10.9

$ fastq-dump --split-3 -O ./ SRR13166718.sra
å‚æ•°è§£é‡Šï¼š
--split-3     3-way splitting for mate-pairs. 
	For each spot, if there are two biological reads satisfying filter conditions, the first is placed in the `*_1.fastq` file, and the second is placed in the `*_2.fastq` file. If there is only one biological read satisfying the filter conditions, it is placed in the `*.fastq` file.All other reads in the spot are ignored.
--gzip     Compress output using gzip: deprecated, not recommended ä¸æ¨èçš„å‚æ•°








========================================
|-- aspera åŠ é€Ÿä¸‹è½½: ç›®å‰ä¸å¯ç”¨
----------------------------------------
1. é»˜è®¤ä¸‹è½½æ¯”è¾ƒæ…¢

$ prefetch SRRxxxxxxx -O PATH

é»˜è®¤æƒ…å†µä¸‹ï¼Œprefetchæ˜¯åˆ©ç”¨httpsæ–¹å¼å»ä¸‹è½½åŸå§‹æ•°æ®ï¼Œè¿™ä¸ªå°±åƒç›´æ¥ä»ç½‘é¡µä¸‹è½½ä¸€æ ·ï¼Œé€Ÿåº¦æœ‰ä¸€å®šçš„é™åˆ¶ã€‚å› æ­¤è¿™é‡Œéœ€è¦å…ˆå®‰è£…ä¸€æ¬¾å«åš"aspera"çš„ä¸‹è½½å·¥å…·ï¼Œå®ƒæ˜¯IBMæ——ä¸‹çš„å•†ä¸šé«˜é€Ÿæ–‡ä»¶ä¼ è¾“è½¯ä»¶ï¼Œä¸NCBIå’ŒEBIæœ‰åä½œåˆåŒ

#ä¸‹è½½asperaå®‰è£…åŒ…
$ wget https://ak-delivery04-mul.dhe.ibm.com/sar/CMA/OSA/09cne/0/ibm-aspera-connect-3.11.0.5-linux-g2.12-64.tar.gz
$ tar zxvf ibm-aspera-connect-3.11.0.5-linux-g2.12-64.tar.gz
$ ./ibm-aspera-connect-3.11.0.5-linux-g2.12-64.sh
Installing IBM Aspera Connect
Deploying IBM Aspera Connect (/home/wangjl/.aspera/connect) for the current user only.
Install complete.

è®¾ç½®ç¯å¢ƒå˜é‡
## æŠŠUSERNAME æ¢æˆè‡ªå·±çš„linux è´¦æˆ·å
$ echo 'export PATH=/home/wangjl/.aspera/connect/bin:$PATH' >> ~/.bashrc
$ source ~/.bashrc
$ ascp -h
Usage: ascp [OPTION] SRC... DEST
          SRC to DEST, or multiple SRC to DEST dir
          SRC, DEST format: [[user@]host:]PATH
...


*ascpå®‰è£…æˆåŠŸåï¼Œprefetchå°±ä¼šé»˜è®¤å°†ä¸‹è½½æ–¹å¼ä»httpsè½¬ç§»åˆ°faspï¼Œè¯´æ˜å¼€å¯åŠ é€Ÿæ¨¡å¼




2. ç”¨æ³•
åŸºæœ¬è¯­æ³•å¦‚ä¸‹ï¼Œ[OPTION] æ˜¯å‚æ•°è®¾ç½®ï¼Œ
SRC æ˜¯è¿œç¨‹èµ„æºè·¯å¾„ï¼ŒDESTæ˜¯æ–‡ä»¶ä¿å­˜è·¯å¾„ã€‚
è‹¥SRCä¸ºå¤šä¸ªæ–‡ä»¶ï¼Œåˆ™ä¿å­˜åœ¨DESTç›®å½•ä¸‹ã€‚

ascp [OPTION] SRC... DEST

ä¾‹å­:
$ ascp  -l 100M -P 33001 -QT -k 2 -i ~/.aspera/connect/etc/asperaweb_id_dsa.openssh era-fasp@fasp.sra.ebi.ac.uk:/vol1/fastq/SRR576/004/SRR5760814/SRR5760814.fastq.gz ./test.fq.gz
å‚æ•°:
-l æœ€å¤§ä¼ è¾“é€Ÿåº¦
-P	-P33001ï¼Œåˆ†å¼€åˆèµ·ä½œç”¨éƒ½æ˜¯ä¸€æ ·ã€‚è®¾æˆå…¶ä»–å¯èƒ½ä¼šè¦è¾“å¯†ç ã€‚Set the TCP port used for fasp session initiation. (Default: 22)
-k	-k2, åˆ†å¼€åˆèµ·ä½œç”¨éƒ½æ˜¯ä¸€æ ·,å¼‚å¸¸ä¸­æ–­å¯ä»¥é‡å¯ã€‚Enables fatal transfer restarts.
-Q	Enable fair transfer policy
-T	ç¦æ­¢åŠ å¯†ã€‚Disable encryption for maximum throughput.
-i	å¯†é’¥åœ°å€ï¼Œè‡ªå·±å®‰è£…éƒ½æ˜¯ï¼š~/.aspera/connect/etc/asperaweb_id_dsa.openssh ï¼Œcondaå®‰è£…å‚ç…§ä¸Šé¢å†…å®¹

SRC	ä½ç½®å‚æ•°ï¼Œæºæ–‡ä»¶åœ°å€ï¼Œç±»ä¼¼era-fasp@fasp.sra.ebi.ac.uk:/vol1/fastq/SRR576/004/SRR5760814/SRR5760814.fastq.gz
DEST	./test.fq.gzï¼Œ ä¿å­˜åœ°å€





3.è¿ç”¨prefetchå’Œasperaè¿›è¡Œæ‰¹é‡ä¸‹è½½

$ head SRR_Acc_List.txt 
SRR11094242
SRR11094243
SRR11094244
SRR11094245
SRR11094246
SRR11094251
SRR11094252
SRR11094253
SRR11094254
SRR11094255

(1) å¯¹æ‰¹é‡æ–‡ä»¶è¿›è¡Œä¸‹è½½ï¼Œå°†ä¾æ¬¡ä¸‹è½½SRR_Acc_List.txtæ–‡ä»¶ä¸­SRRç¼–å·å¯¹åº”çš„æ•°æ®
$ cat SRR_Acc_List.txt| while read id;
do
	prefetch $id -O `pwd`&& echo "** ${id}.sra done **";
done


æŠ¥é”™:
Download of some files was skipped because they are too large
You can change size download limit by setting
--min-size and --max-size command line arguments


(2) æŸ¥å¸®åŠ©æ–‡ä»¶
-X | --max-size <size>             maximum file size to download in KB 
                                   (exclusive). Default: 20G 
è®¾ç½®
./prefetch -X 9999999999999 SRRXXX

è®¾ç½®æˆ100Gï¼Œå°±æ˜¯ 100*1024*1024 Kb=104857600 Kbä¸€å…±9ä½
$ cat SRR_Acc_List.txt| while read id;
do
	prefetch -X 123456789 $id -O `pwd`&& echo "** ${id}.sra done **";
done

å¼€è¾“å‡ºè®°å½•ï¼Œè¿˜æ˜¯åœ¨ç”¨httpã€‚
2021-03-16T03:48:42 prefetch.2.10.9:  Downloading via HTTPS...  


2020.6, sraå·²ç»ä¸èƒ½ç”¨ascpä¸‹è½½äº†ï¼šhttps://github.com/ncbi/sra-tools/issues/304






ref:
https://www.jianshu.com/p/fed19a8821eb
https://download.asperasoft.com/download/docs/ascp/2.7/html/index.html




========================================
å¦‚ä½•ä¸Šä¼ æµ‹åºæ•°æ®åˆ° GEO
----------------------------------------
0. å‡†å¤‡:
å¦‚æœæ˜¯äººçš„æ ·æœ¬ï¼Œéœ€è¦ç”³è¯·è®¸å¯å·ï¼Œæ¯ä¸ªå›½å®¶éƒ½æœ‰è‡ªå·±çš„è§„å®šã€‚
å¦‚æœæ˜¯ç»†èƒç³»å’Œå°é¼ çš„æ ·æœ¬ï¼Œåˆ™å¯ä»¥ç›´æ¥ä¸Šä¼ åˆ°GEOã€‚

(1)æ¨èä¸Šä¼ gzå‹ç¼©çš„fastqæ–‡ä»¶ï¼ˆä¸è¦ä½¿ç”¨zipå‹ç¼©ï¼‰ï¼Œä¸”å„ä¸ªæ ·æœ¬å·²åšæ‹†åˆ†ã€‚

$ cd /home/wangjl/data/apa/fq_files/combine/
$ ls *fastq | while read id; 
do  
	echo $id; 
	gzip -c $id > ../combine_gz/${id}.gz
done;



## test
$ id="9" && echo c${id}_R1.fastq && echo c${id}_R2.fastq

å¤ªæ…¢äº†ï¼Œè¿˜æ˜¯å…¨æ‰‹åŠ¨ å¤šè¿›ç¨‹æ“ä½œå§ã€‚
$ id="9" && gzip -c c${id}_R1.fastq > ../combine_gz/c${id}_R1.fastq.gz && gzip -c c${id}_R2.fastq > ../combine_gz/c${id}_R2.fastq.gz
$ id="12" && gzip -c c${id}_R2.fastq > ../combine_gz/c${id}_R2.fastq.gz



(2) ç”Ÿæˆmd5æ ¡éªŒ
$ cd /home/wangjl/data/apa/fq_files/combine_gz

## get md5sum
$ ls *.fastq.gz | xargs md5sum >result.md5

## æ ¸éªŒ
$ md5sum -c result.md5


æŠ½æ£€å‹ç¼©è¿‡çš„æ–‡ä»¶ï¼Œè§£å‹åï¼Œå’ŒåŸå§‹æ–‡ä»¶æ¯”è¾ƒ
$ gunzip -c small.png.gz | md5sum
$ md5sum small.png



(3) ä¸ºèŠ‚çœç¡¬ç›˜ç©ºé—´ï¼Œæ€ä¹ˆå®‰å…¨åˆ é™¤åŸå§‹fastqæ–‡ä»¶ï¼Œä¿ç•™å‹ç¼©åçš„fastq.gz?
å…ˆæ£€æµ‹ fastq çš„md5å€¼ï¼Œ
å†æ£€æµ‹ fastq.gz è§£å‹ç¼©åçš„md5å€¼ï¼Œ
å¦‚æœç›¸ç­‰ï¼Œåˆ™è¯æ˜ fastq.gz è§£å‹ç¼©åèƒ½è¿˜åŸä¸ºåŸfastqï¼Œå¯ä»¥å®‰å…¨åˆ é™¤åŸ fastqã€‚

## step1: åŸå§‹ fastqçš„md5
$ ls /home/wangjl/data/apa/fq_files/mef/*_R2.fastq | xargs md5sum >mef.md5


## step2: gz è§£å‹åçš„md5å€¼ 
$ ls /home/wangjl/data/scPolyA-seq/data/raw_sc/human/*gz | while read fName; do echo $fName; md5=`gunzip -c ${fName} | md5sum | awk '{print $1}'` && echo -e "${md5}\t${fName}" >>human.fq.gz_after_gunzip.222.md; done;


## step3: cat åè‚‰çœ¼è§‚å¯Ÿï¼Œ æˆ– ä½¿ç”¨Rè¯­è¨€ æ£€æµ‹md5æ˜¯å¦å’ŒåŸå§‹æ–‡ä»¶çš„md5ä¸€è‡´
readOriginMD5=function(){
  d1=read.table("bc.md5")
  d1_=read.table("mef.md5")
  d1=rbind(d1,d1_)
  head(d1)
  d1$cid=gsub("/home/wangjl/data/apa/fq_files/mef/", "", d1$V2)
  d1$cid=gsub("/home/wangjl/data/apa/fq_files/bc/", "", d1$cid)
  d1$cid=gsub("_R2", "", d1$cid)
  d1$cid=gsub("_", "", d1$cid)
  rownames(d1)=d1$cid
  print(dim(d1))
  d1
}
readGunzipMD5=function(){
  d2=read.table("human.fq.gz_after_gunzip.222.md")
  head(d2)
  d2$cid=gsub("/home/wangjl/data/scPolyA-seq/data/raw_sc/human/", "", d2$V2)
  d2$cid=gsub(".gz", "", d2$cid)
  print(dim(d2))
  rownames(d2)=d2$cid
  d2
}
d1=readOriginMD5() #640
d2=readGunzipMD5() #222
#
head(d1)
head(d2)
length(intersect(d1$cid, d2$cid))
#
d2$md52=d1[rownames(d2),]$V1
dim(d2)
d2$check= (d2$V1==d2$md52)
head(d2)
table(d2$check) #222 true
# å¦‚æœéƒ½æ˜¯trueï¼Œåˆ™æ­£ç¡®ã€‚









1. æ‰“å¼€ GEO ä¸Šä¼ ç•Œé¢
https://www.ncbi.nlm.nih.gov/geo/info/submission.html


2. æ³¨å†Œç™»å½•GEOæ•°æ®åº“
ä¸ºäº†ä¸Šä¼ æ•°æ®ï¼Œé¦–å…ˆéœ€è¦ç™»å½•è´¦å·ï¼Œç‚¹å‡»ç•Œé¢å³ä¸Šæ–¹â€œloginâ€ã€‚
æ–°ç”¨æˆ·éœ€è¦å…ˆæ³¨å†Œï¼Œå¡«å†™ç›¸å…³ä¿¡æ¯åï¼Œè´¦å·é€šè¿‡é‚®ç®±æ¿€æ´»ã€‚


ç™»å½•åï¼Œå¦‚æœè´¦å·æ˜¯é¦–æ¬¡ç™»å½•ï¼Œéœ€è¦å®Œå–„ä¸ªäººä¿¡æ¯ï¼ŒåŒ…æ‹¬å›½å®¶ã€åœ°åŒºã€æ‰€å±å•ä½ç­‰ã€‚



3. ä¸Šä¼ æ•°æ®
ä¸Šä¼ æ•°æ®ç±»å‹å¯åˆ†ä¸º3ç±»ï¼š
	èŠ¯ç‰‡æ•°æ®ï¼›
	é«˜é€šé‡æ•°æ®ï¼Œå¦‚RNA-seqã€ChIP-seqç­‰ï¼›
	å…¶å®ƒè¡¨è¾¾è°±æ•°æ®ï¼Œä¾‹å¦‚RT-PCRç­‰ã€‚

ä¸‹æ¥ä»¥æŸ C1 scRNA-seqæ•°æ®ä¸Šä¼ ä¸ºä¾‹å±•ç¤ºï¼Œç‚¹å‡»ä¸Šä¼ é«˜é€šé‡æ•°æ®ç±»å‹ã€‚
Submitting high-throughput sequence data to GEO

(1)Assembling your submission
- Metadata spreadsheet
- Processed data files
- Raw data files

(2)Uploading your submission

è¦å‡†å¤‡å¥½æ‰€æœ‰æ•°æ®ï¼Œæ”¾åˆ°ä¸€ä¸ªæ–‡ä»¶å¤¹ä¸­ï¼Œä¸€èµ·ä¸Šä¼ ï¼Œåªæœ‰ä¸€æ¬¡æœºä¼šï¼Œä¸èƒ½åå¤ä¸Šä¼ ã€‚
$ ls geo_submission_jun7/ |wc
    564     564    9956

æ¨èä½¿ç”¨ sftp ä¸Šä¼ : lftp ç”¨æˆ·å:å¯†ç @ftpåœ°å€:ä¼ é€ç«¯å£ï¼ˆé»˜è®¤21ï¼‰
1) å®˜æ–¹ç¤ºä¾‹ Using 'lftp'
lftp ftp://geoftp:password@ftp-private.ncbi.nlm.nih.gov
cd uploads/jinwlab_AV27EOOc
mirror -R Folder_with_submission_files


2) æˆ‘çš„å®ä¾‹
$ lftp geoftp@ftp-private.ncbi.nlm.nih.gov:21
è¾“å…¥å¯†ç 
> cd uploads
> cd jinwlab_AV27EOOc
> mirror -R geo_submission_jun7

## 564+1(æœ¬excelè¡¨æ ¼) ä¸ªæ–‡ä»¶, 2021/6/7 20:52 --> 2021/6/15 21:50
## å¿˜äº† excel è¡¨æ ¼äº†ï¼Œuploadåˆ°ä¸Šä¼ æ–‡ä»¶å¤¹ï¼Œå¸Œæœ›åˆ«å‡ºé”™ã€‚21:04


Total 565 files;
2021-6-7 begin 0

2021-6-9 15:00 56 files now;
         20:41 61

2021-6-10 14:21 112 files now;
        14:43   116 files now;  398K/s
        15:09   119 files now;   25K/s
        17:10   125 files now;   46K/s

2021-6-11 10:04  142 files now;  25K/s
        14:39   165 files now;  1.27M/s, 4.64M/s,
        14:46   176 files now;  9.0M/s,  max    c13ROW16
        15:49   181 files now;  39K/s
        19:28   183 files now;  36K/s

2021-6-12 11:33  265 files now; 399K/s,  c16ROW10
        17:24    304 files now;  50K/s, c19ROW13

2021-6-13 10:45  362 files now;  29K/s,  c2ROW37
        15:16   365 files now; 42K/s,  c2ROW40
        22:46   398 files now; 30K/s,  c3ROW33
		
2021-6-14 10:01  446 files now;  399K/s, c7ROW01
        21:57 514 files now;  29K/s, c8ROW30
2021-6.15 21:35 end
New: 564 files, 0 symlinks
128001857054 bytes transferred in 630018 seconds (198.4 KiB/s)
è²Œä¼¼å°‘äº†ä¸€ä¸ªæ–‡ä»¶ï¼Œä¹Ÿå°±æ˜¯æˆ‘çš„ excel æ–‡ä»¶ã€‚

put geo_submission_jun7/seq_template.xlsx
107265 bytes transferred in 10 seconds (10.6 KiB/s) 
ç°åœ¨565æ–‡ä»¶ã€‚

ç¡®ä¿æ•°æ®éƒ½æ”¾åœ¨äº†æ–‡ä»¶å¤¹å†… 
lftp geoftp@ftp-private.ncbi.nlm.nih.gov:/uploads/jinwlab_AV27EOOc> ls geo_submission_jun7/|wc
    565    5085   41533



(3)General Information
- Data provisions, standards and administration
- Categories of sequence submissions accepted by GEO



(4) æœ€åæ˜¯é€šçŸ¥GEOå»å¤„ç†æ•°æ®ï¼Œäº”å¤©å†…å¤„ç†ã€‚
https://submit.ncbi.nlm.nih.gov/geo/submission/ è¿™ä¸ªé¡µé¢åªå‡ºç°ä¸€æ¬¡ã€‚


Submission Summary
Thank you for using the GEO Submission form.

Transferred files are placed into the processing queue and will be reviewed within 5 business days; expect to receive an email from GEO curators with your GEO accession numbers, or questions about your submission. We can be contacted at geo@ncbi.nlm.nih.gov if you do not hear from us within the allotted time, or if you require additional assistance.

Incomplete or incorrectly formatted submissions cannot be processed. A complete submission consists of:
	1.Completed metadata worksheet
	2.Raw data
	3.Processed data

If you have not transferred all components, please use the Submission form to submit the missing components.

Directory:	geo_submission_jun7/
User ID:	jin**lab
Submission kind:	new
		âœ“ Metadata
		âœ“ Processed data
		âœ“ Raw data
Public release date:	immediately following curation
Comment


### ç¬¬äºŒå¤©æ”¶åˆ°é‚®ä»¶
From: "GEO - Carlos Evangelista" <geo@ncbi.nlm.nih.gov>
Subject: [geo] GSE178264 approval [NCBI tracking system #22102877]
Date: 16 June 2021 at 03:44:53 GMT+8
To: ji*@*.edu.cn

https://www.ncbi.nlm.nih.gov/geo/query/acc.cgi?acc=GSE178264









========================================
*** TCGA å¦‚ä½•ä½¿ç”¨ ***
----------------------------------------


========================================
å¦‚ä½•è·å–ä¸‹è½½æƒé™ï¼ŸTCGA - the cancer genome atlas
----------------------------------------
1.éœ€è¦è·å¾— token

2.å¸¸è§é—®é¢˜
https://gdc.cancer.gov/about-gdc/gdc-faqs?categories=[%22Access%20Data%22]

How do I obtain an account to log in to the GDC?
https://gdc.cancer.gov/submit-data/obtaining-access-submit-data

Obtaining Access to Controlled Data
https://gdc.cancer.gov/access-data/obtaining-access-controlled-data

éœ€è¦ç°æœ‰an eRA Commons account and dbGaP access,ç„¶åå¯ä»¥ä¸‹è½½å—æ§æ•°æ®ã€‚
In order to obtain access to controlled data available in the GDC, researchers must first obtain an NIH eRA Commons account and then obtain authorization to access the data through the NIH database of Genotypes and Phenotypes (dbGaP). 

3.å¦‚æœè·å– eRA Commons Account and dbGaP Access
https://gdc.cancer.gov/access-data/obtaining-access-controlled-data/registering-and-working-era-commons-and-dbgap

Obtaining an eRA Commons Account
https://era.nih.gov/commons/faq_commons.cfm

Obtaining dbGaP Access
https://dbgap.ncbi.nlm.nih.gov/aa/wga.cgi?page=login


4.ç­”ç–‘eRA Commons

I.å¸¸è§„é—®é¢˜
(1)æ˜¯ä»€ä¹ˆï¼Ÿ
æ˜¯ä¸€ä¸ªåœ¨çº¿æ¥å£ã€‚

(2)æˆ‘çš„æµè§ˆå™¨éœ€è¦è®¾ç½®å—ï¼Ÿ
éœ€è¦å…è®¸JavaScriptã€‚

(3)é‡åˆ°é—®é¢˜æ€ä¹ˆåŠï¼Ÿ
çœ‹æµè§ˆå™¨æ˜¯å¦æ”¯æŒï¼Œhttps://era.nih.gov/browser_support_ext.cfm
å»ºè®®ï¼š
Internet Explorer 11.x
Mozilla Firefox 42.x
Google Chrome 46.x



II.eRA Commonsæ³¨å†Œ
(1)æˆ‘éœ€è¦eRA Commonsè´¦å·å—ï¼Ÿ
ç™»å½•éœ€è¦ã€‚åŸºé‡‘ç”³è¯·æäº¤éœ€è¦ã€‚

(2)æˆ‘çš„æœºæ„/ç ”ç©¶æ‰€æ€ä¹ˆæ³¨å†ŒeRA Commonsï¼Ÿ
åªæœ‰Signing Official æ‰æœ‰æ³¨å†Œæƒï¼Œæ¯”å¦‚å¦‚ä¸‹å¤´è¡”ï¼šPresident, CEO, Executive Director, Dean, Chancellor, Provost, Owner, or Partner.
æ³¨æ„ï¼šç”³è¯·å•ä½å’ŒPIï¼ˆé€šè¿‡Signing Officialï¼‰éƒ½éœ€è¦åœ¨eRA Commonsæ³¨å†Œã€‚
è°¨è®°ï¼šç”³è¯·äººæ‰€åœ¨å•ä½å¿…é¡»è¢«Grants.gov å’ŒSystem for Award Management (SAM) æˆåŠŸæ³¨å†Œï¼Œä¹‹åæ‰èƒ½æˆåŠŸæäº¤åˆ°NIH.
[To register at Grants.gov:http://www07.grants.gov/web/grants/applicants.html; 
 to register at SAM:https://www.sam.gov/portal/public/SAM/ ]

æœªå®Œå¾…ç»­ //TODO


5.å¦‚ä½•æ³¨å†Œæœºæ„/ç ”ç©¶æ‰€eRAï¼Ÿ
https://era.nih.gov/erahelp/commons/default.htm#cshid=1026

(1)
åªæ¥å—å¦‚ä¸‹äººå‘˜æˆä¸º  Signing Official (SO) 
	Corporation - President, CEO
	Institute - Executive Director
	University - President, Dean, or Chancellor
(2)
æ³¨å†Œä¹‹å‰ï¼Œä½ éœ€è¦ä¸€ä¸ªDUNSå·ç ï¼š
You must have a valid and verifiable Dunn and Bradstreet (DUNS) number before proceeding with the registration process. If your institution does not have a valid DUNS number, you can obtain one at the following website:

http://fedgov.dnb.com/webform

æŸ¥è¯¢Zhengzhou University http://fedgov.dnb.com/webform/pages/CCRSearch.jsp
China(Peoples Republic of)

  

Your search returned the following results...**

[no]Zhengzhou University Medical College Cerebral Palsy Surgic
Daxue Road, Erqi District
Zhengzhou, CP	Request Your Existing D-U-N-S Number
View/Modify Your Information   
               
Zhengzhou University Network Management Center
No.75, Daxue Road, Erqi Distr
Zhengzhou, CP	Request Your Existing D-U-N-S Number
View/Modify Your Information    
              
Zhengzhou University Urban Planning Design Institute
No.97, Jinshui District
Zhengzhou, CP	Request Your Existing D-U-N-S Number
View/Modify Your Information   
               
[no]Zhengzhou University of Light Industry Computer & Communica
No.5, Dongfeng Road
Zhengzhou, CP	Request Your Existing D-U-N-S Number
View/Modify Your Information     
             
[no]Zhengzhou University No.3 Affiliated Hospital (Henan Ma
No.7, Kangfuqian Street, Erqi
Zhengzhou, CP	Request Your Existing D-U-N-S Number
View/Modify Your Information      
            
[no]Zhengzhou University Technology Market Office
No.97, Wenhua Road
Zhengzhou, CP	Request Your Existing D-U-N-S Number
View/Modify Your Information                 

æ³¨å†Œæ–°æœºæ„ï¼š
Zhengzhou University School of Life Sciences.

Request for New D-U-N-S Number
http://fedgov.dnb.com/webform/newReq.do?hdncompanynumber=-1&browser=&hdnCompanyName=&hdnAddress=&hdnCity=&hdnState=&hdnZip=&hdnCountry=&hdnDuns=&hdnTradeStyleName=&newCompanyName=&newStreet=null&newCity=null&newState=&newCountry=CP&newTelephoneNumber=&newZip=&newCompanyNameIntl=Zhengzhou+University&newStreetIntl=&newCityIntl=&frm_phys_street=null&hdncurrent=1&CCRRequest=ViewCompanyDetails&source=fedgov



http://english.zzu.edu.cn/
Zhengzhou University Official Website
  No.100 Science Avenue,
  Zhengzhou City, Henan Province
  P.R.China. Postcode: 450001
  
 Tel: +86-371-67781030
    Fax: +86-371-67781030
    Email: xuan@zzu.edu.cn
    YU-ICP-Back-No: 05002440

School of Life Sciences,Zhengzhou University 

é‡ç½®æˆ‘çš„é‚®ç®±ï¼š mailadm@zzu.edu.cn
0371-67783235 


(3)éœ€è¦SIC code 
https://www.osha.gov/pls/imis/sicsearch.html

Standard Industrial Classification (SIC) System Search

https://www.osha.gov/pls/imis/sic_manual.display?id=69&tab=group
8221 Colleges, Universities, and Professional Schools



(4)è¿”å›ç»§ç»­æ³¨å†ŒD-U-N-S Number

You affirm that you are a principal, owner or officer of the entity for which you are submitting 
proposed information and/or changes and that you are properly authorized to submit these 
changes. You also agree not to knowingly provide any false or misleading information to D&B.
Knowingly providing false or misleading information may result in criminal or civil penalties as per 
Title 18, Section 1001 of the US Criminal Code, and may negatively impact the status of the D&B 
report maintained on this company.

This also includes the use of a Shelf Corporation. D&B defines a Shelf Corporation as one that exhibits
either of the following characteristics: (1) An aged corporation where no prior business activities
could be confirmed or (2) An aged corporation that was revoked, dissolved or went to a dormant status,
and is subsequently reinstated and is under new control. It is D&B's policy that the historical business activity 
of a Shelf Corporation, if any, will not be factored into the determination of such Shelf Corporation?s
start date. As such, any individual who attempts to misrepresent the start date of their business 
through the use of a Shelf Corporation or any other means is immediately put on information alert status 
or higher-risk status. In addition, the criminal penalties mentioned above may apply.



D-U-N-S Number Request Submitted
Thank You
Your D-U-N-S Number will be sent to the e-mail address you provided.

If you have any questions, please contact Dun & Bradstreet at SAMHelp@dnb.com
NOTE: Your newly created or modified D-U-N-S Number and business will not be viewable on this search application for 7 days.

Please click here to go to the search page
If you have technical difficulties, please contact govt@dnb.com

Â© Dun & Bradstreet Inc., 2009


JimmyMall@live.com 
New DUNS Request - Tracking ID : 2000372




(5)
æ³¨å†ŒeRAåœ°å€ï¼š
https://public.era.nih.gov/commons/public/registration/registrationInstructions.jsp


Only Signing Officials can register their institutions with the NIH. Follow these directions to register your institution.
 	
1.Complete the online Institution Registration Form and click Submit.
2.Agency will send you an email with the link to confirm your email address.
3.Once email address is verified, the Agency will review your request and let you know of the result via email.
4.If your request is denied, you will get an email notifying you of the reason.
5.If your Request is approved, you will get an email with your Commons user id and temporary password.
6.Log in to Commons with temporary password and system will prompt you to change temporary password to the permanent one. Principle Signing Official will be prompted to electronically sign your registration request. (Please review your registration information carefully).
7.Once Principle Signing Official has electronically signed the request, your organization will be active in Commons and you may Create and maintain additional accounts for your institution staff.




You are here: Register Your Organization/Institution
https://era.nih.gov/erahelp/commons/default.htm#cshid=1026




========================================
TCGAç”³è¯·ç»éªŒï¼š
----------------------------------------
1.
eRA Commons Registrationï¼šæ—¶ä»£å…±äº«æ³¨å†Œ
http://www.docin.com/p-1008052282.html
http://www.doc88.com/p-6931897748976.html

DUNSè´¦å·ç”³è¯·åï¼Œå°±æ˜¯èµ°æµç¨‹äº†ï¼š
https://dbgap.ncbi.nlm.nih.gov/aa/dbgap_request_process.pdf


2.
ä¸‹è½½TCGAçš„controlledæ•°æ®ï¼šæœ‰eRA Commonsè´¦å·ä»¥ådbGaPå­è´¦å·æ€ä¹ˆæ³¨å†Œ
http://www.dxy.cn/bbs/topic/34622198



========================================
TCGAåˆ†æç›¸å…³
----------------------------------------

1.è¿™ä¸ªç½‘ç«™åªæœ‰è‚¿ç˜¤çš„æ•°æ®ï¼Œæ²¡æ³•å’Œç™Œæ—è¿›è¡Œæ¯”è¾ƒï¼Œè¯·é—®ç™Œæ—çš„æ•°æ®åœ¨å“ªå„¿ä¸‹è½½å•Šï¼Ÿ
æœ‰ç™Œæ—çš„ Tumor-matched / Tumor- unmarked è¦é€‰è¿™ä¸¤ä¸ª
æˆ‘æ²¡çœ‹åˆ°ã€‚
http://www.dxy.cn/bbs/topic/32132680?ppg=2


2.TCGAå’ŒGEO æ˜¯æœ‰äº¤é›†çš„ä¹ˆï¼Ÿæœ‰çš„æ–‡çŒ®ç”¨GEO æœ‰çš„ç”¨TCGA ä¸€èˆ¬æ˜¯æ€ä¹ˆé€‰æ‹©çš„å•Š è°¢è°¢
?
http://www.dxy.cn/bbs/topic/32132680?ppg=2

3.å…³äºcancer browserä¸­ä¸‹è½½çš„genematrixæ–‡ä»¶é‡Œé¢çš„æ•°å€¼æ˜¯æŒ‡åŸºå› çš„è¡¨è¾¾é‡å—ï¼Ÿæ„Ÿè§‰è¿™äº›åŸºå› å¯¹åº”çš„æ•°å€¼è·Ÿåœ¨cBioPortalä¸­ä¸‹è½½çš„å¯¹åº”çš„åŒä¸ªåŸºå› åŒä¸ªæ ‡æœ¬ä¸­çš„æ•°å€¼ä¸ä¸€æ ·ï¼Œæ‰€ä»¥æƒ³é—®ä¸€ä¸‹ï¼Œgenematrixæ–‡ä»¶é‡Œé¢çš„æ•°å€¼æ˜¯æŒ‡åŸºå› çš„è¡¨è¾¾é‡å—ï¼Ÿ

æ•°æ®è½¬åŒ–çš„æ¡ä»¶ä¸ä¸€æ ·ï¼Œcancer browserçš„æ¯ä¸ªæ•°æ®åº“æœ‰ä¸ªç®€ä»‹ï¼Œæˆ‘è®°å¾—æ˜¯ logï¼ˆx+1ï¼‰,cbioportalçš„æ²¡æ³¨æ„ï¼Œä½ å¯ä»¥æŸ¥ä¸€ä¸‹

http://www.dxy.cn/bbs/topic/32132680?ppg=2


4.æˆ‘è¦åšä¸€ä¸ªè‚ºç™Œçš„ç”Ÿå­˜æ›²çº¿ã€‚åŸºå› æ˜¯TNFAIP3ã€‚æ•°æ®å°±ç”¨TCGAé‡Œé¢çš„Non-Small Cell Lung Cancer (7)çš„ä¸ƒä¸ªåº“çš„æ•°æ®ï¼Œä½†æ˜¯æƒ³å–æœ€é«˜å’Œæœ€ä½çš„60ä¸ªæ ·æœ¬ã€‚ä¸çŸ¥é“æ€ä¹ˆåšã€‚å› ä¸ºæˆ‘ä¹Ÿä¸æ˜¯å¾ˆæ‡‚ï¼Œåªæ˜¯çœ‹äº†å…¶ä»–çš„æ–‡çŒ®ï¼Œæœ‰è¿™ä¹ˆåšçš„ã€‚
http://www.dxy.cn/bbs/thread/32137410#32137410

5.
æœ¬äººæœ€è¿‘ä¹Ÿåœ¨ç ”ç©¶TCGAæ•°æ®åº“ï¼Œï¼ˆèœé¸Ÿä¸€æšï¼‰æƒ³é—®ä¸€ä¸‹æ¥¼ä¸»ï¼Œ
1).ç”¨survivalåŒ…å…ˆè¿›è¡Œå•å› ç´ åˆ†æï¼Œç­›é€‰å‡ºPå€¼å°äº0.01çš„å˜é‡ï¼Œæ˜¯ç”¨çš„Survï¼ˆï¼‰å‡½æ•°ï¼Œç„¶åæå–å‡ºå…¶ä¸­çš„wald.testå¯¹åº”çš„å€¼å—ï¼Ÿå¦‚æœä¸æ˜¯ï¼Œæ¥¼ä¸»æ˜¯ç”¨çš„ä»€ä¹ˆæ–¹æ³•å‘¢ï¼Ÿ
2).å¯¹äºä¸Šä¸‡çš„å˜é‡ï¼Œè‚¯å®šæ˜¯è¦å†™å¾ªç¯è¯­å¥å•¦ï¼Œä¸‹é¢æ˜¯æˆ‘å†™çš„è¯­å¥ï¼Œç”¨æ¨¡æ‹Ÿæ•°æ®è¯•äº†ä¸‹æ²¡æœ‰é—®é¢˜ï¼Œä½†ç”¨åˆ°TCGAæ•°æ®ä¸­å°±ä¼šæŠ¥é”™ï¼Œä¸çŸ¥é“æ¥¼ä¸»å¯å¦åˆ†äº«ä¸€ä¸‹è¯­å¥ï¼Œè®©æˆ‘ä¹Ÿå­¦ä¹ å­¦ä¹ 
y = Surv(t, d)
x<-shuju[,3:6]
w<-vector(length = 4)

for(i in 1:4){
  x.i<-x[,i]
  f.i<-coxph(y~x.i)
  w[i]<-f.i$wald.test
}
http://www.dxy.cn/bbs/thread/32137410#32137410


6.
ä»¥ä»Cancer Browserä¸‹è½½æ•°æ®æœ€ä¸ºæ–¹ä¾¿ï¼Œä¸‹é¢å°†TCGAåŸºå› è¡¨è¾¾æ•°æ®å’Œä¸´åºŠæ•°æ®åº”ç”¨æ–¹æ³•ä½œä¸ºè®°å½•ã€‚æˆ‘ä»¬ä»¥Colorectal Canceræ•°æ®å¤„ç†ä¸ºä¾‹ã€‚æˆ‘ä»¬å¸Œæœ›ç»“åˆç»“ç›´è‚ ç™Œç—‡çš„åŸºå› è¡¨è¾¾æ•°æ®å’Œä¸´åºŠæ•°æ®ï¼Œå»æ£€ç´¢åˆ°åº•å“ªäº›åŸºå› ä¼šå’Œç»“ç›´è‚ ç™Œçš„OSæ€»ç”Ÿå­˜æœŸå’ŒDFSæ— ç—…è¿›å±•æœŸç›¸å…³ã€‚

TCGAæ•°æ®å¤„ç†åˆ†ææ€è·¯ã€‚
1)åŸºå› è¡¨è¾¾æ•°æ®å’Œä¸´åºŠæ•°æ®æ•´åˆï¼Œå¯ä»¥ä½¿ç”¨Rè¯­è¨€mergeè¯­å¥ã€‚
2)Rè¯­è¨€survivalåŒ…è¿›è¡Œè¿ç®—ï¼Œä»ä¸­é€‰å‡ºPå€¼å°äº0.01çš„åŸºå› è¿›è¡Œç ”ç©¶ï¼Œå¦‚æœæŠŠä¸€ä¸ªç™Œç—‡é˜Ÿåˆ—2ä¸‡å¤šä¸ªåŸºå› éƒ½æ‰«ä¸€éå¤§æ¦‚è¦è€—æ—¶6-10hå·¦å³ã€‚ï¼ˆå…¶ä¸­æ•°æ®å¤„ç†å’Œç®—æ³•debugæ¯”è¾ƒçƒ¦æ‚ï¼Œè€Œä¸”å¯¹äºä¸æ»¡è¶³åˆ†ç»„çš„è¿›è¡Œå‰”é™¤å’Œè¾“å‡ºåº”å½“æ›´åŠ æ³¨æ„ã€‚ï¼‰


7.æ€ä¹ˆä½¿ç”¨gdc-clientå·¥å…·ï¼Ÿ
http://www.dxy.cn/bbs/topic/35576510
http://www.dxy.cn/bbs/topic/35587125




========================================
å¤„ç†TCGAçš„å‡ ä¸ªå·¥å…·
----------------------------------------
http://www.dxy.cn/bbs/topic/34817292?from=recommend

å¤„ç†TCGAåŸå§‹æ•°æ®å’Œåˆçº§æ•°æ®éœ€è¦ç¼–ç¨‹èƒ½åŠ›ï¼Œä¾‹å¦‚Rè¯­è¨€ã€‚å¦‚æœæ˜¯æ–°æ‰‹ï¼Œå»ºè®®ä½ é‡‡ç”¨å¤„ç†åæ•°æ®ï¼Œæœ‰å‡ ä¸ªå¾ˆå¥½çš„åœ¨çº¿åº”ç”¨ï¼Œæ—¢å¯ä»¥å¯¹TCGAæ•°æ®è¿›è¡Œå¯è§†è¯ï¼Œä¹Ÿèƒ½å¤ŸæŠŠå¤„ç†åæ•°æ®ä¸‹è½½ä¸‹æ¥è‡ªå·±åˆ†æã€‚

1. cbioportalï¼šhttp://www.cbioportal.org/index.do è¿™ä¸ªç½‘ç«™åˆ°google exploreæ‰èƒ½æ›´å¥½è¿è¡Œ.è¿™ä¸ªç½‘ç«™å¼€å‘äº†Rè¯­è¨€çš„,The CGDS-R package provides a basic set of functions for querying the Cancer Genomic Data Server (CGDS) via the R platform for statistical computing. CGDS-R package è¿™ä¸ªåŒ…å¯ä»¥ç›´æ¥install.èƒ½å¤Ÿè·å–æ•°æ®.åœ¨TCGA/Ræ–‡ä»¶å¤¹é‡Œ,æœ‰æ¢ç´¢.ä½†ä¸ä¼šè¿›ä¸€æ­¥åˆ†æ. è¿™ä¸ªç½‘ç«™çš„å·¥ä½œ,æœ€ä¸ºå‰å®³.å¯ä»¥åšåˆ°å°½å¯èƒ½çš„ä¸ªä½“åŒ–.

Data Sets é‡Œé¢,summary å°±å¯ä»¥çœ‹åˆ°,æ¯ä¸ªdatasetçš„å¤§æ¦‚å†…å®¹.èƒ½ä¸èƒ½åœ¨è¿™é‡Œ

2. UCSC Xenaï¼šhttp://xena.ucsc.edu/ TCGA hubåœ¨è¿™é‡Œ.å¯ä»¥ä¸‹è½½åˆ°ä¸€äº›æ•°æ®.è¿™ä¸ªç½‘ç«™å¯ä»¥åšä¸€äº›åˆ†æ,ä»¥çƒ­å›¾çš„å½¢å¼è¿›è¡Œè¡¨ç¤º. æ˜¯å®ƒçš„ä¸€ä¸ªç‰¹å¾.å½“ç„¶ä¹Ÿå¯ä»¥çœ‹åˆ°ç”Ÿå­˜æ›²çº¿.

3. Firehoseï¼šhttp://firebrowse.org/ å¯ä»¥æ¯”è¾ƒå¿«çš„çœ‹åˆ°æ‰€æœ‰ç»“æœ.ä½†æ˜¯ä¸ªä½“åŒ–è§‚å¯Ÿèƒ½åŠ›æ¯”è¾ƒå·®.

4 .Genome Data Analysis Center http://gdac.broadinstitute.org/ è¿™é‡Œçœ‹åˆ°çš„éƒ½æ˜¯data,æœ‰å¾ˆå¤šä¸œè¥¿,ä¸æ˜¯å¾ˆæ‡‚.æœ‰å¾ˆå¤špipelineæ˜¯æ²¹ç®¡,æ˜¯æ‰€æœ‰äººåšå¥½çš„åˆ†æå—? å¯æ˜¯å¥½åƒæ²¡æœ‰çœ‹åˆ°rawçš„data.å…³äºfirehoseå¦‚ä½•å¤„ç†æ•°æ®

For a discussion of Firehose in the broader context of Big Cancer Data, see Nature Methods 10, 293â€“297 (2013) doi:10.1038/nmeth.2410.

5. TCGA Assembler: http://health.bsd.uchicago.edu/yji/TCGA-Assembler.htm ç”±äºTCGA data have now been moved from the Data Coordinating Center (DCC) to the Genomic Data Commons (GDC).We are working with the GDC group, trying to make TCGA-Assembler compatible with the new TCGA data file structure in GDC. We will keep users updated about this process.æˆ‘ä»¬ä¹Ÿå°±åªæœ‰ç­‰äº†

ä½ å¯ä»¥è‡ªå·±å°è¯•æ‘¸ç´¢ä¸€ä¸‹ã€‚å¯¹äºè¡¨è¾¾è°±æ•°æ®ï¼Œå»ºè®®ä½ é‡‡ç”¨UCSC Xena

RSEMå’ŒRPKMä¸¤ç§æ•°æ®å¤„ç†æ–¹æ³•æœ‰åŒºåˆ«ï¼Œä½†æˆ‘ä¸€èˆ¬ç›´æ¥ç”¨TCGAç»™çš„RSEMï¼›å¯¹æ•°æ®å–log2(*+1)ï¼Œæ•°æ®åˆ†å¸ƒå°±éå¸¸ç±»ä¼¼åŸºå› èŠ¯ç‰‡äº†ã€‚

è¿™ä¸ªæ–‡ä»¶ï¼ˆrnaseqv2-RSEM_genes_normalized_resultï¼‰å°±æ˜¯åŸºå› çš„mRNAè¡¨è¾¾æ•°æ®ï¼Œæ¯åˆ—ä¸€ä¸ªæ ·æœ¬ï¼Œæ¯è¡Œä¸€ä¸ªåŸºå› ï¼Œæ˜¯æˆ‘ä»¬å¸¸ç”¨çš„dataï¼›åŸºå› åå­—æ˜¯Gene symbol | Entrez IDï¼›æ ·æœ¬ä¸­æœ‰åŸå‘è‚¿ç˜¤ã€æ­£å¸¸å¯¹ç…§ã€è½¬ç§»ç˜¤ç­‰ä¸åŒç±»å‹ï¼Œéœ€è¦åŒºåˆ†å¹¶åˆ†ç¦»ã€‚æŠŠåŸºå› è¡¨è¾¾è°±ä¸æ ·å“ä¸´åºŠä¿¡æ¯è¿›è¡ŒåŒ¹é…å¯¹é½åï¼Œå³å¯è¿›è¡Œå·®å¼‚è¡¨è¾¾åˆ†æã€‚

é’ˆå¯¹TCGAæ•°æ®å»ºè®®è¿˜æ˜¯ä½¿ç”¨Deseqå’ŒergeRåŒ…è¿›è¡Œå·®å¼‚åˆ†æï¼ŒåŒæ„@dvdhoverçš„æ•°æ®é¢„å¤„ç†æ–¹æ³•ï¼ŒåŒæ—¶å¯ä»¥é€šè¿‡å»é™¤å‡å€¼å°äº1çš„æ•°æ®è¡Œæ»¤è¿‡éƒ¨åˆ†ä½ä¸°åº¦çš„æ•°æ®ã€‚

DESeqå’ŒedgeRçš„ç¡®æ˜¯æœ€å—æ¨å´‡çš„RNASeqå·®å¼‚è¡¨è¾¾åˆ†ææ–¹æ³•ã€‚æˆ‘è¿™é‡Œè®²è®²ä»–ä»¬çš„ç¼ºç‚¹ã€‚é¦–å…ˆå°±æ˜¯ä¸¤ä¸ªåŒ…å¯¹æ•°æ®è¦æ±‚ä¸¥æ ¼ï¼Œå‡è¦æ±‚â€œraw counts dataâ€ï¼Œä½†è¿™ç§æ•°æ®TCGAæ˜¯ä¸å…¬å¼€çš„ï¼›è™½ç„¶ä¹Ÿæœ‰æŠ¥é“æ ¹æ®FPKMå€¼é€†æ¨ï¼Œä½†æ¯•ç«Ÿä¸æ˜¯åŸè£…çš„ã€‚å¦å¤–ä¸€ç‚¹å°±æ˜¯è¿™ä¸¤ç§å¤„ç†æ–¹æ³•ä¸å¤Ÿçµæ´»ï¼Œåªèƒ½ç”¨æ¥åšå·®å¼‚è¡¨è¾¾ï¼Œåç»­å¦‚æœæˆ‘æƒ³åšheatmapï¼Œè¿˜å¾—æŠŠæ•°æ®å–å¯¹æ•°ï¼›å…¶ä»–å¦‚çœ‹ä¸åŒåŸºå› è¡¨è¾¾çš„ç›¸å…³æ€§ã€åŸºå› è¡¨è¾¾ä¸æ‹·è´æ•°ç›¸å…³æ€§ã€GSEAåˆ†æç­‰ï¼Œç”¨ä¸Šè¿°å¤„ç†æ–¹æ³•éƒ½åšä¸äº†ï¼Œå–å¯¹æ•°æ˜¯æˆ‘çœ‹åˆ°çš„æœ€ä½³æ–¹æ¡ˆã€‚å½“ç„¶ï¼Œè¿™äº›éƒ½æ˜¯ä¸ªäººæ„è§ï¼Œæ¬¢è¿æ‰¹è¯„æŒ‡æ­£ã€‚

å¯ä»¥è·å–raw counts dataæ•°æ®ï¼Œé€šè¿‡TCGA Assembleè·å–çš„æ•°æ®å°±æœ‰raw countsï¼Œæ­£å¥½å¯ä»¥é€šè¿‡edgeRè¿›è¡Œåˆ†æï¼ŒDESeqå¯¹äºç”µè„‘çš„è¦æ±‚è¾ƒé«˜ï¼Œå¯èƒ½éœ€è¦ä¸€å®šçº§åˆ«çš„ç”µè„‘ï¼ŒedgeRå¯ä»¥è‡ªå·±ç”µè„‘ä¸Šè¿›è¡Œï¼




========================================
ä½¿ç”¨cbioPortalåˆ†æTCGAæ•°æ®é›†
----------------------------------------
1.å®˜ç½‘
http://www.cbioportal.org/
The cBioPortal for Cancer Genomics provides visualization, analysis and download of large-scale cancer genomics data sets.

2.cBioportalä¸­æ–‡æ•™ç¨‹:åˆ†é¢æ¿ä»‹ç»
https://www.jianshu.com/p/9ba58976e726






========================================
TCGAç¼–å·ä»€ä¹ˆæ„æ€ï¼Ÿå“ªé‡Œæœ‰ç¼–å·çš„å¯¹åº”è§£é‡Šï¼Ÿ
----------------------------------------
Sample Type Codes
https://gdc.cancer.gov/resources-tcga-users/tcga-code-tables/sample-type-codes


Tissue Source Site Codes
https://gdc.cancer.gov/resources-tcga-users/tcga-code-tables/tissue-source-site-codes




========================================
TCGAå¥—è·¯æ–‡ç« å¤§å…¨
----------------------------------------
https://mp.weixin.qq.com/s?__biz=MzA5NjU5NjQ4MA==&mid=2651156416&idx=1&sn=986eb3d9201996a11932892ee2540e7f
1. ç›´æ¥æ‰¾å…¨å±€miRNA/mRNAè¡¨è¾¾å¯¹

(1)
https://www.ncbi.nlm.nih.gov/pubmed/?term=28056026
PLoS One. 2017 Jan 5;12(1):e0168412. doi: 10.1371/journal.pone.0168412. eCollection 2017.
Integration of MicroRNA, mRNA, and Protein Expression Data for the Identification of Cancer-Related MicroRNAs.


(2)
https://www.jianshu.com/p/8049e5e2028e
2019å¹´12æœˆå‘è¡¨åœ¨ Cell Proliferationæ‚å¿—çš„ä¸€ç¯‡è®ºè‘—æ–‡ç« ï¼Œå…¨æ–‡ä½¿ç”¨ç½‘ç»œåœ¨çº¿æ•°æ®åº“è¿›è¡Œç ”ç©¶ã€‚2019å¹´å½±å“å› å­åˆšå¥½5åˆ†ã€‚
æ–‡ç« ä»ä¸€ä¸ªåŸºå› å®¶æ—å‡ºå‘ï¼Œç„¶åæ‰¾åˆ°ä¸€ä¸ªåŸºå› è§‰å¾—å¾ˆé‡è¦ï¼Œç ”ç©¶äº†å…¶è¡¨è¾¾å’Œé¢„åæƒ…å†µ, è¯·æ³¨æ„æ–¹æ³•éƒ¨åˆ†ä½¿ç”¨çš„æ˜¯ ä¸€ç³»åˆ—çš„ç”Ÿç‰©ä¿¡æ¯å­¦å·¥å…·ã€‚

cBioportalï¼ŒCOSMICï¼ŒKaplan-Meieræ•°æ®åº“åˆ†æå…¶çªå˜ï¼ŒåŠé¢„å




2. é’ˆå¯¹æ„Ÿå…´è¶£åŸºå› æ¥åˆ†æå…¬å…±æ•°æ®



3. è¡¥å……ä¸€ç‚¹ç®€å•çš„å®éªŒï¼Œç”¨TCGAæ•°æ®åšä½è¯è€Œå·²ã€‚





========================================
TCGAæ•°æ®åº“ç”Ÿå­˜åˆ†æçš„ç½‘é¡µå·¥å…· kmplot å›¾
----------------------------------------
http://www.bio-info-trainee.com/3783.html


ONCOLN:  http://www.oncolnc.org
KMPLOT:  http://kmplot.com/analysis
GEPIA:  http://gepia.cancer-pku.cn/detail.php?gene=CUL3
GEPIA2:  http://gepia2.cancer-pku.cn/#analysis



1.åœ¨Ré‡Œé¢é‡æ–°ç”»ONCOLNCæ•°æ®
rm(list=ls())
options(stringsAsFactors = F) 
# http://www.oncolnc.org/kaplan/?lower=20&upper=20&cancer=LIHC&gene_id=8452&raw=CUL3&species=mRNA
f='LIHC_8452_50_50.csv'
a=read.table(f,
 header = T,sep = ',',fill = T)
colnames(a)
dat=a
colnames(dat)
library(ggstatsplot)
ggbetweenstats(data =dat, 
 x = Group, y = 'Expression')

ggbetweenstats(data =dat, 
 x = Status, y = 'Expression')

library(ggplot2)
library(survival)
library(survminer) 
table(dat$Status)
dat$Status=ifelse(dat$Status=='Dead',1,0)
sfit <- survfit(Surv(Days, Status)~Group, data=dat)
sfit
summary(sfit)
ggsurvplot(sfit, conf.int=F, pval=TRUE)





2.çœ‹çœ‹cbioportalå’Œucscçš„xenaæ•°æ®æºï¼Œé‡ç”»
rm(list=ls())
options(stringsAsFactors = F)
# http://www.oncolnc.org/kaplan/?lower=50&upper=50&cancer=LGG&gene_id=93663&raw=ARHGAP18&species=mRNA

# http://www.oncolnc.org
f='LIHC_8452_50_50.csv' ## 
a=read.table(f,
 header = T,sep = ',',fill = T)
colnames(a)
dat=a
colnames(dat)
head(dat)
## http://www.cbioportal.org 
b=read.table('plot-LIHC_cbioportal.txt',
 header = T,sep = '\t',fill = T)
colnames(b)=c("Patient","stage","rsem")
b[,1]=substring(b[,1],1,12)
d=merge(a,b,by='Patient')

# https://xenabrowser.net/datapages/

xena=read.table('TCGA-LIHC.survival.tsv.gz',
 header = T,sep = '\t',fill = T)
xena=xena[grepl('01A',xena[,1]),]
head(xena)
e=merge(d,xena,by.x='Patient', by.y = 'X_PATIENT')
par(mfrow=c(2,1))
plot(e$Days,e$X_TIME_TO_EVENT)
plot(e$Expression,e$rsem)






========================================
*** UCSC Xena: åœ¨çº¿å¤šç»„å­¦ã€ä¸´åºŠ-è¡¨å‹æ•°æ® æ¢ç´¢å·¥å…· ***
----------------------------------------
æ–‡çŒ®ä¸­
Exon and CDS annotation for TCGA and miRNA expression were downloaded from Xena UCSC Genome browsers.
https://doi.org/10.1016/j.molcel.2019.12.022




1. Xena UCSC Genome browsers
å¯ç”¨æ¥ä¸‹æ•°æ®ï¼Œè¿˜å¯ä»¥åœ¨çº¿åˆ†æï¼Œå¾ˆå¤šå¥½ç”¨çš„åœ¨çº¿æ¢ç´¢å·¥å…·ã€‚

http://xena.ucsc.edu/
å›½å†…é•œåƒ https://xena.hiplot.com.cn/


(1) å®˜ç½‘ç®€ä»‹
UCSC Xena
See the bigger picture
An online exploration tool for public and private, multi-omic and clinical/phenotype data
ä¸€ä¸ªå…¬å…±-ç§äººæ•°æ®ï¼Œå¤šç»„å­¦ï¼Œä¸´åºŠ-è¡¨å‹æ•°æ® åœ¨çº¿æ¢ç´¢å·¥å…·ã€‚


# å¸®åŠ©æ–‡æ¡£ Tutorials and walkthroughs
Don't know where to start? Jump in with one of our tutorials or "How do I â€¦" walkthroughs
https://ucsc-xena.gitbook.io/project/tutorials


# æ¢ç´¢å¤šæ¸ é“è‚¿ç˜¤æ•°æ® Explore TCGA, GDC, and other public cancer genomics resources
Discover new trends and validate your findings with 1500+ datasets and 50+ cancer types.
http://xena.ucsc.edu/public/


# æŸ¥çœ‹ç§äººæ•°æ®æˆ–æ–‡çŒ®ä¸­çš„æ•°æ® View your own private data, or data from a paper
View your data, securely and privately. Our step-by-step wizard will guide you whether you're on a Windows or Mac.
http://xena.ucsc.edu/private-hubs/


# Xena can help you ...
1) ç”»ç”Ÿå­˜æ›²çº¿ Perform a Kaplan-Meier survival analysis
Wondering if a gene (or probe, or clinical value, etc) affects survival? We have survival analyses complete with p-values, adjustable time frames, and multiple survival endpoints.
http://xena.ucsc.edu/kaplan-survival-analysis/

2) å¯¹æ¯”è‚¿ç˜¤å’Œæ­£å¸¸ï¼Œæˆ–è€…è·¨ç»„ç»‡ç±»å‹ Compare tumor vs normal within or across tissue types
Use Xena to compare TCGA tumor samples to GTEx normal samples to see if your gene or transcript is up- or down-regulated in one or more cancer types.
http://xena.ucsc.edu/compare-tissue/

3) å‘ç°åŸºå› å’Œä¸´åºŠæ•°æ®çš„å…³è” Discover relationships among genomic and clinical data
Wondering if an increase in gene expression is correlated with a promoter hypomethylation, an increase in chromatin accessibility, or hotspot missense mutations? Xena lines up multiple types of data side-by-side to help you find out.
http://xena.ucsc.edu/discover-relationships/

4) åŸºäºåŸºå› å‹æ•°æ®åˆ†å‹ Create subgroups based any genomic data
With Xena you can compare expression of a gene between wild type vs mutant samples, or between samples with normal copy number vs amplifications, or between any other subgroups.
http://xena.ucsc.edu/create-subgroups/

5) æ–¹ä¾¿åˆ†äº« Share live views with your colleague
Found something interesting and want to share? Xena bookmarks live views for further exploration by you or anyone you send the link to.

6) å®¹æ˜“ä¸‹è½½çš„é¢„ç¼–è¯‘æ•°æ®ï¼Œå¯ä»¥è¿›ä¸€æ­¥åˆ†æ Download easy-to-use pre-compiled data for further bioinformatic analysis
Xena compiles easy-to-use data files derived from public resources like TCGA or GDC. These tab-delimited files, such as Pan-cancer gene expression data matrix, can be easily imported into R or python.

http://xena.ucsc.edu/download-data/
Xena æ±‡é›†äº† TCGA or GDC çš„å…¬å…±æ•°æ®ï¼Œè¿™äº›å¤šè‚¿ç˜¤çš„åŸºå› è¡¨è¾¾æ•°æ®çŸ©é˜µæ˜¯csvæ ¼å¼çš„ï¼Œå¾ˆæ–¹ä¾¿å¯¼å…¥åˆ°Ræˆ–pythonã€‚

https://ucsc-xena.gitbook.io/project/overview-of-features/download-data
4ç§ä¸‹è½½æ•°æ®çš„æ–¹æ³•ï¼šæ•´åˆ—ï¼Œæ•´ä¸ªè¡¨ï¼Œwgetï¼ŒR or Python API

7) å‘å¸ƒå¹¶å…¬å¼€è‡ªå·±çš„æ•°æ® Make your data available to the world
Get your data (e.g. from a publication) out to a wider audience for both visualization and download. Set up a Xena Data Hub, load up your data, configure it to be public, and share the URL.







2. å…¶ä»–èµ„æ–™å¯¹å…¶çš„ä»‹ç»

(1) å¯ä»¥ç”¨Xenaå¸®åŠ©è§£å†³ä»€ä¹ˆé—®é¢˜
æŸä¸ªåŸºå› çš„é«˜è¡¨è¾¾ä¸é¢„åçš„å…³ç³»ï¼Ÿ
è‡ªå·±å®šä¹‰çš„ä¸¤ä¸ªåˆ†ç»„ä¹‹é—´çš„ç”Ÿå­˜å­˜åœ¨å·®å¼‚å—ï¼Ÿ
æŸä¸ªåŸºå› åœ¨ä¸‰ç§ç™Œç—‡ç±»å‹çš„tumorä¸normalæ ·æœ¬æ˜¯ä¸æ˜¯å­˜åœ¨å·®å¼‚è¡¨è¾¾ï¼Ÿ
æŸä¸ªåŸºå› çš„çªå˜ã€æ‹·è´æ•°å˜å¼‚ã€åŸºå› è¡¨è¾¾é‡ä¹‹é—´å­˜åœ¨æ€æ ·çš„å…³ç³»ï¼Ÿ

(2) Xenaä¸­å­˜å‚¨çš„å…¬å…±æ•°æ® 
http://xena.ucsc.edu/public/ æœ€æ–°çš„å’Œä¸‹é¢ä¸å®Œå…¨ä¸€è‡´ã€‚

TCGA
	40ç§ç™Œç—‡ç±»å‹ï¼Œ11000æ ·æœ¬
	ä¸»è¦æ˜¯primary tumorï¼Œè¿˜æœ‰å°‘é‡çš„normalå’Œmetastatic
	æ•°æ®ç±»å‹ä¸»è¦æœ‰ï¼šsomatic mutationã€gene expressionã€copy number
	ç”Ÿå­˜åŠå…¶ä»–åŸºç¡€è¡¨å‹ã€ä¸´åºŠæ•°æ®ï¼ˆå¦‚å¹´é¾„ã€äºšå‹ï¼‰

TARGET
	https://ocg.cancer.gov/programs/target
	å…¨ç§°æ˜¯ï¼šThe Therapeutically Applicable Research to Generate Effective Treatments (TARGET)
	ä¸»è¦å›´ç»•å„¿ç«¥å¼€å±•ï¼ŒåŒ…æ‹¬ä»¥ä¸‹é¡¹ç›®ï¼Œå’ŒTCGAç±»ä¼¼éƒ½æœ‰è½¬å½•ç»„ã€WGSã€WESã€ç”²åŸºåŒ–ç­‰ï¼š
	
	Acute Lymphoblastic Leukemia
	Acute Myeloid Leukemia
	Kidney Tumors
	Neuroblastoma ç¥ç»æ¯ç»†èƒç˜¤
	Osteosarcoma éª¨è‚‰ç˜¤
	Pan-cancer Model Systems

GTEx
	GTExå…¨ç§°Genotype-Tissue Expressionï¼Œå­˜å‚¨äº†æ­£å¸¸ç»„ç»‡çš„è¡¨è¾¾é‡æ•°æ®

ICGC
	https://dcc.icgc.org/
	ICGC å…¨ç§°International Cancer Genome Consortiumï¼ˆå›½é™…ç™Œç—‡åŸºå› ç»„è”ç›Ÿï¼‰ï¼Œæœ‰äºšæ´²ã€æ¾³å¤§åˆ©äºšã€æ¬§æ´²ã€åŒ—ç¾å’Œå—ç¾çš„æ•°æ®

PCAWG
	https://dcc.icgc.org/pcawg
	å…¨ç§°æ˜¯ï¼šPan-Cancer Analysis of Whole Genomesï¼ˆæ³›ç™Œå…¨åŸºå› ç»„åˆ†æï¼‰ï¼Œæ˜¯TCGAå·¥ä½œäººå‘˜åˆ©ç”¨TCGAæ•°æ®å½“ä¸­çš„WGSæ•°æ®è¿›è¡Œçš„åˆ†æï¼Œæœ‰2700å¤šä¸ªæ ·æœ¬ä¾›ä½“

CCLE
	https://portals.broadinstitute.org/ccle
	Cancer Cell Line Encyclopediaï¼ˆç™Œç—‡ç»†èƒç³»ç™¾ç§‘å…¨ä¹¦ï¼‰ï¼Œæœ‰å„ä¸ªäººç§è‚¿ç˜¤ç»†èƒç³»çš„WESæ•°æ®ï¼ŒWGSæ•°æ®ï¼ŒRNAseqæ•°æ®ï¼Œæ‰©å¢å­æ•°æ®ã€‚å¯ä»¥æ‰¾åŸºå› è¡¨è¾¾å˜åŒ–ã€çªå˜ã€indelsã€æ‹·è´æ•°å˜å¼‚ã€ç”²åŸºåŒ–ã€è¯ç‰©ååº”ç­‰ç­‰ã€‚
	ç›®å‰å·²æœ‰1,457ä¸ª ç»†èƒç³»ï¼Œæ¶‰åŠ84,434ä¸ªåŸºå› 

MET500
	https://met500.path.med.umich.edu/
	ä¸»è¦æ˜¯ç ”ç©¶è½¬ç§»ç™Œ
	æœªæ¥è¿˜ä¼šåŠ å…¥è›‹ç™½ç»„å­¦çš„æ•°æ® ï¼Œæ¥è‡ªï¼šClinical Proteomic Tumor Analysis Consortium (CPTAC)


(3) å¸¸è§çš„ç™Œç—‡å¯è§†åŒ–ç±»å‹

ä½“ç»†èƒçªå˜ somatic mutation

	DNAæµ‹åºå¾—åˆ°ï¼Œä¸»è¦åŒ…æ‹¬ï¼šsnvã€indelè¿™æ ·çš„å°å‹çªå˜ï¼Œå¯¹è›‹ç™½è´¨çš„å½±å“ä¸»è¦è¡¨ç°åœ¨ï¼š
	æ²‰é»˜çªå˜ Silentï¼šä¸æ”¹å˜è›‹ç™½è´¨
	é”™ä¹‰çªå˜ Missenseï¼šä¸€ä¸ªæ°¨åŸºé…¸è¢«å¦ä¸€ä¸ªæ°¨åŸºé…¸å–ä»£
	å‰ªåˆ‡ä½ç‚¹çªå˜ Splice-siteï¼šå¹²æ‰°å‰ªåˆ‡è¿‡ç¨‹
	æœ‰å®³çªå˜ Deleteriousï¼šæ— ä¹‰çªå˜ï¼ˆnonsenseï¼‰ã€ç§»ç çªå˜ï¼ˆframeshiftï¼‰
		æ— ä¹‰çªå˜ï¼šå•ä¸ªç¢±åŸºçš„æ›¿æ¢å¼•èµ·å‡ºç°äº†ç»ˆæ­¢å¯†ç å­ï¼Œä»è€Œæå‰ç»ˆæ­¢äº†å¤šè‚½é“¾çš„åˆæˆ
		ç§»ç çªå˜ï¼šåœ¨ä¸€æ¡DNAé“¾ä¸Šç¼ºå¤±æˆ–è€…æ’å…¥1ä¸ªã€2ä¸ªæˆ–è€…å…¶ä»–é3ä¸ªåŠå…¶æ•´æ•°å€çš„ç¢±åŸºï¼Œå°±ä¼šå¼•èµ·ä½œç”¨éƒ¨ä½ä¹‹åçš„å¯†ç å­çš„ç»„æˆåŠé¡ºåºå‘ç”Ÿå˜åŒ–ï¼Œä»è€Œå¯¼è‡´ç»ˆæ­¢ç æå‰æˆ–è€…å»¶å


æ‹·è´æ•°å˜å¼‚ CNV
	DNAæµ‹åºå¾—åˆ°ï¼Œä¹Ÿæ˜¯ä½“ç»†èƒçªå˜ã€‚ä¸»è¦åˆ†ä¸ºæ‰©å¢ï¼ˆamplificationï¼‰å’Œç¼ºå¤±ï¼ˆdeletionï¼‰


åŸºå› è¡¨è¾¾æ•°æ®
	RNAæµ‹åºå¾—åˆ°ï¼Œä¸»è¦æœ‰è½¬å½•æœ¬å±‚é¢ã€åŸºå› å±‚é¢ã€å¤–æ˜¾å­å±‚é¢ã€ç¼–ç è›‹ç™½åŸºå› å±‚é¢ã€éç¼–ç RNAå±‚é¢


éœ€è¦æ³¨æ„:
	æ‰¹æ¬¡æ•ˆåº”ï¼ˆç”±äºå®éªŒæ–¹æ³•ã€æ–‡åº“åˆ¶å¤‡ã€åˆ†ææ–¹æ³•ç­‰ç­‰äº§ç”Ÿï¼‰ï¼Œå› æ­¤åœ¨æ¯”è¾ƒä¸åŒæ•°æ®é›†æ—¶è¦å½“å¿ƒ
	ä¸æ˜¯æ‰€æœ‰çš„æ ·æœ¬éƒ½æœ‰å…¨éƒ¨çš„æµ‹åºæ•°æ®ï¼Œæ¯”å¦‚æŸç§ç™Œç—‡çš„æŸä¸ªæ ·æœ¬æŸç§æµ‹åºè´¨é‡å·®ã€æ–‡åº“åˆ¶å¤‡å‡ºäº†é—®é¢˜ï¼Œå®ƒå°±ä¼šç¼ºå¤±è¿™ç§æµ‹åºç»“æœ


(4) æ”¯æŒçš„æ•°æ®åˆ†æç§ç±»
ï¼å½“å¿ƒï¼è™½ç„¶éƒ½æ˜¯TCGAï¼Œä½†æ•°æ®ä¹Ÿå­˜åœ¨å·®å¼‚

é¦–å…ˆæ˜¯ï¼šTCGA PanCan Atlasï¼Œå®ƒé‡‡ç”¨çš„æ˜¯TCGAæœ€é«˜è´¨é‡çš„æ•°æ®ï¼Œé‡‡ç”¨äº†ç»Ÿä¸€çš„pipelineè¿›è¡Œåˆ†æï¼Œå¤§å¤§å‡å°äº†ç³»ç»Ÿè¯¯å·®ï¼›
	é™„å¸¦äº†ä¸€äº›è¡ç”Ÿæ•°æ®ï¼Œæ¯”å¦‚stemness scoreã€immuno subtypeï¼›
	å¦å¤–å®ƒçš„ç”Ÿå­˜æ•°æ®ä¹Ÿæ˜¯ç»è¿‡äººå·¥æ ¸éªŒçš„ï¼›
	æ¯”å¯¹è¿‡ç¨‹æ˜¯æ¯”å¯¹åˆ°äº†2006 genome ï¼ˆhg19ï¼‰ï¼›
	åœ¨xenaä¸­çš„åç§°æ˜¯ï¼šTCGA Pan-Cancer ï¼ˆPANCANï¼‰ï¼›
	é€‚ç”¨äºï¼šå…¨æ–°çš„åˆ†æ

å…¶æ¬¡æ˜¯ï¼šGDC TCGA dataï¼Œå®ƒä¹Ÿæ˜¯ç»Ÿä¸€åˆ†æï¼Œæ•°æ®æ¥è‡ªGenomic Data Commonsï¼ˆGDCï¼‰ï¼›
	æ¯”å¯¹åˆ°äº†2013 genomeï¼ˆhg38ï¼‰ï¼›
	æ²¡æœ‰å…¶ä»–è¡ç”Ÿæ•°æ®ï¼Œåªæ˜¯level3çš„åŸºå› ç»„æ•°æ®ï¼›
	åœ¨xenaä¸­çš„åç§°æ˜¯ï¼šGDC xxxï¼Œå¦‚ GDC TCGA Bile Duct Cancer ï¼ˆCHOLï¼‰ï¼›
	é€‚ç”¨äºï¼šå•ä¸ªç™Œç—‡ï¼ˆä¸æƒ³ä»pan canceræ•°æ®å–å­é›†ï¼‰æˆ–è€…éœ€è¦hg38ç‰ˆæœ¬çš„æ•°æ®

æœ€åæ˜¯ï¼šæœ€åŸå§‹çš„TCGA data ï¼ŒTCGAå®˜æ–¹æ”¾å‡ºæ¥çš„åŸå§‹æ•°æ®ï¼›
	å¤§éƒ¨åˆ†æ˜¯æ¯”å¯¹åˆ°hg19ï¼Œä½†ä¹Ÿæœ‰æ¯”å¯¹åˆ°hg18çš„ï¼›
	åœ¨xenaä¸­çš„åç§°æ˜¯ï¼šTCGA xxxï¼Œå¦‚TCGA Bile Duct Cancerï¼ˆCHOLï¼‰ï¼›
	é€‚ç”¨äºï¼šéœ€è¦å¤–æ˜¾å­è¡¨è¾¾é‡çš„åˆ†ææˆ–è€…éœ€è¦é‡å¤ä¸€äº›æ—©æœŸçš„å·¥ä½œ


ç›®å‰æ¯”è¾ƒæ¨èçš„æ•°æ®ä½¿ç”¨æ–¹å¼
- Expression type: Gene expression
	- Xena Study: TCGA Pan-Cancer(PANCAN)
	- Dataset: Gene expression(basic menu)

- Expression type: Transcript expression
	- Xena Study: TCGA Pan-Cancer(PANCAN)
	- Dataset: TOIL Transcript expression(advanced menu)

- Expression type: LncRNA gene expression
	- Xena Study: TCGA Pan-Cancer(PANCAN)
	- Dataset: TOIL Gene expression(advanced menu)

- Expression type: Exon expression
	- Xena Study: legacy TCGA datasets(per cancer type)
	- Dataset: Exon expression(advanced menu)

- Expression type: miRNA expression
	- Xena Study: TCGA Pan-Cancer(PANCAN)
	- Dataset: miRNA expression(advanced menu)





(5) å¯è§†åŒ–ç®€å•ä¸Šæ‰‹â€”â€”ä»¥è‚ºç™Œçš„EGFRä¸ºä¾‹

xenaçš„å¯è§†åŒ–é€»è¾‘å°±åƒæ˜¯excelè¡¨æ ¼ä¸€æ ·ï¼Œä¸€åˆ—ä¸€åˆ—æŠŠç™Œç—‡æ ·æœ¬ã€æƒ³è¦åˆ†æçš„æ•°æ®ç±»å‹ã€åŸºå› ç­‰ç­‰åŠ è½½è¿›æ¥


1) äº†è§£ä¸€ä¸‹è¿™ä¸ªåŸºå› EGFR
	10-35%çš„è‚ºç™Œç—…äººä¸­ä¼šå­˜åœ¨EGFRåŸºå› çš„å¼‚å¸¸ï¼ˆçªå˜æˆ–æ‰©å¢ï¼‰
	åœ¨å¥³æ€§ä¸­æœ€å¸¸è§
	EGFRæŠ‘åˆ¶å‰‚ç›®å‰åœ¨ä¸´åºŠä¸Šå·²ç»åº”ç”¨ï¼Œæ¯”å¦‚EGFRé…ªæ°¨é…¸æ¿€é…¶æŠ‘åˆ¶å‰‚ï¼ˆEGFRTKIï¼‰ï¼ˆä¾‹å¦‚åŸƒç½—æ›¿å°¼å’Œå‰éæ›¿å°¼ï¼‰å°±æ˜¯ä¸€ç±»EGFRé˜»æ–­è¯ç‰©ï¼Œåœ¨æ²»ç–—EGFRçªå˜çš„è‚ºç™Œä¸­æ˜¯æœ‰æ•ˆçš„ã€‚ç›®å‰å‰ä¸‰ä»£éƒ½å‡ºç°äº†æŠ—è¯é—®é¢˜ï¼Œæ¥è‡ªçºªå¿µæ–¯éš†-å‡¯ç‰¹ç³ç™Œç—‡ä¸­å¿ƒçš„ç ”ç©¶æ˜¾ç¤ºï¼Œå¥¥å¸Œæ›¿å°¼çš„åˆæ²»å’Œåçº¿æ²»ç–—å±•ç°äº†ä¸åŒçš„è€è¯è°±
	ï¼ˆhttps://med.sina.cn/article_detail_103_2_90349.htmlï¼‰

2) åŠ è½½ç™Œç—‡æ•°æ®
åŠ è½½è¿›æ¥åï¼Œçœ‹åˆ°æ¯ä¸€è¡Œè¡¨ç¤ºä¸€ä¸ªæ ·æœ¬


3) è½½å…¥EGFRè¡¨è¾¾é‡
Båˆ—çš„æ¯ä¸€è¡Œä¹Ÿæ˜¯å’ŒAä¿æŒä¸€è‡´ã€‚nullè¡¨ç¤ºè¯¥æ ·æœ¬æ²¡æœ‰æ•°æ®ï¼Œæ˜¾ç¤ºç°è‰²


4) è½½å…¥EGFRä½“ç»†èƒçªå˜æ•°æ®
Cåˆ—ä¸­ï¼Œçªå˜ä½ç‚¹å°±æ˜¯å…¶ä¸­çš„æ•£ç‚¹ï¼Œä¸åŒé¢œè‰²è¡¨ç¤ºä¸åŒçªå˜å½±å“

5) è½½å…¥EGFRçš„æ‹·è´æ•°å˜å¼‚
é»˜è®¤åªèƒ½åŠ ä¸‰åˆ—ï¼Œæ­¤æ—¶éœ€è¦ç‚¹å‡»Click to Add Columnæ¥å¢åŠ ã€‚çº¢è‰²æ˜¯æ‰©å¢ï¼Œè“è‰²æ˜¯ç¼ºå¤±


6) åœ¨ä¸Šå›¾å‘ç°ï¼ŒEGFRæœ‰å¼‚å¸¸çš„åœ°æ–¹ï¼Œè¡¨è¾¾é‡ä¹Ÿæ¯”è¾ƒé«˜=ã€‹æ€è€ƒï¼šå®ƒçš„å¼‚å¸¸å¯¹ç”Ÿå­˜æœ‰æ²¡æœ‰å½±å“ï¼Ÿ

æ€è·¯æ˜¯ï¼š
step1- å»æ‰ç©ºå€¼ï¼ˆNullï¼‰çš„æ ·æœ¬
step2- åˆ†ç»„ï¼Œä¸€ç»„æœ‰çªå˜ï¼Œä¸€ç»„æ²¡æœ‰
step3- åšç”Ÿå­˜åˆ†æ

xenaæ ·æœ¬è¿‡æ»¤å°æŠ€å·§ï¼š
step1:  è¿‡æ»¤æ¡ä»¶ä¸º!=null ï¼Œè¿‡æ»¤å®Œç©ºå€¼çš„æ ·æœ¬ï¼Œå‰©ä¸‹508ä¸ª
step2: æ€ä¹ˆå®šä¹‰EGFRå¼‚å¸¸å‘¢ï¼Ÿ
	æ ¹æ®ä¸Šå›¾çœ‹åˆ°ï¼ŒEGFRçš„å¼‚å¸¸ï¼ˆAberrationï¼‰å¯ä»¥åŒ…æ‹¬ï¼š
	mutationï¼šmissense OR inframe deletion
	copy numberï¼šcopy number gain
	å› æ­¤è¿‡æ»¤æ¡ä»¶å°±æ˜¯ï¼š(mis OR infra) OR D:>0.5
step3ï¼šæ€ä¹ˆåšç”Ÿå­˜åˆ†æå‘¢ï¼Ÿ

7) è¡¨è¾¾é‡å·®å¼‚åœ¨è‡ªå·±åˆ†çš„ä¸¤ç»„ä¹‹é—´å·®å¼‚æ˜¾è‘—å—ï¼Ÿ
é€‰æ‹©KM plotä¸‹é¢çš„ğŸ‘‡é‚£ä¸ªChart & Statistics ï¼ŒæŠŠXã€Yè½´è®¾ç½®ä¸€ä¸‹å°±ok



#





#









å…³äºXENAå‚¨å­˜çš„æ•°æ®ï¼Œéœ€è¦å¤šè¯´ä¸€å¥çš„æ˜¯ï¼ŒXENAçš„æ•°æ®æœ‰æ—¶å€™æ˜¯ç»è¿‡ç»“æœä¸€å®šçš„å¤„ç†çš„ï¼Œè¿™ä¸ªæ—¶å€™åœ¨ä¸‹è½½çš„æ—¶å€™ä¸€å®šè¦çŸ¥é“è‡ªå·±çš„åŸå§‹æ•°æ®æœ‰æ²¡æœ‰ç»è¿‡å¤„ç†ã€‚è¿™ä¸ªæˆ‘ä»¬å¯ä»¥åœ¨æ•°æ®ä¸‹è½½çš„unitå½“ä¸­çœ‹åˆ°ï¼Œä¾‹å¦‚è¿™ä¸ªTCGAçš„countæ•°æ®å°±æ˜¯ç»è¿‡log2å¤„ç†çš„ã€‚



========================================
åä¸ºäº‘ä¸‹è½½å·¥å…·: obsutil
----------------------------------------

1.
ç½‘é¡µç‰ˆä½¿ç”¨æ–¹å¼: http://www.seqhealth.cn/view/139.html
å‘½ä»¤è¡Œä½¿ç”¨æ–¹å¼: http://www.seqhealth.cn/view/140.html

(1)ä¸‹è½½å®‰è£…
$ wget  https://obs-community.obs.cn-north-1.myhuaweicloud.com/obsutil/current/obsutil_linux_amd64.tar.gz

$ tar -zxvf obsutil_linux_amd64.tar.gz
obsutil_linux_amd64_5.3.4/
obsutil_linux_amd64_5.3.4/obsutil
obsutil_linux_amd64_5.3.4/setup.sh

ä¸‹è½½å¥½çš„è½¯ä»¶ç›´æ¥è§£å‹å¯ç”¨ã€‚

$ cd obsutil_linux_amd64_5.3.4/
$ ls -lth
total 15M
-r-x------ 1 wangjl wangjl  15M Jun  1 10:24 obsutil
-rw------- 1 wangjl wangjl 2.1K Jun  1 10:24 setup.sh

æŠŠ obsutil æ”¾åˆ°è·¯å¾„ä¸­ã€‚
$ ln -s /home/wangjl/soft/obsutil_linux_amd64_5.3.4/obsutil ~/bin/

æ£€æŸ¥ç‰ˆæœ¬å·:
$ obsutil version
obsutil version:5.3.4, obssdk version:2.2.12
operating system:linux, arch:amd64





(2) æ•°æ®ä¸‹è½½
æŸ¥çœ‹é‚®ä»¶ï¼Œä¼šæœ‰ä¸€ä¸ªé“¾æ¥ï¼Œä¸€ä¸ªæˆæƒç 

Authorization  Code:
https://e-share.obs-website.cn-north-1.myhuaweicloud.com?token=4y6D2Av.....eg==

Access Code:
200414

* Valid Until:
Wed, 15 Apr 2020 11:09:12 GMT +0800



ä¸‹è½½æ•°æ®
$ obsutil share-cp https://e-share.obs-website.cn-north-1.myhuaweicloud.com?token=4y...eg== /home/wangjl/data/ZhangMin/ -ac=200414  -r -f -u -vlength -vmd5

å‚æ•°è§£é‡Š:
å‘½ä»¤ç»„æˆä¸ºâ€œobsutilâ€œ+ â€Authorization Codeâ€œ+ â€folder_urlâ€œ + â€-ac=Access Codeâ€ + â€œ -r -f  -u -vlength -vmd5â€
	Authorization Codeï¼šä¸‹è½½é“¾æ¥
	folder_urlï¼šæœ¬åœ°å­˜å‚¨è·¯å¾„ï¼Œä¸Šè¿°ç¤ºä¾‹ä¸­çš„æœ¬åœ°è·¯å¾„ä¸ºâ€œ/home/seqhealth/data/â€ï¼Œæ­£å¼ä¸‹è½½æ—¶è¯·æ›¿æ¢
		è¿œç¨‹é¡¹ç›®ä¸€èˆ¬è‡ªå¸¦æ–‡ä»¶å¤¹ï¼Œæ•…æœ¬åœ°å­æ–‡ä»¶å¤¹å¯æœ‰å¯æ— ï¼›ä¸ºäº†å®‰å…¨ï¼Œå»ºè®®åŠ ä¸Šå­æ–‡ä»¶å¤¹ï¼Œå¤§ä¸äº†ä¸‹è½½å®Œå†mvåˆ°å¤–å±‚ã€‚
	-acï¼šæå–ç 
	-rï¼šæ‰¹é‡ä¸‹è½½
	-fï¼šå¼ºåˆ¶ä¸‹è½½ï¼Œä¸è¿›è¡Œé€ä¸ªè¯¢é—®
	-uï¼šå¢é‡ä¸‹è½½
	-vlengthï¼šä¸‹è½½å®Œæˆåï¼ŒéªŒè¯æœ¬åœ°æ–‡ä»¶å¤§å°æ˜¯å¦ä¸æ¡¶ä¸­å¯¹è±¡çš„å¤§å°ä¸€è‡´
	-vmd5ï¼šä¸‹è½½å®Œæˆåï¼ŒéªŒè¯æœ¬åœ°æ–‡ä»¶çš„MD5å€¼æ˜¯å¦ä¸æ¡¶ä¸­å¯¹è±¡çš„MD5å€¼ä¸€è‡´
#


è¾“å‡º: å¾ˆå¤šå†…å®¹ï¼Œåªå…³å¿ƒæ—¶é—´å’Œæœ€åç»“è®ºã€‚
Start at 2021-06-02 06:09:50.121111689 +0000 UTC
ä¸‹è½½è¿›åº¦ä¸º100%ï¼Œä¸”Failedæ•°é‡ä¸º0ï¼Œåˆ™ä¸‹è½½å®Œæˆã€‚



(3) ä¸‹è½½æœ‰å¤±è´¥çš„æ€ä¹ˆåŠï¼Ÿ

ä¸¤ä¸ªéƒ½æœ‰å¤±è´¥çš„ï¼š
Succeed count is:   10        Failed count is:    4
Succeed count is:   7         Failed count is:    7 


åä¸ºå®˜ç½‘çš„è§£é‡Š: https://support.huaweicloud.com/obs_faq/obs_faq_0068.html
- é‡æ–°æ‰§è¡Œä¸‹è½½å‘½ä»¤ã€‚
obsutilåœ¨ä¸‹è½½çš„æ—¶å€™é»˜è®¤å¼€å¯æ–­ç‚¹ç»­ä¼ ï¼Œæ­¤æ—¶åªè¦é‡æ–°æ‰§è¡Œä¹‹å‰çš„ä¸‹è½½å‘½ä»¤å°±å¯ä»¥å°†ä¹‹å‰ä¸‹è½½å¤±è´¥çš„å¯¹è±¡é‡‡ç”¨ç»­ä¼ çš„æ–¹å¼é‡æ–°ä¸‹è½½åˆ°æœ¬åœ°ã€‚
- å¦‚æœé—®é¢˜æœªèƒ½è§£å†³ï¼Œè¯·å°†obsutilå‡çº§åˆ°æœ€æ–°ç‰ˆæœ¬å†è¿›è¡Œä¸‹è½½ã€‚
- å¦‚æœé—®é¢˜ä»ç„¶å­˜åœ¨ï¼Œè¯·è”ç³»å®¢æœå¤„ç†ã€‚


å†æ¬¡æ‰§è¡Œ:
Succeed count is:   14        Failed count is:    0         Skip count is:      14 

Succeed count is:   14        Failed count is:    0         Skip count is:      7         
Warning count is:   7         ä¸çŸ¥é“è¿™ä¸ª Warning å¹²å•¥çš„ã€‚
Succeed bytes is:   12.10GB



(4) è¿›æ–‡ä»¶å¤¹æ£€æŸ¥ md5 å€¼
ä¸çŸ¥é“ä¸ºä»€ä¹ˆï¼Œåä¸ºçš„md5æ–‡ä»¶é¡ºåºæ˜¯åçš„ï¼Œéœ€è¦2åˆ—é¢ å€’åcheckã€‚

$ awk '{print $2"\t"$1}' UID.md5.txt >UID.md5

$ md5sum -c UID.md5
ADK_WT_1.dedup.R1.fastq.gz: OK
...  
ADK_KO_3.dedup.R2.fastq.gz: OK
å…¨éƒ¨éƒ½æ˜¯OKåˆ™é€šè¿‡æ–‡ä»¶å®Œæ•´æ€§æ ¡éªŒã€‚







========================================
TCGA æ•°æ®åˆ†æå®æˆ˜ â€”â€” TMB ä¸å…ç–«æµ¸æ¶¦è”åˆåˆ†æ
----------------------------------------

è¿‘å¹´æ¥ï¼Œéšç€å…ç–«æ£€æŸ¥ç‚¹æŠ‘åˆ¶å‰‚çš„å…´èµ·ï¼Œå¤§å¤§æ”¹å˜äº†ä¼ ç»Ÿçš„è‚¿ç˜¤æ²»ç–—ç­–ç•¥ï¼Œå°½ç®¡ PD-L1 å’Œ dMMR çš„æ£€æµ‹éƒ½è·å¾—äº† FDA çš„æ‰¹å‡†ï¼Œæé«˜äº†å…ç–«è¯ç‰©çš„å“åº”å’Œè·ç›Šï¼Œä½†å®ƒä»¬éƒ½æœ‰è‡ªèº«çš„ä¸è¶³ã€‚

å„ç§æ£€æµ‹æ–¹æ³•åˆ¤å®šçš„ PD-L1 æ°´å¹³ä¸ä¸€è‡´ç‡è¾ƒé«˜ï¼ŒdMMR åœ¨å„ç§ä¸åŒçš„ç™Œç§ä¸­çš„æºå¸¦æ¯”ä¾‹å·®å¼‚è¾ƒå¤§

è€Œå…ç–«æ²»ç–—çš„æ•ˆæœä¸»è¦æ˜¯å…ç–«ç»†èƒå¯¹ç™Œç»†èƒç‰¹å¼‚æ€§æŠ—åŸçš„è¯†åˆ«ï¼Œé‚£ä¹ˆä»ç†è®ºä¸Šæ¥è¯´ï¼Œé‚£äº›æºå¸¦åŸºå› çªå˜è¶Šå¤šçš„ç™Œç—‡æ‚£è€…ï¼Œç™Œç»†èƒäº§ç”Ÿçš„æ–°æŠ—åŸè¶Šå¤šï¼Œè¢«å…ç–«ç»†èƒè¯†åˆ«çš„å¯èƒ½æ€§æ›´é«˜ã€‚ä¹Ÿå°±æ˜¯è¯´ï¼Œè‚¿ç˜¤ç»„ç»‡çš„çªå˜è´Ÿè·ï¼ˆtumor mutational burdenï¼ŒTMBï¼‰è¶Šé«˜ï¼Œæ‚£è€…æˆ–è®¸èƒ½ä»å…ç–«æ²»ç–—ä¸­è·å¾—æ›´å¤šçš„æ”¶ç›Šã€‚

TMB æ˜¯æŒ‡è‚¿ç˜¤ç»†èƒåŸºå› ç»„ä¸­ï¼ŒåŸºå› çš„å¤–æ˜¾å­ç¼–ç åŒºæ¯å…†ç¢±åŸºä¸­å‘ç”Ÿç½®æ¢å’Œæ’å…¥æˆ–ç¼ºå¤±çªå˜çš„æ€»æ•°ã€‚

æ¥ä¸‹æ¥ï¼Œæˆ‘ä»¬å°±æ¥çœ‹çœ‹ï¼Œå¦‚ä½•ä½¿ç”¨ TCGA ä¸­çš„æ•°æ®æ¥åˆ†æ TMB ä¸å…ç–«æµ¸æ¶¦ä¹‹é—´çš„å…³ç³»









ref
https://zhuanlan.zhihu.com/p/394609586



========================================
----------------------------------------



========================================
----------------------------------------





========================================
----------------------------------------



========================================
----------------------------------------




========================================
----------------------------------------



========================================
----------------------------------------



========================================
----------------------------------------




========================================
----------------------------------------



========================================
----------------------------------------





========================================
----------------------------------------



========================================
----------------------------------------




========================================
----------------------------------------



========================================
----------------------------------------



